04-18 11:40:22.943 I/SharedRPC(11444):   toNotify count: 1
04-18 11:40:22.943 I/SharedRPC(11444):   invoking executor for callId=onekey:bg:res:29
04-18 11:40:22.943 I/BackgroundThread(11444): executor: calling scheduleOnJSThread(isMain=1, workId=175)
04-18 11:40:22.947 D/nativeloader(11569): Load /data/app/~~nmNrNuBFL2aLb4kb73vgZw==/so.onekey.app.wallet-LV-mgcdWVvW0A-tB5hF4XA==/base.apk!/lib/arm64-v8a/libreact_codegen_RNKC.so using class loader ns clns-9 (caller=/data/app/~~nmNrNuBFL2aLb4kb73vgZw==/so.onekey.app.wallet-LV-mgcdWVvW0A-tB5hF4XA==/base.apk!classes3.dex): ok
04-18 11:40:22.947 D/jni_lib_merge(11569): Entering merged library JNI_OnLoad.
04-18 11:40:22.947 D/jni_lib_merge(11569): Preparing 12 pre-merged libs (including stub)
04-18 11:40:22.947 D/jni_lib_merge(11569): Preparing to register libfabricjni_so.  onload_func: 0x7b5a88ed6edc
04-18 11:40:22.947 D/jni_lib_merge(11569): Preparing to register libreact_devsupportjni_so.  onload_func: 0x7b5a88fa7f40
04-18 11:40:22.947 D/jni_lib_merge(11569): Preparing to register libreact_featureflagsjni_so.  onload_func: 0x7b5a88fba9f8
04-18 11:40:22.947 D/jni_lib_merge(11569): Preparing to register libreact_newarchdefaults_so.  onload_func: 0x7b5a88fdfe30
04-18 11:40:22.947 D/jni_lib_merge(11569): Preparing to register libreactnativeblob_so.  onload_func: 0x7b5a890725b0
04-18 11:40:22.947 D/jni_lib_merge(11569): Preparing to register libreactnativejni_so.  onload_func: 0x7b5a8908cb24
04-18 11:40:22.947 D/jni_lib_merge(11569): Preparing to register libreactnativejni_common_so.  onload_func: 0x7b5a89093458
04-18 11:40:22.947 D/jni_lib_merge(11569): Preparing to register librninstance_so.  onload_func: 0x7b5a890af070
04-18 11:40:22.947 D/jni_lib_merge(11569): Preparing to register libturbomodulejsijni_so.  onload_func: 0x7b5a891471a4
04-18 11:40:22.947 D/jni_lib_merge(11569): Preparing to register libuimanagerjni_so.  onload_func: 0x7b5a8914e7e0
04-18 11:40:22.947 D/jni_lib_merge(11569): Preparing to register libyoga_so.  onload_func: 0x7b5a89155da4
04-18 11:40:22.947 D/jni_lib_merge(11569): About to register 11 actual methods.
04-18 11:40:22.951 D/nativeloader(11569): Load /data/app/~~nmNrNuBFL2aLb4kb73vgZw==/so.onekey.app.wallet-LV-mgcdWVvW0A-tB5hF4XA==/base.apk!/lib/arm64-v8a/libreact_codegen_safeareacontext.so using class loader ns clns-9 (caller=/data/app/~~nmNrNuBFL2aLb4kb73vgZw==/so.onekey.app.wallet-LV-mgcdWVvW0A-tB5hF4XA==/base.apk!classes3.dex): ok
04-18 11:40:22.952 D/nativeloader(11569): Load /data/app/~~nmNrNuBFL2aLb4kb73vgZw==/so.onekey.app.wallet-LV-mgcdWVvW0A-tB5hF4XA==/base.apk!/lib/arm64-v8a/libappmodules.so using class loader ns clns-9 (caller=/data/app/~~nmNrNuBFL2aLb4kb73vgZw==/so.onekey.app.wallet-LV-mgcdWVvW0A-tB5hF4XA==/base.apk!classes3.dex): ok
04-18 11:40:22.953 W/OneKeyLog(11569): applicationContext not yet available
04-18 11:40:22.953 I/OneKey/StartupTiming(11569): 11:40:22 | INFO : [StartupTiming] android.app.new_arch_load: 58ms (+74ms from launch)
04-18 11:40:22.953 W/OneKeyLog(11569): applicationContext not yet available
04-18 11:40:22.953 I/OneKey/BootRecovery(11569): 11:40:22 | INFO : [BootRecovery] boot_fail_count: 1 -> 2, shouldShowRecovery: false
04-18 11:40:22.954 W/OneKeyLog(11569): applicationContext not yet available
04-18 11:40:22.954 I/OneKey/App(11569): 11:40:22 | INFO : [App] OneKey started
04-18 11:40:22.954 W/Bundle  (11569): Key BUNDLE_VERSION expected String but value was a java.lang.Integer.  The default value <null> was returned.
04-18 11:40:22.954 W/Bundle  (11569): Attempt to cast generated internal exception:
04-18 11:40:22.954 W/Bundle  (11569): java.lang.ClassCastException: java.lang.Integer cannot be cast to java.lang.String
04-18 11:40:22.954 W/Bundle  (11569): 	at android.os.BaseBundle.getString(BaseBundle.java:1448)
04-18 11:40:22.954 W/Bundle  (11569): 	at android.os.BaseBundle.getString(BaseBundle.java:1467)
04-18 11:40:22.954 W/Bundle  (11569): 	at so.onekey.app.wallet.MainApplication.onCreate(MainApplication.java:298)
04-18 11:40:22.954 W/Bundle  (11569): 	at android.app.Instrumentation.callApplicationOnCreate(Instrumentation.java:1381)
04-18 11:40:22.954 W/Bundle  (11569): 	at android.app.ActivityThread.handleBindApplication(ActivityThread.java:7830)
04-18 11:40:22.954 W/Bundle  (11569): 	at android.app.ActivityThread.-$$Nest$mhandleBindApplication(Unknown Source:0)
04-18 11:40:22.954 W/Bundle  (11569): 	at android.app.ActivityThread$H.handleMessage(ActivityThread.java:2546)
04-18 11:40:22.954 W/Bundle  (11569): 	at android.os.Handler.dispatchMessage(Handler.java:110)
04-18 11:40:22.954 W/Bundle  (11569): 	at android.os.Looper.loopOnce(Looper.java:248)
04-18 11:40:22.954 W/Bundle  (11569): 	at android.os.Looper.loop(Looper.java:338)
04-18 11:40:22.954 W/Bundle  (11569): 	at android.app.ActivityThread.main(ActivityThread.java:9067)
04-18 11:40:22.954 W/Bundle  (11569): 	at java.lang.reflect.Method.invoke(Native Method)
04-18 11:40:22.954 W/Bundle  (11569): 	at com.android.internal.os.RuntimeInit$MethodAndArgsCaller.run(RuntimeInit.java:593)
04-18 11:40:22.954 W/Bundle  (11569): 	at com.android.internal.os.ZygoteInit.main(ZygoteInit.java:932)
04-18 11:40:22.954 W/OneKeyLog(11569): applicationContext not yet available
04-18 11:40:22.954 I/OneKey/App(11569): 11:40:22 | INFO : [App] nativeAppVersion: 1.0.0, buildNumber: 1, builtinBundleVersion: 
04-18 11:40:22.956 W/[RNScreens](11444): backTitleFontFamily prop is not available on Android
04-18 11:40:22.956 W/[RNScreens](11444): disableBackButtonMenu prop is not available on Android
04-18 11:40:22.956 W/[RNScreens](11444): topInsetEnabled prop is not available on Android
04-18 11:40:22.956 W/[RNScreens](11444): backTitleVisible prop is not available on Android
04-18 11:40:22.956 W/[RNScreens](11444): largeTitleHideShadow prop is not available on Android
04-18 11:40:22.956 W/[RNScreens](11444): largeTitleFontWeight prop is not available on Android
04-18 11:40:22.956 W/[RNScreens](11444): userInterfaceStyle prop is not available on Android
04-18 11:40:22.956 W/[RNScreens](11444): largeTitleFontFamily prop is not available on Android
04-18 11:40:22.956 W/OneKeyLog(11569): applicationContext not yet available
04-18 11:40:22.956 I/OneKey/StartupTiming(11569): 11:40:22 | INFO : [StartupTiming] android.app.bg_bootstrap: 2ms
04-18 11:40:22.956 W/OneKeyLog(11569): applicationContext not yet available
04-18 11:40:22.956 I/OneKey/StartupTiming(11569): 11:40:22 | INFO : [StartupTiming] android.app.expo_lifecycle: 0ms
04-18 11:40:22.956 W/[RNScreens](11444): backTitleFontFamily prop is not available on Android
04-18 11:40:22.956 W/[RNScreens](11444): disableBackButtonMenu prop is not available on Android
04-18 11:40:22.956 W/[RNScreens](11444): backTitleVisible prop is not available on Android
04-18 11:40:22.956 W/[RNScreens](11444): topInsetEnabled prop is not available on Android
04-18 11:40:22.956 W/OneKeyLog(11569): applicationContext not yet available
04-18 11:40:22.956 I/OneKey/StartupTiming(11569): 11:40:22 | INFO : [StartupTiming] android.app.jpush_register: 0ms
04-18 11:40:22.956 W/[RNScreens](11444): largeTitleHideShadow prop is not available on Android
04-18 11:40:22.956 W/[RNScreens](11444): largeTitleFontWeight prop is not available on Android
04-18 11:40:22.956 W/[RNScreens](11444): userInterfaceStyle prop is not available on Android
04-18 11:40:22.956 W/[RNScreens](11444): largeTitleFontFamily prop is not available on Android
04-18 11:40:22.956 W/OneKeyLog(11569): applicationContext not yet available
04-18 11:40:22.956 I/OneKey/StartupTiming(11569): 11:40:22 | INFO : [StartupTiming] android.app.on_create.done: 78ms (+78ms from launch)
04-18 11:40:22.956 W/[RNScreens](11444): backTitleFontFamily prop is not available on Android
04-18 11:40:22.956 W/[RNScreens](11444): disableBackButtonMenu prop is not available on Android
04-18 11:40:22.956 W/[RNScreens](11444): backTitleVisible prop is not available on Android
04-18 11:40:22.956 W/[RNScreens](11444): topInsetEnabled prop is not available on Android
04-18 11:40:22.956 W/[RNScreens](11444): largeTitleHideShadow prop is not available on Android
04-18 11:40:22.956 W/[RNScreens](11444): largeTitleFontWeight prop is not available on Android
04-18 11:40:22.956 W/[RNScreens](11444): userInterfaceStyle prop is not available on Android
04-18 11:40:22.956 W/[RNScreens](11444): largeTitleFontFamily prop is not available on Android
04-18 11:40:22.957 W/OneKeyLog(11569): applicationContext not yet available
04-18 11:40:22.957 I/OneKey/StartupProfile.hbc(11569): 11:40:22 | INFO : [StartupProfile.hbc] android.index.android.bundle: io=1ms size=10162976B (prewarm, at +79ms from launch)
04-18 11:40:22.959 D/BackgroundInstallControlService(  656): Package event received: 0
04-18 11:40:22.965 E/JIGUANG-JCore(11569): [CheckManifestHelper] [key-step]errorcode:1008,Invalid appKey : 1, Please get your Appkey from JIGUANG web console!
04-18 11:40:22.966 D/ActionManager(11569): addAction type:JPUSH,action:cn.jpush.android.helper.b
04-18 11:40:22.966 I/resolv  (  441): GetAddrInfoHandler::run: {101 101 101 983141 10233 0}
04-18 11:40:22.967 I/resolv  (  441): res_nmkquery: (QUERY, IN, AAAA)
04-18 11:40:22.967 I/resolv  (  441): res_nmkquery: (QUERY, IN, A)
04-18 11:40:22.967 I/resolv  (  441): resolv_cache_lookup: FOUND IN CACHE entry=0xb40077a902048f10
04-18 11:40:22.967 I/resolv  (  441): doQuery: rcode=0, ancount=1, return value=49
04-18 11:40:22.968 I/resolv  (  441): res_nsend: used send_dg 33 terrno: 0
04-18 11:40:22.968 I/resolv  (  441): doQuery: rcode=0, ancount=0, return value=33
04-18 11:40:22.968 E/JIGUANG-JCore(11569): [CheckManifestHelper] [key-step]errorcode:1008,Invalid appKey : 1, Please get your Appkey from JIGUANG web console!
04-18 11:40:22.969 E/JIGUANG-JCore(11569): [CheckManifestHelper] [key-step]errorcode:1008,Invalid appKey : 1, Please get your Appkey from JIGUANG web console!
04-18 11:40:22.969 E/JIGUANG-JCore(11569): [CheckManifestHelper] [key-step]errorcode:1008,Invalid appKey : 1, Please get your Appkey from JIGUANG web console!
04-18 11:40:22.969 E/JIGUANG-JCore(11569): [CheckManifestHelper] [key-step]errorcode:1008,Invalid appKey : 1, Please get your Appkey from JIGUANG web console!
04-18 11:40:22.970 E/JIGUANG-JCore(11569): [CheckManifestHelper] [key-step]errorcode:1008,Invalid appKey : 1, Please get your Appkey from JIGUANG web console!
04-18 11:40:22.975 W/unknown:BridgelessReact(11444): ReactHost{0}.registerSegment(segmentId = "3135", path = "/data/user/0/so.onekey.app.wallet/files/onekey-builtin-segments/1.0.0/segments/kit.views.Onboarding.pages.GetStarted.GetStarted.seg.hbc"): Schedule
04-18 11:40:22.975 W/unknown:BridgelessReact(11444): ReactHost{0}.registerSegment(segmentId = "3135", path = "/data/user/0/so.onekey.app.wallet/files/onekey-builtin-segments/1.0.0/segments/kit.views.Onboarding.pages.GetStarted.GetStarted.seg.hbc"): Execute
04-18 11:40:22.976 I/SharedRPC(11444): notifyOtherRuntime: callId=onekey:bg:req:32, listeners=2, callerRt=0xb4007b5c7b8f4cd0
04-18 11:40:22.976 I/SharedRPC(11444):   listener: id=main, rt=0xb4007b5c7b8f4cd0, hasCallback=1
04-18 11:40:22.976 I/SharedRPC(11444):   listener: id=background, rt=0xb4007b5c7b8f98f0, hasCallback=1
04-18 11:40:22.976 I/SharedRPC(11444):   toNotify count: 1
04-18 11:40:22.976 I/SharedRPC(11444):   invoking executor for callId=onekey:bg:req:32
04-18 11:40:22.976 I/BackgroundThread(11444): executor: calling scheduleOnJSThread(isMain=0, workId=176)
04-18 11:40:22.976 I/BackgroundThread(11444): nativeExecuteWork: runtimePtr=-5476241509742307088, workId=176
04-18 11:40:22.977 I/SharedRPC(11444):   executor work running for callId=onekey:bg:req:32
04-18 11:40:22.977 I/BackgroundThread(11444): nativeExecuteWork: runtimePtr=-5476241509742326576, workId=174
04-18 11:40:22.977 I/SharedRPC(11444):   executor work running for callId=onekey:bg:res:30
04-18 11:40:22.977 I/SharedRPC(11444):   cb->call succeeded for callId=onekey:bg:res:30
04-18 11:40:22.978 I/SharedRPC(11444):   cb->call succeeded for callId=onekey:bg:req:32
04-18 11:40:22.979 I/SharedRPC(11444): notifyOtherRuntime: callId=onekey:bg:req:33, listeners=2, callerRt=0xb4007b5c7b8f4cd0
04-18 11:40:22.979 I/SharedRPC(11444):   listener: id=main, rt=0xb4007b5c7b8f4cd0, hasCallback=1
04-18 11:40:22.979 I/SharedRPC(11444):   listener: id=background, rt=0xb4007b5c7b8f98f0, hasCallback=1
04-18 11:40:22.979 I/SharedRPC(11444):   toNotify count: 1
04-18 11:40:22.979 I/SharedRPC(11444):   invoking executor for callId=onekey:bg:req:33
04-18 11:40:22.979 I/BackgroundThread(11444): executor: calling scheduleOnJSThread(isMain=0, workId=177)
04-18 11:40:22.980 I/SharedRPC(11444): notifyOtherRuntime: callId=onekey:bg:jotai:63, listeners=2, callerRt=0xb4007b5c7b8f98f0
04-18 11:40:22.980 I/SharedRPC(11444):   listener: id=main, rt=0xb4007b5c7b8f4cd0, hasCallback=1
04-18 11:40:22.980 I/SharedRPC(11444):   listener: id=background, rt=0xb4007b5c7b8f98f0, hasCallback=1
04-18 11:40:22.980 I/SharedRPC(11444):   toNotify count: 1
04-18 11:40:22.980 I/SharedRPC(11444):   invoking executor for callId=onekey:bg:jotai:63
04-18 11:40:22.980 I/BackgroundThread(11444): executor: calling scheduleOnJSThread(isMain=1, workId=178)
04-18 11:40:22.981 E/JIGUANG-JCore(11569): [CheckManifestHelper] [key-step]errorcode:1008,Invalid appKey : 1, Please get your Appkey from JIGUANG web console!
04-18 11:40:22.982 E/JIGUANG-JCore(11569): [CheckManifestHelper] [key-step]errorcode:1008,Invalid appKey : 1, Please get your Appkey from JIGUANG web console!
04-18 11:40:22.982 E/JIGUANG-JCore(11569): [CheckManifestHelper] [key-step]errorcode:1008,Invalid appKey : 1, Please get your Appkey from JIGUANG web console!
04-18 11:40:22.982 E/JIGUANG-JCore(11569): [CheckManifestHelper] [key-step]errorcode:1008,Invalid appKey : 1, Please get your Appkey from JIGUANG web console!
04-18 11:40:22.982 I/SharedRPC(11444): notifyOtherRuntime: callId=onekey:bg:res:32, listeners=2, callerRt=0xb4007b5c7b8f98f0
04-18 11:40:22.982 E/JIGUANG-JCore(11569): [CheckManifestHelper] [key-step]errorcode:1008,Invalid appKey : 1, Please get your Appkey from JIGUANG web console!
04-18 11:40:22.983 I/SharedRPC(11444):   listener: id=main, rt=0xb4007b5c7b8f4cd0, hasCallback=1
04-18 11:40:22.983 I/SharedRPC(11444):   listener: id=background, rt=0xb4007b5c7b8f98f0, hasCallback=1
04-18 11:40:22.983 I/SharedRPC(11444):   toNotify count: 1
04-18 11:40:22.983 I/SharedRPC(11444):   invoking executor for callId=onekey:bg:res:32
04-18 11:40:22.983 I/BackgroundThread(11444): executor: calling scheduleOnJSThread(isMain=1, workId=179)
04-18 11:40:22.983 I/BackgroundThread(11444): nativeExecuteWork: runtimePtr=-5476241509742307088, workId=177
04-18 11:40:22.983 I/SharedRPC(11444):   executor work running for callId=onekey:bg:req:33
04-18 11:40:22.984 W/unknown:BridgelessReact(11444): ReactHost{0}.registerSegment(segmentId = "3158", path = "/data/user/0/so.onekey.app.wallet/files/onekey-builtin-segments/1.0.0/segments/kit.views.Onboardingv2.pages.GetStarted.seg.hbc"): Schedule
04-18 11:40:22.984 W/unknown:BridgelessReact(11444): ReactHost{0}.registerSegment(segmentId = "3158", path = "/data/user/0/so.onekey.app.wallet/files/onekey-builtin-segments/1.0.0/segments/kit.views.Onboardingv2.pages.GetStarted.seg.hbc"): Execute
04-18 11:40:22.984 I/SharedRPC(11444):   cb->call succeeded for callId=onekey:bg:req:33
04-18 11:40:22.984 I/SharedRPC(11444): notifyOtherRuntime: callId=onekey:bg:res:33, listeners=2, callerRt=0xb4007b5c7b8f98f0
04-18 11:40:22.984 I/SharedRPC(11444):   listener: id=main, rt=0xb4007b5c7b8f4cd0, hasCallback=1
04-18 11:40:22.984 I/SharedRPC(11444):   listener: id=background, rt=0xb4007b5c7b8f98f0, hasCallback=1
04-18 11:40:22.984 I/SharedRPC(11444):   toNotify count: 1
04-18 11:40:22.984 I/SharedRPC(11444):   invoking executor for callId=onekey:bg:res:33
04-18 11:40:22.984 I/BackgroundThread(11444): executor: calling scheduleOnJSThread(isMain=1, workId=180)
04-18 11:40:23.005 E/JIGUANG-JCore(11569): [CheckManifestHelper] [key-step]errorcode:1008,Invalid appKey : 1, Please get your Appkey from JIGUANG web console!
04-18 11:40:23.013 D/ConnectivityService(  656): requestNetwork for uid/pid:10233/11444 activeRequest: null callbackRequest: 226 [NetworkRequest [ REQUEST id=227, [ Capabilities: INTERNET&NOT_RESTRICTED&TRUSTED&NOT_VCN_MANAGED&NOT_BANDWIDTH_CONSTRAINED Uid: 10233 RequestorUid: 10233 RequestorPkg: so.onekey.app.wallet UnderlyingNetworks: Null] ]] callback flags: 0 order: 2147483647 isUidTracked: false declaredMethods: AVAIL|LOST
04-18 11:40:23.013 D/WifiNetworkFactory(  656): got request NetworkRequest [ REQUEST id=227, [ Capabilities: INTERNET&NOT_RESTRICTED&TRUSTED&NOT_VCN_MANAGED&NOT_BANDWIDTH_CONSTRAINED Uid: 10233 RequestorUid: 10233 RequestorPkg: so.onekey.app.wallet UnderlyingNetworks: Null] ]
04-18 11:40:23.013 V/WifiNetworkFactory(  656): Accepted network request NetworkRequest [ REQUEST id=227, [ Capabilities: INTERNET&NOT_RESTRICTED&TRUSTED&NOT_VCN_MANAGED&NOT_BANDWIDTH_CONSTRAINED Uid: 10233 RequestorUid: 10233 RequestorPkg: so.onekey.app.wallet UnderlyingNetworks: Null] ]
04-18 11:40:23.013 D/UntrustedWifiNetworkFactory(  656): got request NetworkRequest [ REQUEST id=227, [ Capabilities: INTERNET&NOT_RESTRICTED&TRUSTED&NOT_VCN_MANAGED&NOT_BANDWIDTH_CONSTRAINED Uid: 10233 RequestorUid: 10233 RequestorPkg: so.onekey.app.wallet UnderlyingNetworks: Null] ]
04-18 11:40:23.013 D/OemPaidWifiNetworkFactory(  656): got request NetworkRequest [ REQUEST id=227, [ Capabilities: INTERNET&NOT_RESTRICTED&TRUSTED&NOT_VCN_MANAGED&NOT_BANDWIDTH_CONSTRAINED Uid: 10233 RequestorUid: 10233 RequestorPkg: so.onekey.app.wallet UnderlyingNetworks: Null] ]
04-18 11:40:23.013 D/MultiInternetWifiNetworkFactory(  656): got request NetworkRequest [ REQUEST id=227, [ Capabilities: INTERNET&NOT_RESTRICTED&TRUSTED&NOT_VCN_MANAGED&NOT_BANDWIDTH_CONSTRAINED Uid: 10233 RequestorUid: 10233 RequestorPkg: so.onekey.app.wallet UnderlyingNetworks: Null] ]
04-18 11:40:23.013 D/ConnectivityService(  656): NetReassign [227 : null → 101] [c 0] [a 0] [i 0]
04-18 11:40:23.015 I/SharedRPC(11444): notifyOtherRuntime: callId=onekey:bg:req:34, listeners=2, callerRt=0xb4007b5c7b8f4cd0
04-18 11:40:23.015 I/SharedRPC(11444):   listener: id=main, rt=0xb4007b5c7b8f4cd0, hasCallback=1
04-18 11:40:23.015 I/SharedRPC(11444):   listener: id=background, rt=0xb4007b5c7b8f98f0, hasCallback=1
04-18 11:40:23.015 I/SharedRPC(11444):   toNotify count: 1
04-18 11:40:23.015 I/SharedRPC(11444):   invoking executor for callId=onekey:bg:req:34
04-18 11:40:23.015 I/BackgroundThread(11444): executor: calling scheduleOnJSThread(isMain=0, workId=181)
04-18 11:40:23.016 I/BackgroundThread(11444): nativeExecuteWork: runtimePtr=-5476241509742307088, workId=181
04-18 11:40:23.016 I/SharedRPC(11444):   executor work running for callId=onekey:bg:req:34
04-18 11:40:23.016 I/SharedRPC(11444):   cb->call succeeded for callId=onekey:bg:req:34
04-18 11:40:23.016 I/SharedRPC(11444): notifyOtherRuntime: callId=onekey:bg:jotai:64, listeners=2, callerRt=0xb4007b5c7b8f98f0
04-18 11:40:23.016 I/SharedRPC(11444):   listener: id=main, rt=0xb4007b5c7b8f4cd0, hasCallback=1
04-18 11:40:23.016 I/SharedRPC(11444):   listener: id=background, rt=0xb4007b5c7b8f98f0, hasCallback=1
04-18 11:40:23.016 I/SharedRPC(11444):   toNotify count: 1
04-18 11:40:23.016 I/SharedRPC(11444):   invoking executor for callId=onekey:bg:jotai:64
04-18 11:40:23.016 I/BackgroundThread(11444): executor: calling scheduleOnJSThread(isMain=1, workId=182)
04-18 11:40:23.016 I/SharedRPC(11444): notifyOtherRuntime: callId=onekey:bg:res:34, listeners=2, callerRt=0xb4007b5c7b8f98f0
04-18 11:40:23.016 I/SharedRPC(11444):   listener: id=main, rt=0xb4007b5c7b8f4cd0, hasCallback=1
04-18 11:40:23.016 I/SharedRPC(11444):   listener: id=background, rt=0xb4007b5c7b8f98f0, hasCallback=1
04-18 11:40:23.016 I/SharedRPC(11444):   toNotify count: 1
04-18 11:40:23.016 I/SharedRPC(11444):   invoking executor for callId=onekey:bg:res:34
04-18 11:40:23.016 I/BackgroundThread(11444): executor: calling scheduleOnJSThread(isMain=1, workId=183)
04-18 11:40:23.016 W/unknown:BridgelessReact(11444): ReactHost{0}.registerSegment(segmentId = "1495", path = "/data/user/0/so.onekey.app.wallet/files/onekey-builtin-segments/1.0.0/segments/components.primitives.Icon.react.outline.CrossedLarge.seg.hbc"): Schedule
04-18 11:40:23.016 W/unknown:BridgelessReact(11444): ReactHost{0}.registerSegment(segmentId = "1495", path = "/data/user/0/so.onekey.app.wallet/files/onekey-builtin-segments/1.0.0/segments/components.primitives.Icon.react.outline.CrossedLarge.seg.hbc"): Execute
04-18 11:40:23.017 W/unknown:BridgelessReact(11444): ReactHost{0}.registerSegment(segmentId = "1634", path = "/data/user/0/so.onekey.app.wallet/files/onekey-builtin-segments/1.0.0/segments/components.primitives.Icon.react.outline.Globus.seg.hbc"): Schedule
04-18 11:40:23.017 W/unknown:BridgelessReact(11444): ReactHost{0}.registerSegment(segmentId = "1634", path = "/data/user/0/so.onekey.app.wallet/files/onekey-builtin-segments/1.0.0/segments/components.primitives.Icon.react.outline.Globus.seg.hbc"): Execute
04-18 11:40:23.017 W/unknown:BridgelessReact(11444): ReactHost{0}.registerSegment(segmentId = "1142", path = "/data/user/0/so.onekey.app.wallet/files/onekey-builtin-segments/1.0.0/segments/components.primitives.Icon.react.illus.OpCircle.seg.hbc"): Schedule
04-18 11:40:23.017 W/unknown:BridgelessReact(11444): ReactHost{0}.registerSegment(segmentId = "1142", path = "/data/user/0/so.onekey.app.wallet/files/onekey-builtin-segments/1.0.0/segments/components.primitives.Icon.react.illus.OpCircle.seg.hbc"): Execute
04-18 11:40:23.017 W/unknown:BridgelessReact(11444): ReactHost{0}.registerSegment(segmentId = "1071", path = "/data/user/0/so.onekey.app.wallet/files/onekey-builtin-segments/1.0.0/segments/components.primitives.Icon.react.illus.BtcCircle.seg.hbc"): Schedule
04-18 11:40:23.017 W/unknown:BridgelessReact(11444): ReactHost{0}.registerSegment(segmentId = "1071", path = "/data/user/0/so.onekey.app.wallet/files/onekey-builtin-segments/1.0.0/segments/components.primitives.Icon.react.illus.BtcCircle.seg.hbc"): Execute
04-18 11:40:23.018 W/unknown:BridgelessReact(11444): ReactHost{0}.registerSegment(segmentId = "1173", path = "/data/user/0/so.onekey.app.wallet/files/onekey-builtin-segments/1.0.0/segments/components.primitives.Icon.react.illus.TrxCircle.seg.hbc"): Schedule
04-18 11:40:23.018 W/unknown:BridgelessReact(11444): ReactHost{0}.registerSegment(segmentId = "1173", path = "/data/user/0/so.onekey.app.wallet/files/onekey-builtin-segments/1.0.0/segments/components.primitives.Icon.react.illus.TrxCircle.seg.hbc"): Execute
04-18 11:40:23.018 W/unknown:BridgelessReact(11444): ReactHost{0}.registerSegment(segmentId = "1170", path = "/data/user/0/so.onekey.app.wallet/files/onekey-builtin-segments/1.0.0/segments/components.primitives.Icon.react.illus.SuiCircle.seg.hbc"): Schedule
04-18 11:40:23.018 W/unknown:BridgelessReact(11444): ReactHost{0}.registerSegment(segmentId = "1170", path = "/data/user/0/so.onekey.app.wallet/files/onekey-builtin-segments/1.0.0/segments/components.primitives.Icon.react.illus.SuiCircle.seg.hbc"): Execute
04-18 11:40:23.018 W/unknown:BridgelessReact(11444): ReactHost{0}.registerSegment(segmentId = "1165", path = "/data/user/0/so.onekey.app.wallet/files/onekey-builtin-segments/1.0.0/segments/components.primitives.Icon.react.illus.SolCircle.seg.hbc"): Schedule
04-18 11:40:23.018 W/unknown:BridgelessReact(11444): ReactHost{0}.registerSegment(segmentId = "1165", path = "/data/user/0/so.onekey.app.wallet/files/onekey-builtin-segments/1.0.0/segments/components.primitives.Icon.react.illus.SolCircle.seg.hbc"): Execute
04-18 11:40:23.018 W/unknown:BridgelessReact(11444): ReactHost{0}.registerSegment(segmentId = "1046", path = "/data/user/0/so.onekey.app.wallet/files/onekey-builtin-segments/1.0.0/segments/components.primitives.Icon.react.illus.ArbCircle.seg.hbc"): Schedule
04-18 11:40:23.018 W/unknown:BridgelessReact(11444): ReactHost{0}.registerSegment(segmentId = "1046", path = "/data/user/0/so.onekey.app.wallet/files/onekey-builtin-segments/1.0.0/segments/components.primitives.Icon.react.illus.ArbCircle.seg.hbc"): Execute
04-18 11:40:23.018 W/unknown:BridgelessReact(11444): ReactHost{0}.registerSegment(segmentId = "1093", path = "/data/user/0/so.onekey.app.wallet/files/onekey-builtin-segments/1.0.0/segments/components.primitives.Icon.react.illus.EthCircle.seg.hbc"): Schedule
04-18 11:40:23.018 W/unknown:BridgelessReact(11444): ReactHost{0}.registerSegment(segmentId = "1093", path = "/data/user/0/so.onekey.app.wallet/files/onekey-builtin-segments/1.0.0/segments/components.primitives.Icon.react.illus.EthCircle.seg.hbc"): Execute
04-18 11:40:23.019 W/unknown:BridgelessReact(11444): ReactHost{0}.registerSegment(segmentId = "1123", path = "/data/user/0/so.onekey.app.wallet/files/onekey-builtin-segments/1.0.0/segments/components.primitives.Icon.react.illus.MaticCircle.seg.hbc"): Schedule
04-18 11:40:23.019 W/unknown:BridgelessReact(11444): ReactHost{0}.registerSegment(segmentId = "1123", path = "/data/user/0/so.onekey.app.wallet/files/onekey-builtin-segments/1.0.0/segments/components.primitives.Icon.react.illus.MaticCircle.seg.hbc"): Execute
04-18 11:40:23.019 W/unknown:BridgelessReact(11444): ReactHost{0}.registerSegment(segmentId = "1064", path = "/data/user/0/so.onekey.app.wallet/files/onekey-builtin-segments/1.0.0/segments/components.primitives.Icon.react.illus.BnbCircle.seg.hbc"): Schedule
04-18 11:40:23.019 W/unknown:BridgelessReact(11444): ReactHost{0}.registerSegment(segmentId = "1064", path = "/data/user/0/so.onekey.app.wallet/files/onekey-builtin-segments/1.0.0/segments/components.primitives.Icon.react.illus.BnbCircle.seg.hbc"): Execute
04-18 11:40:23.024 W/unknown:BridgelessReact(11444): ReactHost{0}.registerSegment(segmentId = "1105", path = "/data/user/0/so.onekey.app.wallet/files/onekey-builtin-segments/1.0.0/segments/components.primitives.Icon.react.illus.Google.seg.hbc"): Schedule
04-18 11:40:23.024 W/unknown:BridgelessReact(11444): ReactHost{0}.registerSegment(segmentId = "1105", path = "/data/user/0/so.onekey.app.wallet/files/onekey-builtin-segments/1.0.0/segments/components.primitives.Icon.react.illus.Google.seg.hbc"): Execute
04-18 11:40:23.024 W/unknown:BridgelessReact(11444): ReactHost{0}.registerSegment(segmentId = "1000", path = "/data/user/0/so.onekey.app.wallet/files/onekey-builtin-segments/1.0.0/segments/components.primitives.Icon.react.brand.Apple.seg.hbc"): Schedule
04-18 11:40:23.025 W/unknown:BridgelessReact(11444): ReactHost{0}.registerSegment(segmentId = "1000", path = "/data/user/0/so.onekey.app.wallet/files/onekey-builtin-segments/1.0.0/segments/components.primitives.Icon.react.brand.Apple.seg.hbc"): Execute
04-18 11:40:23.034 W/Paint   (11444): The elegant text height cannot be turned off.
04-18 11:40:23.035 W/Paint   (11444): The elegant text height cannot be turned off.
04-18 11:40:23.035 W/Paint   (11444): The elegant text height cannot be turned off.
04-18 11:40:23.035 W/Paint   (11444): The elegant text height cannot be turned off.
04-18 11:40:23.036 W/Paint   (11444): The elegant text height cannot be turned off.
04-18 11:40:23.058 D/nativeloader(11444): Load /data/app/~~nmNrNuBFL2aLb4kb73vgZw==/so.onekey.app.wallet-LV-mgcdWVvW0A-tB5hF4XA==/base.apk!/lib/arm64-v8a/libavif_android.so using class loader ns clns-9 (caller=/data/app/~~nmNrNuBFL2aLb4kb73vgZw==/so.onekey.app.wallet-LV-mgcdWVvW0A-tB5hF4XA==/base.apk!classes6.dex): ok
04-18 11:40:23.061 W/HWUI    (11444): Image decoding logging dropped!
04-18 11:40:23.062 W/HWUI    (11444): Image decoding logging dropped!
04-18 11:40:23.064 I/GoogleInputMethodService( 1475): GoogleInputMethodService.onFinishInput():2043 
04-18 11:40:23.065 I/Module  ( 1475): DeviceLockedStatusModuleProvider$Module.updateDeviceLockedStatus():100 repeatCheckTimes = 0, locked = false
04-18 11:40:23.065 I/GoogleInputMethodService( 1475): GoogleInputMethodService.onStartInput():1293 onStartInput(EditorInfo{EditorInfo{packageName=so.onekey.app.wallet, inputType=0, inputTypeString=NULL, enableLearning=false, autoCorrection=false, autoComplete=false, imeOptions=0, privateImeOptions=null, actionName=UNSPECIFIED, actionLabel=null, initialSelStart=-1, initialSelEnd=-1, initialCapsMode=0, label=null, fieldId=0, fieldName=null, extras=null, hintText=null, hintLocales=[]}}, false)
04-18 11:40:23.065 I/EmojiCompatManager( 1475): EmojiCompatManager.getEmojiCompatIfLoaded():343 EmojiCompat.init() was never called.
04-18 11:40:23.065 I/EmojiCompatManager( 1475): java.lang.IllegalStateException: EmojiCompat is not initialized. Please call EmojiCompat.init() first
04-18 11:40:23.065 I/EmojiCompatManager( 1475): 	at asx.p(PG:6)
04-18 11:40:23.065 I/EmojiCompatManager( 1475): 	at axb.b(PG:13)
04-18 11:40:23.065 I/EmojiCompatManager( 1475): 	at jnr.b(PG:2)
04-18 11:40:23.065 I/EmojiCompatManager( 1475): 	at jnr.c(PG:4)
04-18 11:40:23.065 I/EmojiCompatManager( 1475): 	at jnr.f(PG:3)
04-18 11:40:23.065 I/EmojiCompatManager( 1475): 	at jnx.c(PG:3)
04-18 11:40:23.065 I/EmojiCompatManager( 1475): 	at kif.cz(PG:47)
04-18 11:40:23.065 I/EmojiCompatManager( 1475): 	at lhl.run(PG:1025)
04-18 11:40:23.065 I/EmojiCompatManager( 1475): 	at jaf.execute(PG:12)
04-18 11:40:23.065 I/EmojiCompatManager( 1475): 	at nco.v(PG:13)
04-18 11:40:23.065 I/EmojiCompatManager( 1475): 	at lhn.m(PG:96)
04-18 11:40:23.065 I/EmojiCompatManager( 1475): 	at lhn.k(PG:25)
04-18 11:40:23.065 I/EmojiCompatManager( 1475): 	at kgn.onStartInput(PG:250)
04-18 11:40:23.065 I/EmojiCompatManager( 1475): 	at android.inputmethodservice.InputMethodService.doStartInput(InputMethodService.java:3521)
04-18 11:40:23.065 I/EmojiCompatManager( 1475): 	at android.inputmethodservice.InputMethodService$InputMethodImpl.startInput(InputMethodService.java:879)
04-18 11:40:23.065 I/EmojiCompatManager( 1475): 	at android.inputmethodservice.InputMethodService$InputMethodImpl.dispatchStartInput(InputMethodService.java:908)
04-18 11:40:23.065 I/EmojiCompatManager( 1475): 	at android.inputmethodservice.IInputMethodWrapper.executeMessage(IInputMethodWrapper.java:201)
04-18 11:40:23.065 I/EmojiCompatManager( 1475): 	at com.android.internal.os.HandlerCaller$MyHandler.handleMessage(HandlerCaller.java:44)
04-18 11:40:23.065 I/EmojiCompatManager( 1475): 	at android.os.Handler.dispatchMessage(Handler.java:110)
04-18 11:40:23.065 I/EmojiCompatManager( 1475): 	at android.os.Looper.loopOnce(Looper.java:248)
04-18 11:40:23.065 I/EmojiCompatManager( 1475): 	at android.os.Looper.loop(Looper.java:338)
04-18 11:40:23.065 I/EmojiCompatManager( 1475): 	at android.app.ActivityThread.main(ActivityThread.java:9067)
04-18 11:40:23.065 I/EmojiCompatManager( 1475): 	at java.lang.reflect.Method.invoke(Native Method)
04-18 11:40:23.065 I/EmojiCompatManager( 1475): 	at com.android.internal.os.RuntimeInit$MethodAndArgsCaller.run(RuntimeInit.java:593)
04-18 11:40:23.065 I/EmojiCompatManager( 1475): 	at com.android.internal.os.ZygoteInit.main(ZygoteInit.java:932)
04-18 11:40:23.065 I/Module  ( 1475): DeviceLockedStatusModuleProvider$Module.updateDeviceLockedStatus():100 repeatCheckTimes = 1, locked = false
04-18 11:40:23.065 W/PackageConfigPersister(  656): App-specific configuration not found for packageName: so.onekey.app.wallet and userId: 0
04-18 11:40:23.067 I/BackgroundThread(11444): executor: calling scheduleOnJSThread(isMain=0, workId=184)
04-18 11:40:23.067 I/BackgroundThread(11444): executor: calling scheduleOnJSThread(isMain=0, workId=185)
04-18 11:40:23.067 I/BackgroundThread(11444): executor: calling scheduleOnJSThread(isMain=0, workId=186)
04-18 11:40:23.067 I/BackgroundThread(11444): executor: calling scheduleOnJSThread(isMain=0, workId=187)
04-18 11:40:23.067 I/BackgroundThread(11444): executor: calling scheduleOnJSThread(isMain=0, workId=188)
04-18 11:40:23.067 I/BackgroundThread(11444): executor: calling scheduleOnJSThread(isMain=0, workId=189)
04-18 11:40:23.067 I/BackgroundThread(11444): executor: calling scheduleOnJSThread(isMain=0, workId=190)
04-18 11:40:23.068 I/BackgroundThread(11444): nativeExecuteWork: runtimePtr=-5476241509742307088, workId=184
04-18 11:40:23.068 I/BackgroundThread(11444): nativeExecuteWork: runtimePtr=-5476241509742307088, workId=185
04-18 11:40:23.068 I/BackgroundThread(11444): nativeExecuteWork: runtimePtr=-5476241509742307088, workId=186
04-18 11:40:23.068 I/BackgroundThread(11444): nativeExecuteWork: runtimePtr=-5476241509742307088, workId=187
04-18 11:40:23.068 I/BackgroundThread(11444): nativeExecuteWork: runtimePtr=-5476241509742307088, workId=188
04-18 11:40:23.069 I/BackgroundThread(11444): nativeExecuteWork: runtimePtr=-5476241509742307088, workId=189
04-18 11:40:23.069 I/BackgroundThread(11444): nativeExecuteWork: runtimePtr=-5476241509742307088, workId=190
04-18 11:40:23.079 I/SharedRPC(11444): notifyOtherRuntime: callId=onekey:bg:req:35, listeners=2, callerRt=0xb4007b5c7b8f4cd0
04-18 11:40:23.079 I/SharedRPC(11444):   listener: id=main, rt=0xb4007b5c7b8f4cd0, hasCallback=1
04-18 11:40:23.079 I/SharedRPC(11444):   listener: id=background, rt=0xb4007b5c7b8f98f0, hasCallback=1
04-18 11:40:23.079 I/SharedRPC(11444):   toNotify count: 1
04-18 11:40:23.079 I/SharedRPC(11444):   invoking executor for callId=onekey:bg:req:35
04-18 11:40:23.079 I/BackgroundThread(11444): executor: calling scheduleOnJSThread(isMain=0, workId=191)
04-18 11:40:23.079 I/BackgroundThread(11444): nativeExecuteWork: runtimePtr=-5476241509742307088, workId=191
04-18 11:40:23.079 I/SharedRPC(11444):   executor work running for callId=onekey:bg:req:35
04-18 11:40:23.080 D/Glide   (11444): Finished loading BitmapDrawable from LOCAL for android.resource://so.onekey.app.wallet/2131230869 with size [63x63] in 40.628625 ms
04-18 11:40:23.081 D/Glide   (11444): Finished loading BitmapDrawable from LOCAL for android.resource://so.onekey.app.wallet/2131230801 with size [152x152] in 41.432832999999995 ms
04-18 11:40:23.081 I/SharedRPC(11444):   cb->call succeeded for callId=onekey:bg:req:35
04-18 11:40:23.081 I/SharedRPC(11444): notifyOtherRuntime: callId=onekey:bg:res:35, listeners=2, callerRt=0xb4007b5c7b8f98f0
04-18 11:40:23.081 I/SharedRPC(11444):   listener: id=main, rt=0xb4007b5c7b8f4cd0, hasCallback=1
04-18 11:40:23.081 I/SharedRPC(11444):   listener: id=background, rt=0xb4007b5c7b8f98f0, hasCallback=1
04-18 11:40:23.081 I/SharedRPC(11444):   toNotify count: 1
04-18 11:40:23.081 I/SharedRPC(11444):   invoking executor for callId=onekey:bg:res:35
04-18 11:40:23.081 I/BackgroundThread(11444): executor: calling scheduleOnJSThread(isMain=1, workId=192)
04-18 11:40:23.085 I/BackgroundThread(11444): nativeExecuteWork: runtimePtr=-5476241509742326576, workId=175
04-18 11:40:23.085 I/SharedRPC(11444):   executor work running for callId=onekey:bg:res:29
04-18 11:40:23.085 I/SharedRPC(11444):   cb->call succeeded for callId=onekey:bg:res:29
04-18 11:40:23.085 I/SharedRPC(11444): notifyOtherRuntime: callId=onekey:bg:req:36, listeners=2, callerRt=0xb4007b5c7b8f4cd0
04-18 11:40:23.085 I/SharedRPC(11444):   listener: id=main, rt=0xb4007b5c7b8f4cd0, hasCallback=1
04-18 11:40:23.085 I/SharedRPC(11444):   listener: id=background, rt=0xb4007b5c7b8f98f0, hasCallback=1
04-18 11:40:23.085 I/SharedRPC(11444):   toNotify count: 1
04-18 11:40:23.085 I/SharedRPC(11444):   invoking executor for callId=onekey:bg:req:36
04-18 11:40:23.085 I/BackgroundThread(11444): executor: calling scheduleOnJSThread(isMain=0, workId=193)
04-18 11:40:23.086 I/BackgroundThread(11444): nativeExecuteWork: runtimePtr=-5476241509742307088, workId=193
04-18 11:40:23.086 I/SharedRPC(11444):   executor work running for callId=onekey:bg:req:36
04-18 11:40:23.086 I/SharedRPC(11444):   cb->call succeeded for callId=onekey:bg:req:36
04-18 11:40:23.086 I/SharedRPC(11444): notifyOtherRuntime: callId=onekey:bg:res:36, listeners=2, callerRt=0xb4007b5c7b8f98f0
04-18 11:40:23.086 I/SharedRPC(11444):   listener: id=main, rt=0xb4007b5c7b8f4cd0, hasCallback=1
04-18 11:40:23.086 I/SharedRPC(11444):   listener: id=background, rt=0xb4007b5c7b8f98f0, hasCallback=1
04-18 11:40:23.086 I/SharedRPC(11444):   toNotify count: 1
04-18 11:40:23.086 I/SharedRPC(11444):   invoking executor for callId=onekey:bg:res:36
04-18 11:40:23.086 I/BackgroundThread(11444): executor: calling scheduleOnJSThread(isMain=1, workId=194)
04-18 11:40:23.086 I/BackgroundThread(11444): nativeExecuteWork: runtimePtr=-5476241509742326576, workId=178
04-18 11:40:23.086 I/SharedRPC(11444):   executor work running for callId=onekey:bg:jotai:63
04-18 11:40:23.086 I/SharedRPC(11444):   cb->call succeeded for callId=onekey:bg:jotai:63
04-18 11:40:23.086 I/BackgroundThread(11444): nativeExecuteWork: runtimePtr=-5476241509742326576, workId=179
04-18 11:40:23.086 I/SharedRPC(11444):   executor work running for callId=onekey:bg:res:32
04-18 11:40:23.086 I/SharedRPC(11444):   cb->call succeeded for callId=onekey:bg:res:32
04-18 11:40:23.086 I/BackgroundThread(11444): nativeExecuteWork: runtimePtr=-5476241509742326576, workId=180
04-18 11:40:23.087 I/SharedRPC(11444):   executor work running for callId=onekey:bg:res:33
04-18 11:40:23.088 I/SharedRPC(11444):   cb->call succeeded for callId=onekey:bg:res:33
04-18 11:40:23.088 I/BackgroundThread(11444): nativeExecuteWork: runtimePtr=-5476241509742326576, workId=182
04-18 11:40:23.088 I/SharedRPC(11444):   executor work running for callId=onekey:bg:jotai:64
04-18 11:40:23.088 I/SharedRPC(11444):   cb->call succeeded for callId=onekey:bg:jotai:64
04-18 11:40:23.088 I/BackgroundThread(11444): nativeExecuteWork: runtimePtr=-5476241509742326576, workId=183
04-18 11:40:23.088 I/SharedRPC(11444):   executor work running for callId=onekey:bg:res:34
04-18 11:40:23.088 I/SharedRPC(11444):   cb->call succeeded for callId=onekey:bg:res:34
04-18 11:40:23.088 I/BackgroundThread(11444): nativeExecuteWork: runtimePtr=-5476241509742326576, workId=192
04-18 11:40:23.088 I/SharedRPC(11444):   executor work running for callId=onekey:bg:res:35
04-18 11:40:23.088 I/SharedRPC(11444):   cb->call succeeded for callId=onekey:bg:res:35
04-18 11:40:23.089 I/SharedRPC(11444): notifyOtherRuntime: callId=onekey:bg:req:37, listeners=2, callerRt=0xb4007b5c7b8f4cd0
04-18 11:40:23.089 I/SharedRPC(11444):   listener: id=main, rt=0xb4007b5c7b8f4cd0, hasCallback=1
04-18 11:40:23.089 I/SharedRPC(11444):   listener: id=background, rt=0xb4007b5c7b8f98f0, hasCallback=1
04-18 11:40:23.089 I/SharedRPC(11444):   toNotify count: 1
04-18 11:40:23.089 I/SharedRPC(11444):   invoking executor for callId=onekey:bg:req:37
04-18 11:40:23.089 I/BackgroundThread(11444): executor: calling scheduleOnJSThread(isMain=0, workId=195)
04-18 11:40:23.089 I/BackgroundThread(11444): nativeExecuteWork: runtimePtr=-5476241509742307088, workId=195
04-18 11:40:23.089 I/SharedRPC(11444):   executor work running for callId=onekey:bg:req:37
04-18 11:40:23.090 I/BackgroundThread(11444): executor: calling scheduleOnJSThread(isMain=0, workId=196)
04-18 11:40:23.090 I/SharedRPC(11444):   cb->call succeeded for callId=onekey:bg:req:37
04-18 11:40:23.090 I/SharedRPC(11444): notifyOtherRuntime: callId=onekey:bg:res:37, listeners=2, callerRt=0xb4007b5c7b8f98f0
04-18 11:40:23.091 I/SharedRPC(11444):   listener: id=main, rt=0xb4007b5c7b8f4cd0, hasCallback=1
04-18 11:40:23.091 I/SharedRPC(11444):   listener: id=background, rt=0xb4007b5c7b8f98f0, hasCallback=1
04-18 11:40:23.091 I/SharedRPC(11444):   toNotify count: 1
04-18 11:40:23.091 I/SharedRPC(11444):   invoking executor for callId=onekey:bg:res:37
04-18 11:40:23.091 I/BackgroundThread(11444): executor: calling scheduleOnJSThread(isMain=1, workId=197)
04-18 11:40:23.091 I/BackgroundThread(11444): nativeExecuteWork: runtimePtr=-5476241509742307088, workId=196
04-18 11:40:23.091 I/BackgroundThread(11444): nativeExecuteWork: runtimePtr=-5476241509742326576, workId=194
04-18 11:40:23.091 I/SharedRPC(11444):   executor work running for callId=onekey:bg:res:36
04-18 11:40:23.091 I/SharedRPC(11444):   cb->call succeeded for callId=onekey:bg:res:36
04-18 11:40:23.091 I/SharedRPC(11444): notifyOtherRuntime: callId=onekey:bg:req:38, listeners=2, callerRt=0xb4007b5c7b8f4cd0
04-18 11:40:23.091 I/SharedRPC(11444):   listener: id=main, rt=0xb4007b5c7b8f4cd0, hasCallback=1
04-18 11:40:23.091 I/SharedRPC(11444):   listener: id=background, rt=0xb4007b5c7b8f98f0, hasCallback=1
04-18 11:40:23.091 I/SharedRPC(11444):   toNotify count: 1
04-18 11:40:23.091 I/SharedRPC(11444):   invoking executor for callId=onekey:bg:req:38
04-18 11:40:23.091 I/BackgroundThread(11444): executor: calling scheduleOnJSThread(isMain=0, workId=198)
04-18 11:40:23.092 I/BackgroundThread(11444): nativeExecuteWork: runtimePtr=-5476241509742307088, workId=198
04-18 11:40:23.092 I/SharedRPC(11444):   executor work running for callId=onekey:bg:req:38
04-18 11:40:23.092 I/SharedRPC(11444): notifyOtherRuntime: callId=onekey:bg:res:38, listeners=2, callerRt=0xb4007b5c7b8f98f0
04-18 11:40:23.092 I/SharedRPC(11444):   listener: id=main, rt=0xb4007b5c7b8f4cd0, hasCallback=1
04-18 11:40:23.092 I/SharedRPC(11444):   listener: id=background, rt=0xb4007b5c7b8f98f0, hasCallback=1
04-18 11:40:23.092 I/SharedRPC(11444):   toNotify count: 1
04-18 11:40:23.092 I/SharedRPC(11444):   invoking executor for callId=onekey:bg:res:38
04-18 11:40:23.092 I/BackgroundThread(11444): executor: calling scheduleOnJSThread(isMain=1, workId=199)
04-18 11:40:23.092 I/SharedRPC(11444):   cb->call succeeded for callId=onekey:bg:req:38
04-18 11:40:23.092 I/SharedRPC(11444): notifyOtherRuntime: callId=onekey:bg:req:39, listeners=2, callerRt=0xb4007b5c7b8f4cd0
04-18 11:40:23.092 I/SharedRPC(11444):   listener: id=main, rt=0xb4007b5c7b8f4cd0, hasCallback=1
04-18 11:40:23.092 I/SharedRPC(11444):   listener: id=background, rt=0xb4007b5c7b8f98f0, hasCallback=1
04-18 11:40:23.092 I/SharedRPC(11444):   toNotify count: 1
04-18 11:40:23.092 I/SharedRPC(11444):   invoking executor for callId=onekey:bg:req:39
04-18 11:40:23.092 I/BackgroundThread(11444): executor: calling scheduleOnJSThread(isMain=0, workId=200)
04-18 11:40:23.092 I/BackgroundThread(11444): nativeExecuteWork: runtimePtr=-5476241509742307088, workId=200
04-18 11:40:23.092 I/SharedRPC(11444):   executor work running for callId=onekey:bg:req:39
04-18 11:40:23.093 I/SharedRPC(11444):   cb->call succeeded for callId=onekey:bg:req:39
04-18 11:40:23.096 I/SharedRPC(11444): notifyOtherRuntime: callId=onekey:bg:req:40, listeners=2, callerRt=0xb4007b5c7b8f4cd0
04-18 11:40:23.096 I/SharedRPC(11444):   listener: id=main, rt=0xb4007b5c7b8f4cd0, hasCallback=1
04-18 11:40:23.096 I/SharedRPC(11444):   listener: id=background, rt=0xb4007b5c7b8f98f0, hasCallback=1
04-18 11:40:23.096 I/SharedRPC(11444):   toNotify count: 1
04-18 11:40:23.096 I/SharedRPC(11444):   invoking executor for callId=onekey:bg:req:40
04-18 11:40:23.096 I/BackgroundThread(11444): executor: calling scheduleOnJSThread(isMain=0, workId=201)
04-18 11:40:23.096 I/BackgroundThread(11444): nativeExecuteWork: runtimePtr=-5476241509742307088, workId=201
04-18 11:40:23.096 I/SharedRPC(11444):   executor work running for callId=onekey:bg:req:40
04-18 11:40:23.097 I/SharedRPC(11444):   cb->call succeeded for callId=onekey:bg:req:40
04-18 11:40:23.097 I/SharedRPC(11444): notifyOtherRuntime: callId=onekey:bg:res:40, listeners=2, callerRt=0xb4007b5c7b8f98f0
04-18 11:40:23.097 I/BackgroundThread(11444): nativeExecuteWork: runtimePtr=-5476241509742326576, workId=197
04-18 11:40:23.097 I/SharedRPC(11444):   executor work running for callId=onekey:bg:res:37
04-18 11:40:23.097 I/SharedRPC(11444):   listener: id=main, rt=0xb4007b5c7b8f4cd0, hasCallback=1
04-18 11:40:23.097 I/SharedRPC(11444):   listener: id=background, rt=0xb4007b5c7b8f98f0, hasCallback=1
04-18 11:40:23.097 I/SharedRPC(11444):   toNotify count: 1
04-18 11:40:23.097 I/SharedRPC(11444):   cb->call succeeded for callId=onekey:bg:res:37
04-18 11:40:23.097 I/SharedRPC(11444):   invoking executor for callId=onekey:bg:res:40
04-18 11:40:23.097 I/BackgroundThread(11444): executor: calling scheduleOnJSThread(isMain=1, workId=202)
04-18 11:40:23.097 I/BackgroundThread(11444): nativeExecuteWork: runtimePtr=-5476241509742326576, workId=199
04-18 11:40:23.097 I/SharedRPC(11444): notifyOtherRuntime: callId=onekey:bg:res:39, listeners=2, callerRt=0xb4007b5c7b8f98f0
04-18 11:40:23.097 I/SharedRPC(11444):   listener: id=main, rt=0xb4007b5c7b8f4cd0, hasCallback=1
04-18 11:40:23.097 I/SharedRPC(11444):   listener: id=background, rt=0xb4007b5c7b8f98f0, hasCallback=1
04-18 11:40:23.097 I/SharedRPC(11444):   toNotify count: 1
04-18 11:40:23.097 I/SharedRPC(11444):   invoking executor for callId=onekey:bg:res:39
04-18 11:40:23.097 I/BackgroundThread(11444): executor: calling scheduleOnJSThread(isMain=1, workId=203)
04-18 11:40:23.097 I/SharedRPC(11444):   executor work running for callId=onekey:bg:res:38
04-18 11:40:23.097 I/SharedRPC(11444):   cb->call succeeded for callId=onekey:bg:res:38
04-18 11:40:23.097 I/BackgroundThread(11444): nativeExecuteWork: runtimePtr=-5476241509742326576, workId=202
04-18 11:40:23.097 I/SharedRPC(11444):   executor work running for callId=onekey:bg:res:40
04-18 11:40:23.097 I/SharedRPC(11444):   cb->call succeeded for callId=onekey:bg:res:40
04-18 11:40:23.099 I/SharedRPC(11444): notifyOtherRuntime: callId=onekey:bg:req:41, listeners=2, callerRt=0xb4007b5c7b8f4cd0
04-18 11:40:23.099 I/SharedRPC(11444):   listener: id=main, rt=0xb4007b5c7b8f4cd0, hasCallback=1
04-18 11:40:23.099 I/SharedRPC(11444):   listener: id=background, rt=0xb4007b5c7b8f98f0, hasCallback=1
04-18 11:40:23.099 I/SharedRPC(11444):   toNotify count: 1
04-18 11:40:23.099 I/SharedRPC(11444):   invoking executor for callId=onekey:bg:req:41
04-18 11:40:23.099 I/BackgroundThread(11444): executor: calling scheduleOnJSThread(isMain=0, workId=204)
04-18 11:40:23.103 I/BackgroundThread(11444): nativeExecuteWork: runtimePtr=-5476241509742307088, workId=204
04-18 11:40:23.103 I/SharedRPC(11444):   executor work running for callId=onekey:bg:req:41
04-18 11:40:23.104 I/SharedRPC(11444):   cb->call succeeded for callId=onekey:bg:req:41
04-18 11:40:23.104 D/AutofillManager(11444): view not autofillable - not passing ime action check
04-18 11:40:23.104 D/AutofillManager(11444): view not autofillable - not passing ime action check
04-18 11:40:23.107 I/SharedRPC(11444): notifyOtherRuntime: callId=onekey:bg:res:41, listeners=2, callerRt=0xb4007b5c7b8f98f0
04-18 11:40:23.107 I/SharedRPC(11444):   listener: id=main, rt=0xb4007b5c7b8f4cd0, hasCallback=1
04-18 11:40:23.107 I/SharedRPC(11444):   listener: id=background, rt=0xb4007b5c7b8f98f0, hasCallback=1
04-18 11:40:23.107 I/SharedRPC(11444):   toNotify count: 1
04-18 11:40:23.107 I/SharedRPC(11444):   invoking executor for callId=onekey:bg:res:41
04-18 11:40:23.107 I/BackgroundThread(11444): executor: calling scheduleOnJSThread(isMain=1, workId=205)
04-18 11:40:23.111 W/Paint   (11444): The elegant text height cannot be turned off.
04-18 11:40:23.111 W/Paint   (11444): The elegant text height cannot be turned off.
04-18 11:40:23.111 W/Paint   (11444): The elegant text height cannot be turned off.
04-18 11:40:23.111 W/Paint   (11444): The elegant text height cannot be turned off.
04-18 11:40:23.118 I/resolv  (  441): GetAddrInfoHandler::run: {101 101 101 983141 10233 0}
04-18 11:40:23.118 I/resolv  (  441): res_nmkquery: (QUERY, IN, AAAA)
04-18 11:40:23.118 I/resolv  (  441): res_nmkquery: (QUERY, IN, A)
04-18 11:40:23.119 E/JIGUANG-JCore(11569): [CheckManifestHelper] [key-step]errorcode:1008,Invalid appKey : 1, Please get your Appkey from JIGUANG web console!
04-18 11:40:23.119 I/resolv  (  441): res_nsend: used send_dg 40 terrno: 0
04-18 11:40:23.119 I/resolv  (  441): doQuery: rcode=0, ancount=0, return value=40
04-18 11:40:23.120 E/JIGUANG-JCore(11569): [CheckManifestHelper] [key-step]errorcode:1008,Invalid appKey : 1, Please get your Appkey from JIGUANG web console!
04-18 11:40:23.121 W/Paint   (11444): The elegant text height cannot be turned off.
04-18 11:40:23.124 I/resolv  (  441): res_nsend: used send_dg 56 terrno: 0
04-18 11:40:23.124 I/resolv  (  441): doQuery: rcode=0, ancount=1, return value=56
04-18 11:40:23.131 I/SharedRPC(11444): notifyOtherRuntime: callId=onekey:bg:req:42, listeners=2, callerRt=0xb4007b5c7b8f4cd0
04-18 11:40:23.131 I/SharedRPC(11444):   listener: id=main, rt=0xb4007b5c7b8f4cd0, hasCallback=1
04-18 11:40:23.131 I/SharedRPC(11444):   listener: id=background, rt=0xb4007b5c7b8f98f0, hasCallback=1
04-18 11:40:23.131 I/SharedRPC(11444):   toNotify count: 1
04-18 11:40:23.131 I/SharedRPC(11444):   invoking executor for callId=onekey:bg:req:42
04-18 11:40:23.132 I/BackgroundThread(11444): executor: calling scheduleOnJSThread(isMain=0, workId=206)
04-18 11:40:23.132 I/SharedRPC(11444): notifyOtherRuntime: callId=onekey:bg:req:43, listeners=2, callerRt=0xb4007b5c7b8f4cd0
04-18 11:40:23.132 I/SharedRPC(11444):   listener: id=main, rt=0xb4007b5c7b8f4cd0, hasCallback=1
04-18 11:40:23.132 I/SharedRPC(11444):   listener: id=background, rt=0xb4007b5c7b8f98f0, hasCallback=1
04-18 11:40:23.132 I/SharedRPC(11444):   toNotify count: 1
04-18 11:40:23.132 I/SharedRPC(11444):   invoking executor for callId=onekey:bg:req:43
04-18 11:40:23.132 I/BackgroundThread(11444): executor: calling scheduleOnJSThread(isMain=0, workId=207)
04-18 11:40:23.132 I/SharedRPC(11444): notifyOtherRuntime: callId=onekey:bg:req:44, listeners=2, callerRt=0xb4007b5c7b8f4cd0
04-18 11:40:23.132 I/SharedRPC(11444):   listener: id=main, rt=0xb4007b5c7b8f4cd0, hasCallback=1
04-18 11:40:23.132 I/SharedRPC(11444):   listener: id=background, rt=0xb4007b5c7b8f98f0, hasCallback=1
04-18 11:40:23.132 I/SharedRPC(11444):   toNotify count: 1
04-18 11:40:23.132 I/SharedRPC(11444):   invoking executor for callId=onekey:bg:req:44
04-18 11:40:23.132 I/BackgroundThread(11444): executor: calling scheduleOnJSThread(isMain=0, workId=208)
04-18 11:40:23.132 I/SharedRPC(11444): notifyOtherRuntime: callId=onekey:bg:req:45, listeners=2, callerRt=0xb4007b5c7b8f4cd0
