04-18 11:40:22.167 I/EmojiCompatManager( 1475): 	at android.app.ActivityThread.main(ActivityThread.java:9067)
04-18 11:40:22.167 I/EmojiCompatManager( 1475): 	at java.lang.reflect.Method.invoke(Native Method)
04-18 11:40:22.167 I/EmojiCompatManager( 1475): 	at com.android.internal.os.RuntimeInit$MethodAndArgsCaller.run(RuntimeInit.java:593)
04-18 11:40:22.167 I/EmojiCompatManager( 1475): 	at com.android.internal.os.ZygoteInit.main(ZygoteInit.java:932)
04-18 11:40:22.167 I/Module  ( 1475): DeviceLockedStatusModuleProvider$Module.updateDeviceLockedStatus():100 repeatCheckTimes = 1, locked = false
04-18 11:40:22.168 W/PackageConfigPersister(  656): App-specific configuration not found for packageName: so.onekey.app.wallet and userId: 0
04-18 11:40:22.172 W/WindowOnBackDispatcher(  905): sendCancelIfRunning: isInProgress=false callback=android.view.ViewRootImpl$$ExternalSyntheticLambda13@2600d08
04-18 11:40:22.173 D/LocalImageResolver(  905): Couldn't use ImageDecoder for drawable, falling back to non-resized load.
04-18 11:40:22.174 W/WindowManager(  656): Failed looking up window session=Session{4f5600b 905:u0a10180} callers=com.android.server.wm.WindowManagerService.windowForClientLocked:6410 com.android.server.wm.Session.setOnBackInvokedCallbackInfo:1010 android.view.IWindowSession$Stub.onTransact:1158 
04-18 11:40:22.174 I/WindowManager(  656): setOnBackInvokedCallback(): No window state for package:com.android.systemui
04-18 11:40:22.184 W/HWUI    (  905): Failed to choose config with EGL_SWAP_BEHAVIOR_PRESERVED, retrying without...
04-18 11:40:22.184 W/HWUI    (  905): Failed to initialize 101010-2 format, error = EGL_SUCCESS
04-18 11:40:22.187 W/HWUI    (  905): Image decoding logging dropped!
04-18 11:40:22.188 W/[RNScreens](11444): topInsetEnabled prop is not available on Android
04-18 11:40:22.188 W/[RNScreens](11444): topInsetEnabled prop is not available on Android
04-18 11:40:22.192 W/HWUI    (  905): Image decoding logging dropped!
04-18 11:40:22.199 W/unknown:BridgelessReact(11444): ReactHost{0}.registerSegment(segmentId = "3024", path = "/data/user/0/so.onekey.app.wallet/files/onekey-builtin-segments/1.0.0/segments/kit.provider.Container.PageTrackerContainer.index.seg.hbc"): Schedule
04-18 11:40:22.199 W/unknown:BridgelessReact(11444): ReactHost{0}.registerSegment(segmentId = "3024", path = "/data/user/0/so.onekey.app.wallet/files/onekey-builtin-segments/1.0.0/segments/kit.provider.Container.PageTrackerContainer.index.seg.hbc"): Execute
04-18 11:40:22.207 W/NotifRow(  905): cancelAppearDrawing childKey: -1|android|19|null|1000 wasDrawing:false
04-18 11:40:22.209 W/NotifRow(  905): cancelAppearDrawing childKey: -1|android|55|null|1000 wasDrawing:false
04-18 11:40:22.241 D/nativeloader(11444): Load /data/app/~~nmNrNuBFL2aLb4kb73vgZw==/so.onekey.app.wallet-LV-mgcdWVvW0A-tB5hF4XA==/base.apk!/lib/arm64-v8a/libgesturehandler.so using class loader ns clns-9 (caller=/data/app/~~nmNrNuBFL2aLb4kb73vgZw==/so.onekey.app.wallet-LV-mgcdWVvW0A-tB5hF4XA==/base.apk!classes3.dex): ok
04-18 11:40:22.241 D/jni_lib_merge(11444): Entering merged library JNI_OnLoad.
04-18 11:40:22.241 D/jni_lib_merge(11444): Preparing 12 pre-merged libs (including stub)
04-18 11:40:22.241 D/jni_lib_merge(11444): Preparing to register libfabricjni_so.  onload_func: 0x7b5a774daedc
04-18 11:40:22.241 D/jni_lib_merge(11444): Preparing to register libreact_devsupportjni_so.  onload_func: 0x7b5a775abf40
04-18 11:40:22.241 D/jni_lib_merge(11444): Preparing to register libreact_featureflagsjni_so.  onload_func: 0x7b5a775be9f8
04-18 11:40:22.241 D/jni_lib_merge(11444): Preparing to register libreact_newarchdefaults_so.  onload_func: 0x7b5a775e3e30
04-18 11:40:22.241 D/jni_lib_merge(11444): Preparing to register libreactnativeblob_so.  onload_func: 0x7b5a776765b0
04-18 11:40:22.241 D/jni_lib_merge(11444): Preparing to register libreactnativejni_so.  onload_func: 0x7b5a77690b24
04-18 11:40:22.241 D/jni_lib_merge(11444): Preparing to register libreactnativejni_common_so.  onload_func: 0x7b5a77697458
04-18 11:40:22.241 D/jni_lib_merge(11444): Preparing to register librninstance_so.  onload_func: 0x7b5a776b3070
04-18 11:40:22.241 D/jni_lib_merge(11444): Preparing to register libturbomodulejsijni_so.  onload_func: 0x7b5a7774b1a4
04-18 11:40:22.241 D/jni_lib_merge(11444): Preparing to register libuimanagerjni_so.  onload_func: 0x7b5a777527e0
04-18 11:40:22.241 D/jni_lib_merge(11444): Preparing to register libyoga_so.  onload_func: 0x7b5a77759da4
04-18 11:40:22.241 D/jni_lib_merge(11444): About to register 11 actual methods.
04-18 11:40:22.252 I/resolv  (  441): GetAddrInfoHandler::run: {101 101 101 983141 10233 0}
04-18 11:40:22.252 I/resolv  (  441): res_nmkquery: (QUERY, IN, AAAA)
04-18 11:40:22.253 I/resolv  (  441): res_nsend: used send_dg 36 terrno: 0
04-18 11:40:22.253 I/resolv  (  441): doQuery: rcode=0, ancount=0, return value=36
04-18 11:40:22.253 I/resolv  (  441): res_nmkquery: (QUERY, IN, A)
04-18 11:40:22.257 I/resolv  (  441): res_nsend: used send_dg 52 terrno: 0
04-18 11:40:22.257 I/resolv  (  441): doQuery: rcode=0, ancount=1, return value=52
04-18 11:40:22.260 W/BillingClient(11444): There was an exception while unbinding service!
04-18 11:40:22.260 W/BillingClient(11444): java.lang.IllegalArgumentException: Service not registered: com.android.billingclient.api.zzba@4a375e1
04-18 11:40:22.260 W/BillingClient(11444): 	at android.app.LoadedApk.forgetServiceDispatcher(LoadedApk.java:2040)
04-18 11:40:22.260 W/BillingClient(11444): 	at android.app.ContextImpl.unbindService(ContextImpl.java:2271)
04-18 11:40:22.260 W/BillingClient(11444): 	at android.content.ContextWrapper.unbindService(ContextWrapper.java:953)
04-18 11:40:22.260 W/BillingClient(11444): 	at com.android.billingclient.api.BillingClientImpl.zzaL(com.android.billingclient:billing@@7.1.1:1)
04-18 11:40:22.260 W/BillingClient(11444): 	at com.android.billingclient.api.BillingClientImpl.startConnection(com.android.billingclient:billing@@7.1.1:11)
04-18 11:40:22.260 W/BillingClient(11444): 	at com.revenuecat.purchases.google.BillingWrapper.startConnection(BillingWrapper.kt:171)
04-18 11:40:22.260 W/BillingClient(11444): 	at com.revenuecat.purchases.google.BillingWrapper.startConnectionOnMainThread$lambda$4(BillingWrapper.kt:153)
04-18 11:40:22.260 W/BillingClient(11444): 	at com.revenuecat.purchases.google.BillingWrapper.$r8$lambda$914swE6pyeEY6CZPzYye25MjAIs(Unknown Source:0)
04-18 11:40:22.260 W/BillingClient(11444): 	at com.revenuecat.purchases.google.BillingWrapper$$ExternalSyntheticLambda5.run(D8$$SyntheticClass:0)
04-18 11:40:22.260 W/BillingClient(11444): 	at android.os.Handler.handleCallback(Handler.java:995)
04-18 11:40:22.260 W/BillingClient(11444): 	at android.os.Handler.dispatchMessage(Handler.java:103)
04-18 11:40:22.260 W/BillingClient(11444): 	at android.os.Looper.loopOnce(Looper.java:248)
04-18 11:40:22.260 W/BillingClient(11444): 	at android.os.Looper.loop(Looper.java:338)
04-18 11:40:22.260 W/BillingClient(11444): 	at android.app.ActivityThread.main(ActivityThread.java:9067)
04-18 11:40:22.260 W/BillingClient(11444): 	at java.lang.reflect.Method.invoke(Native Method)
04-18 11:40:22.260 W/BillingClient(11444): 	at com.android.internal.os.RuntimeInit$MethodAndArgsCaller.run(RuntimeInit.java:593)
04-18 11:40:22.260 W/BillingClient(11444): 	at com.android.internal.os.ZygoteInit.main(ZygoteInit.java:932)
04-18 11:40:22.267 D/ConnectivityService(  656): requestNetwork for uid/pid:1000/656 asUid: 10233 activeRequest: null callbackRequest: 224 [NetworkRequest [ REQUEST id=225, [ Capabilities: INTERNET&NOT_RESTRICTED&TRUSTED&NOT_VCN_MANAGED&NOT_BANDWIDTH_CONSTRAINED Uid: 10233 RequestorUid: 1000 RequestorPkg: android UnderlyingNetworks: Null] ]] callback flags: 0 order: 2147483647 isUidTracked: false declaredMethods: AVAIL|LOST|BLK
04-18 11:40:22.268 D/WifiNetworkFactory(  656): got request NetworkRequest [ REQUEST id=225, [ Capabilities: INTERNET&NOT_RESTRICTED&TRUSTED&NOT_VCN_MANAGED&NOT_BANDWIDTH_CONSTRAINED Uid: 10233 RequestorUid: 1000 RequestorPkg: android UnderlyingNetworks: Null] ]
04-18 11:40:22.269 D/ConnectivityService(  656): NetReassign [225 : null → 101] [c 0] [a 0] [i 2]
04-18 11:40:22.270 V/WifiNetworkFactory(  656): Accepted network request NetworkRequest [ REQUEST id=225, [ Capabilities: INTERNET&NOT_RESTRICTED&TRUSTED&NOT_VCN_MANAGED&NOT_BANDWIDTH_CONSTRAINED Uid: 10233 RequestorUid: 1000 RequestorPkg: android UnderlyingNetworks: Null] ]
04-18 11:40:22.270 D/UntrustedWifiNetworkFactory(  656): got request NetworkRequest [ REQUEST id=225, [ Capabilities: INTERNET&NOT_RESTRICTED&TRUSTED&NOT_VCN_MANAGED&NOT_BANDWIDTH_CONSTRAINED Uid: 10233 RequestorUid: 1000 RequestorPkg: android UnderlyingNetworks: Null] ]
04-18 11:40:22.270 D/OemPaidWifiNetworkFactory(  656): got request NetworkRequest [ REQUEST id=225, [ Capabilities: INTERNET&NOT_RESTRICTED&TRUSTED&NOT_VCN_MANAGED&NOT_BANDWIDTH_CONSTRAINED Uid: 10233 RequestorUid: 1000 RequestorPkg: android UnderlyingNetworks: Null] ]
04-18 11:40:22.270 D/MultiInternetWifiNetworkFactory(  656): got request NetworkRequest [ REQUEST id=225, [ Capabilities: INTERNET&NOT_RESTRICTED&TRUSTED&NOT_VCN_MANAGED&NOT_BANDWIDTH_CONSTRAINED Uid: 10233 RequestorUid: 1000 RequestorPkg: android UnderlyingNetworks: Null] ]
04-18 11:40:22.448 I/AppsFilter(  656): interaction: PackageSetting{e512252 com.example/10211} -> PackageSetting{7dd939e so.onekey.app.wallet/10233} BLOCKED
04-18 11:40:22.449 I/AppWidgetServiceImpl(  656): Received broadcast: android.intent.action.PACKAGE_CHANGED on user 0
04-18 11:40:22.449 D/CarrierSvcBindHelper( 1037): onPackageModified: so.onekey.app.wallet
04-18 11:40:22.449 I/SatelliteAppTracker( 1037): onPackageModified : so.onekey.app.wallet
04-18 11:40:22.450 D/ControlsListingControllerImpl(  905): ServiceConfig reloaded, count: 0
04-18 11:40:22.450 I/system_server(  656): AssetManager2(0xb4007b5c0b89e7b8) locale list changing from [] to [en-US]
04-18 11:40:22.450 I/system_server(  656): AssetManager2(0xb4007b5c0b897418) locale list changing from [] to [en-US]
04-18 11:40:22.450 I/PermissionControllerServiceImpl( 1326): Updating user sensitive for uid 10233
04-18 11:40:22.451 V/AccessibilityManagerService(  656): onUserStateChangedLocked for userId: 0, forceUpdate: false
04-18 11:40:22.451 D/ShortcutService(  656): received package broadcast intent: Intent { act=android.intent.action.PACKAGE_CHANGED dat=package: flg=0x45000010 (has extras) }
04-18 11:40:22.451 D/ShortcutService(  656): changing package: so.onekey.app.wallet userId=0
04-18 11:40:22.452 D/CarrierSvcBindHelper( 1037): No carrier app for: 0
04-18 11:40:22.452 W/MagnificationConnectionManager(  656): requestConnection duplicated request: connect=false, mConnectionState=DISCONNECTED
04-18 11:40:22.452 W/IPCThreadState(  656): Sending oneway calls to frozen process.
04-18 11:40:22.453 W/IPCThreadState(  656): Sending oneway calls to frozen process.
04-18 11:40:22.453 W/IPCThreadState(  656): Sending oneway calls to frozen process.
04-18 11:40:22.453 W/IPCThreadState(  656): Sending oneway calls to frozen process.
04-18 11:40:22.453 W/IPCThreadState(  656): Sending oneway calls to frozen process.
04-18 11:40:22.453 W/IPCThreadState(  656): Sending oneway calls to frozen process.
04-18 11:40:22.457 I/AiAiEcho( 1571): AppIndexer Package:[so.onekey.app.wallet] UserProfile:[0] Enabled:[true].
04-18 11:40:22.457 I/AiAiEcho( 1571): AppFetcherImplV2 updateApps package:[so.onekey.app.wallet], userId:[0], reason:[package is updated.].
04-18 11:40:22.459 D/PackageUpdatedTask( 1040): Package updated: mOp=UPDATE packages=[so.onekey.app.wallet], user=UserHandle{0}
04-18 11:40:22.460 E/SmsApplication( 1037): com.google.android.apps.messaging lost android:read_cell_broadcasts:  (fixing)
04-18 11:40:22.460 W/AppOpService(  656): Ignored setUidMode call for runtime permission app op: uid = 10146, code = READ_CELL_BROADCASTS, mode = allow, callingUid = 1001, oldMode = allow
04-18 11:40:22.464 D/BackgroundInstallControlService(  656): Package event received: 0
04-18 11:40:22.464 W/AppOpService(  656): Ignored setUidMode call for runtime permission app op: uid = 1001, code = READ_SMS, mode = allow, callingUid = 1001, oldMode = allow
04-18 11:40:22.465 W/AppOpService(  656): Ignored setUidMode call for runtime permission app op: uid = 1001, code = RECEIVE_SMS, mode = allow, callingUid = 1001, oldMode = allow
04-18 11:40:22.465 W/AppOpService(  656): Ignored setUidMode call for runtime permission app op: uid = 1001, code = RECEIVE_WAP_PUSH, mode = allow, callingUid = 1001, oldMode = allow
04-18 11:40:22.465 W/AppOpService(  656): Ignored setUidMode call for runtime permission app op: uid = 1001, code = SEND_SMS, mode = allow, callingUid = 1001, oldMode = allow
04-18 11:40:22.465 W/AppOpService(  656): Ignored setUidMode call for runtime permission app op: uid = 1001, code = READ_CELL_BROADCASTS, mode = allow, callingUid = 1001, oldMode = allow
04-18 11:40:22.466 I/s.nexuslauncher( 1040): AssetManager2(0xb4007b5c0b8d07b8) locale list changing from [] to [en-US]
04-18 11:40:22.467 D/ImsResolver( 1037): maybeAddedImsService, packageName: so.onekey.app.wallet
04-18 11:40:22.467 V/ImsResolver( 1037): searchForImsServices: package=so.onekey.app.wallet, users=[UserHandle{0}]
04-18 11:40:22.467 V/ImsResolver( 1037): searchForImsServices: package=so.onekey.app.wallet, users=[UserHandle{0}]
04-18 11:40:22.467 D/SatelliteController( 1037): packageStateChanged: package:so.onekey.app.wallet DefaultSmsPackageName:com.google.android.apps.messaging
04-18 11:40:22.467 V/SatelliteController( 1037): Neither SMS or SatelliteGateway package
04-18 11:40:22.468 E/SmsApplication( 1037): com.google.android.apps.messaging lost android:read_cell_broadcasts:  (fixing)
04-18 11:40:22.468 W/AppOpService(  656): Ignored setUidMode call for runtime permission app op: uid = 10146, code = READ_CELL_BROADCASTS, mode = allow, callingUid = 1001, oldMode = allow
04-18 11:40:22.468 W/AppOpService(  656): Ignored setUidMode call for runtime permission app op: uid = 1001, code = READ_SMS, mode = allow, callingUid = 1001, oldMode = allow
04-18 11:40:22.468 W/AppOpService(  656): Ignored setUidMode call for runtime permission app op: uid = 1001, code = RECEIVE_SMS, mode = allow, callingUid = 1001, oldMode = allow
04-18 11:40:22.468 W/AppOpService(  656): Ignored setUidMode call for runtime permission app op: uid = 1001, code = RECEIVE_WAP_PUSH, mode = allow, callingUid = 1001, oldMode = allow
04-18 11:40:22.468 W/AppOpService(  656): Ignored setUidMode call for runtime permission app op: uid = 1001, code = SEND_SMS, mode = allow, callingUid = 1001, oldMode = allow
04-18 11:40:22.468 W/AppOpService(  656): Ignored setUidMode call for runtime permission app op: uid = 1001, code = READ_CELL_BROADCASTS, mode = allow, callingUid = 1001, oldMode = allow
04-18 11:40:22.468 D/SatelliteAccessController( 1037): Current default SMS app:ComponentInfo{com.google.android.apps.messaging/com.google.android.apps.messaging.shared.receiver.SmsDeliverReceiver}
04-18 11:40:22.468 D/SatelliteController( 1037): getSelectedSatelliteSubId: subId=-1
04-18 11:40:22.468 D/SatelliteAccessController( 1037): supportedMsgApps:com.google.android.apps.messaging
04-18 11:40:22.469 W/HWUI    ( 1040): Image decoding logging dropped!
04-18 11:40:22.470 W/HWUI    ( 1040): Image decoding logging dropped!
04-18 11:40:22.480 W/HWUI    ( 1040): Image decoding logging dropped!
04-18 11:40:22.480 D/AlphabeticIndexCompat( 1040): computeSectionName: cs: OneKey sectionName: O
04-18 11:40:22.481 D/AllAppsStore( 1040): setApps: apps.length=21
04-18 11:40:22.481 D/AllAppsStore( 1040): notifyUpdate: notifying listeners
04-18 11:40:22.481 D/ActivityAllAppsContainerView( 1040): onAppsUpdated; number of apps: 21
04-18 11:40:22.481 D/ActivityAllAppsContainerView( 1040): rebindAdapters: force: false
04-18 11:40:22.481 D/ActivityAllAppsContainerView( 1040): rebindAdapters: Not needed.
04-18 11:40:22.481 D/StatsLog( 1040): LAUNCHER_ALLAPPS_COUNT
04-18 11:40:22.481 D/AlphabeticalAppsList( 1040): Clearing FastScrollerSections.
04-18 11:40:22.481 D/AlphabeticalAppsList( 1040): Adding apps with sections. HasPrivateApps: false
04-18 11:40:22.481 D/AlphabeticalAppsList( 1040): addAppsWithSections: adding sectionName: C with appInfoTitle: Calendar
04-18 11:40:22.481 D/AlphabeticalAppsList( 1040): addAppsWithSections: adding sectionName: D with appInfoTitle: Drive
04-18 11:40:22.481 D/AlphabeticalAppsList( 1040): addAppsWithSections: adding sectionName: E with appInfoTitle: example
04-18 11:40:22.481 D/AlphabeticalAppsList( 1040): addAppsWithSections: adding sectionName: F with appInfoTitle: Files
04-18 11:40:22.481 D/AlphabeticalAppsList( 1040): addAppsWithSections: adding sectionName: G with appInfoTitle: Gmail
04-18 11:40:22.481 D/AlphabeticalAppsList( 1040): addAppsWithSections: adding sectionName: L with appInfoTitle: LocalSend
04-18 11:40:22.481 D/AlphabeticalAppsList( 1040): addAppsWithSections: adding sectionName: M with appInfoTitle: Maps
04-18 11:40:22.481 D/AlphabeticalAppsList( 1040): addAppsWithSections: adding sectionName: O with appInfoTitle: OneKey
04-18 11:40:22.481 D/AlphabeticalAppsList( 1040): addAppsWithSections: adding sectionName: P with appInfoTitle: Phone
04-18 11:40:22.481 D/AlphabeticalAppsList( 1040): addAppsWithSections: adding sectionName: S with appInfoTitle: Safety
04-18 11:40:22.481 D/AlphabeticalAppsList( 1040): addAppsWithSections: adding sectionName: T with appInfoTitle: TMoble
04-18 11:40:22.481 D/AlphabeticalAppsList( 1040): addAppsWithSections: adding sectionName: Y with appInfoTitle: YouTube
04-18 11:40:22.481 D/AlphabeticalAppsList( 1040): Adding FastScrollSection duplicate to scroll to the bottom.
04-18 11:40:22.481 D/AlphabeticalAppsList( 1040): Clearing FastScrollerSections.
04-18 11:40:22.481 D/AlphabeticalAppsList( 1040): Adding apps with sections. HasPrivateApps: false
04-18 11:40:22.481 D/AlphabeticalAppsList( 1040): addAppsWithSections: adding sectionName: C with appInfoTitle: Calendar
04-18 11:40:22.481 D/AlphabeticalAppsList( 1040): addAppsWithSections: adding sectionName: D with appInfoTitle: Drive
04-18 11:40:22.481 D/AlphabeticalAppsList( 1040): addAppsWithSections: adding sectionName: E with appInfoTitle: example
04-18 11:40:22.481 D/AlphabeticalAppsList( 1040): addAppsWithSections: adding sectionName: F with appInfoTitle: Files
04-18 11:40:22.481 D/AlphabeticalAppsList( 1040): addAppsWithSections: adding sectionName: G with appInfoTitle: Gmail
04-18 11:40:22.481 D/AlphabeticalAppsList( 1040): addAppsWithSections: adding sectionName: L with appInfoTitle: LocalSend
04-18 11:40:22.481 D/AlphabeticalAppsList( 1040): addAppsWithSections: adding sectionName: M with appInfoTitle: Maps
04-18 11:40:22.481 D/AlphabeticalAppsList( 1040): addAppsWithSections: adding sectionName: O with appInfoTitle: OneKey
04-18 11:40:22.481 D/AlphabeticalAppsList( 1040): addAppsWithSections: adding sectionName: P with appInfoTitle: Phone
04-18 11:40:22.481 D/AlphabeticalAppsList( 1040): addAppsWithSections: adding sectionName: S with appInfoTitle: Safety
04-18 11:40:22.481 D/AlphabeticalAppsList( 1040): addAppsWithSections: adding sectionName: T with appInfoTitle: TMoble
04-18 11:40:22.481 D/AlphabeticalAppsList( 1040): addAppsWithSections: adding sectionName: Y with appInfoTitle: YouTube
04-18 11:40:22.481 D/AlphabeticalAppsList( 1040): Adding FastScrollSection duplicate to scroll to the bottom.
04-18 11:40:22.482 D/b/387844520( 1040): getOutlineOffsetX: measured width = 173, mNormalizedIconSize = 159, last updated width = 173
04-18 11:40:22.571 D/SplashScreenView(11444): remove starting view
04-18 11:40:22.579 I/RealmScheduler(11444): invoke #1: this=0xb4007b5d1ba441a8, invoker=0xb4007b5bfb8c1d00, cur_thread=135623809336576
04-18 11:40:22.608 I/RealmScheduler(11444): is_on_thread: this=0xb4007b5d1ba441a8, m_id=135627699340544, cur=135627699340544, result=1
04-18 11:40:22.609 I/RealmScheduler(11444): is_on_thread: this=0xb4007b5d1ba441a8, m_id=135627699340544, cur=135627699340544, result=1
04-18 11:40:22.609 I/RealmScheduler(11444): is_on_thread: this=0xb4007b5d1ba441a8, m_id=135627699340544, cur=135627699340544, result=1
04-18 11:40:22.609 I/RealmScheduler(11444): is_on_thread: this=0xb4007b5d1ba441a8, m_id=135627699340544, cur=135627699340544, result=1
04-18 11:40:22.609 I/RealmScheduler(11444): is_on_thread: this=0xb4007b5d1ba441a8, m_id=135627699340544, cur=135627699340544, result=1
04-18 11:40:22.609 I/RealmScheduler(11444): is_on_thread: this=0xb4007b5d1ba441a8, m_id=135627699340544, cur=135627699340544, result=1
04-18 11:40:22.609 I/RealmScheduler(11444): is_on_thread: this=0xb4007b5d1ba441a8, m_id=135627699340544, cur=135627699340544, result=1
04-18 11:40:22.609 I/RealmScheduler(11444): is_on_thread: this=0xb4007b5d1ba441a8, m_id=135627699340544, cur=135627699340544, result=1
04-18 11:40:22.613 I/RealmScheduler(11444): invoke #2: this=0xb4007b5d1ba441a8, invoker=0xb4007b5bfb8c1d00, cur_thread=135623809336576
04-18 11:40:22.615 I/RealmScheduler(11444): invoke #1 CALLBACK running on thread=135627699340544
04-18 11:40:22.615 I/RealmScheduler(11444): is_on_thread: this=0xb4007b5d1ba441a8, m_id=135627699340544, cur=135627699340544, result=1
04-18 11:40:22.615 I/RealmScheduler(11444): invoke #1 CALLBACK done
04-18 11:40:22.615 I/RealmScheduler(11444): invoke #2 CALLBACK running on thread=135627699340544
04-18 11:40:22.615 I/RealmScheduler(11444): is_on_thread: this=0xb4007b5d1ba441a8, m_id=135627699340544, cur=135627699340544, result=1
04-18 11:40:22.615 I/RealmScheduler(11444): invoke #2 CALLBACK done
04-18 11:40:22.615 I/BackgroundThread(11444): SharedStore and SharedRPC installed (isMain=0)
04-18 11:40:22.615 I/BackgroundThread(11444): Timer + rAF + rIC polyfills installed on bg runtime
04-18 11:40:22.615 I/SharedRPC(11444): notifyOtherRuntime: callId=@onekey/mobile/background-thread/runtime-ready, listeners=2, callerRt=0xb4007b5c7b8f98f0
04-18 11:40:22.615 I/SharedRPC(11444):   listener: id=main, rt=0xb4007b5c7b8f4cd0, hasCallback=1
04-18 11:40:22.615 I/SharedRPC(11444):   listener: id=background, rt=0xb4007b5c7b8f98f0, hasCallback=1
04-18 11:40:22.615 I/SharedRPC(11444):   toNotify count: 1
04-18 11:40:22.615 I/SharedRPC(11444):   invoking executor for callId=@onekey/mobile/background-thread/runtime-ready
04-18 11:40:22.615 I/BackgroundThread(11444): executor: calling scheduleOnJSThread(isMain=1, workId=0)
04-18 11:40:22.615 W/unknown:BridgelessReact(11444): ReactHost{1}.registerSegment(segmentId = "3293", path = "/data/user/0/so.onekey.app.wallet/files/onekey-builtin-segments/1.0.0/segments/nm._formatjs.seg.hbc"): Schedule
04-18 11:40:22.615 W/unknown:BridgelessReact(11444): ReactHost{1}.registerSegment(segmentId = "3293", path = "/data/user/0/so.onekey.app.wallet/files/onekey-builtin-segments/1.0.0/segments/nm._formatjs.seg.hbc"): Execute
04-18 11:40:22.616 I/BackgroundThread(11444): Error handler installed in background runtime
04-18 11:40:22.616 I/BackgroundThread(11444): nativeExecuteWork: runtimePtr=-5476241509742326576, workId=0
04-18 11:40:22.616 I/SharedRPC(11444):   executor work running for callId=@onekey/mobile/background-thread/runtime-ready
04-18 11:40:22.616 I/SharedRPC(11444):   cb->call succeeded for callId=@onekey/mobile/background-thread/runtime-ready
04-18 11:40:22.616 I/BackgroundThread(11444): Timer worker thread started
04-18 11:40:22.616 I/BackgroundThread(11444): executor: calling scheduleOnJSThread(isMain=0, workId=1)
04-18 11:40:22.638 I/SharedRPC(11444): notifyOtherRuntime: callId=onekey:bg:req:1, listeners=2, callerRt=0xb4007b5c7b8f4cd0
04-18 11:40:22.638 I/SharedRPC(11444):   listener: id=main, rt=0xb4007b5c7b8f4cd0, hasCallback=1
04-18 11:40:22.638 I/SharedRPC(11444):   listener: id=background, rt=0xb4007b5c7b8f98f0, hasCallback=1
04-18 11:40:22.638 I/SharedRPC(11444):   toNotify count: 1
04-18 11:40:22.638 I/SharedRPC(11444):   invoking executor for callId=onekey:bg:req:1
04-18 11:40:22.638 I/BackgroundThread(11444): executor: calling scheduleOnJSThread(isMain=0, workId=2)
04-18 11:40:22.638 I/SharedRPC(11444): notifyOtherRuntime: callId=onekey:bg:req:2, listeners=2, callerRt=0xb4007b5c7b8f4cd0
04-18 11:40:22.638 I/SharedRPC(11444):   listener: id=main, rt=0xb4007b5c7b8f4cd0, hasCallback=1
04-18 11:40:22.638 I/SharedRPC(11444):   listener: id=background, rt=0xb4007b5c7b8f98f0, hasCallback=1
04-18 11:40:22.638 I/SharedRPC(11444):   toNotify count: 1
04-18 11:40:22.638 I/SharedRPC(11444):   invoking executor for callId=onekey:bg:req:2
04-18 11:40:22.638 I/BackgroundThread(11444): executor: calling scheduleOnJSThread(isMain=0, workId=3)
04-18 11:40:22.639 I/SharedRPC(11444): notifyOtherRuntime: callId=onekey:bg:req:3, listeners=2, callerRt=0xb4007b5c7b8f4cd0
04-18 11:40:22.639 I/SharedRPC(11444):   listener: id=main, rt=0xb4007b5c7b8f4cd0, hasCallback=1
04-18 11:40:22.639 I/SharedRPC(11444):   listener: id=background, rt=0xb4007b5c7b8f98f0, hasCallback=1
04-18 11:40:22.639 I/SharedRPC(11444):   toNotify count: 1
04-18 11:40:22.639 I/SharedRPC(11444):   invoking executor for callId=onekey:bg:req:3
04-18 11:40:22.639 I/BackgroundThread(11444): executor: calling scheduleOnJSThread(isMain=0, workId=4)
04-18 11:40:22.639 I/SharedRPC(11444): notifyOtherRuntime: callId=onekey:bg:req:4, listeners=2, callerRt=0xb4007b5c7b8f4cd0
04-18 11:40:22.639 I/SharedRPC(11444):   listener: id=main, rt=0xb4007b5c7b8f4cd0, hasCallback=1
04-18 11:40:22.639 I/SharedRPC(11444):   listener: id=background, rt=0xb4007b5c7b8f98f0, hasCallback=1
04-18 11:40:22.639 I/SharedRPC(11444):   toNotify count: 1
04-18 11:40:22.639 I/SharedRPC(11444):   invoking executor for callId=onekey:bg:req:4
04-18 11:40:22.639 I/BackgroundThread(11444): executor: calling scheduleOnJSThread(isMain=0, workId=5)
04-18 11:40:22.648 I/SharedRPC(11444): notifyOtherRuntime: callId=onekey:bg:jotai:1, listeners=2, callerRt=0xb4007b5c7b8f98f0
04-18 11:40:22.648 I/SharedRPC(11444):   listener: id=main, rt=0xb4007b5c7b8f4cd0, hasCallback=1
04-18 11:40:22.648 I/SharedRPC(11444):   listener: id=background, rt=0xb4007b5c7b8f98f0, hasCallback=1
04-18 11:40:22.648 I/SharedRPC(11444):   toNotify count: 1
04-18 11:40:22.648 I/SharedRPC(11444):   invoking executor for callId=onekey:bg:jotai:1
04-18 11:40:22.648 I/BackgroundThread(11444): executor: calling scheduleOnJSThread(isMain=1, workId=6)
04-18 11:40:22.649 I/SharedRPC(11444): notifyOtherRuntime: callId=onekey:bg:jotai:2, listeners=2, callerRt=0xb4007b5c7b8f98f0
04-18 11:40:22.649 I/SharedRPC(11444):   listener: id=main, rt=0xb4007b5c7b8f4cd0, hasCallback=1
04-18 11:40:22.649 I/SharedRPC(11444):   listener: id=background, rt=0xb4007b5c7b8f98f0, hasCallback=1
04-18 11:40:22.649 I/SharedRPC(11444):   toNotify count: 1
04-18 11:40:22.649 I/SharedRPC(11444):   invoking executor for callId=onekey:bg:jotai:2
04-18 11:40:22.649 I/BackgroundThread(11444): executor: calling scheduleOnJSThread(isMain=1, workId=7)
04-18 11:40:22.649 I/SharedRPC(11444): notifyOtherRuntime: callId=onekey:bg:jotai:3, listeners=2, callerRt=0xb4007b5c7b8f98f0
04-18 11:40:22.649 I/SharedRPC(11444):   listener: id=main, rt=0xb4007b5c7b8f4cd0, hasCallback=1
04-18 11:40:22.649 I/SharedRPC(11444):   listener: id=background, rt=0xb4007b5c7b8f98f0, hasCallback=1
04-18 11:40:22.649 I/SharedRPC(11444):   toNotify count: 1
04-18 11:40:22.649 I/SharedRPC(11444):   invoking executor for callId=onekey:bg:jotai:3
04-18 11:40:22.649 I/BackgroundThread(11444): executor: calling scheduleOnJSThread(isMain=1, workId=8)
04-18 11:40:22.649 I/SharedRPC(11444): notifyOtherRuntime: callId=onekey:bg:jotai:4, listeners=2, callerRt=0xb4007b5c7b8f98f0
04-18 11:40:22.649 I/SharedRPC(11444):   listener: id=main, rt=0xb4007b5c7b8f4cd0, hasCallback=1
04-18 11:40:22.649 I/SharedRPC(11444):   listener: id=background, rt=0xb4007b5c7b8f98f0, hasCallback=1
04-18 11:40:22.649 I/SharedRPC(11444):   toNotify count: 1
04-18 11:40:22.649 I/SharedRPC(11444):   invoking executor for callId=onekey:bg:jotai:4
04-18 11:40:22.649 I/BackgroundThread(11444): executor: calling scheduleOnJSThread(isMain=1, workId=9)
04-18 11:40:22.649 I/SharedRPC(11444): notifyOtherRuntime: callId=onekey:bg:jotai:5, listeners=2, callerRt=0xb4007b5c7b8f98f0
04-18 11:40:22.649 I/SharedRPC(11444):   listener: id=main, rt=0xb4007b5c7b8f4cd0, hasCallback=1
04-18 11:40:22.649 I/SharedRPC(11444):   listener: id=background, rt=0xb4007b5c7b8f98f0, hasCallback=1
04-18 11:40:22.649 I/SharedRPC(11444):   toNotify count: 1
04-18 11:40:22.649 I/SharedRPC(11444):   invoking executor for callId=onekey:bg:jotai:5
04-18 11:40:22.649 I/BackgroundThread(11444): executor: calling scheduleOnJSThread(isMain=1, workId=10)
04-18 11:40:22.649 I/SharedRPC(11444): notifyOtherRuntime: callId=onekey:bg:jotai:6, listeners=2, callerRt=0xb4007b5c7b8f98f0
04-18 11:40:22.649 I/SharedRPC(11444):   listener: id=main, rt=0xb4007b5c7b8f4cd0, hasCallback=1
04-18 11:40:22.649 I/SharedRPC(11444):   listener: id=background, rt=0xb4007b5c7b8f98f0, hasCallback=1
04-18 11:40:22.649 I/SharedRPC(11444):   toNotify count: 1
04-18 11:40:22.649 I/SharedRPC(11444):   invoking executor for callId=onekey:bg:jotai:6
04-18 11:40:22.649 I/BackgroundThread(11444): executor: calling scheduleOnJSThread(isMain=1, workId=11)
04-18 11:40:22.649 I/BackgroundThread(11444): nativeExecuteWork: runtimePtr=-5476241509742326576, workId=6
04-18 11:40:22.649 I/SharedRPC(11444):   executor work running for callId=onekey:bg:jotai:1
04-18 11:40:22.649 I/SharedRPC(11444): notifyOtherRuntime: callId=onekey:bg:jotai:7, listeners=2, callerRt=0xb4007b5c7b8f98f0
04-18 11:40:22.649 I/SharedRPC(11444):   listener: id=main, rt=0xb4007b5c7b8f4cd0, hasCallback=1
04-18 11:40:22.649 I/SharedRPC(11444):   listener: id=background, rt=0xb4007b5c7b8f98f0, hasCallback=1
04-18 11:40:22.649 I/SharedRPC(11444):   toNotify count: 1
04-18 11:40:22.649 I/SharedRPC(11444):   invoking executor for callId=onekey:bg:jotai:7
04-18 11:40:22.649 I/BackgroundThread(11444): executor: calling scheduleOnJSThread(isMain=1, workId=12)
04-18 11:40:22.649 I/SharedRPC(11444): notifyOtherRuntime: callId=onekey:bg:jotai:8, listeners=2, callerRt=0xb4007b5c7b8f98f0
04-18 11:40:22.649 I/SharedRPC(11444):   listener: id=main, rt=0xb4007b5c7b8f4cd0, hasCallback=1
04-18 11:40:22.649 I/SharedRPC(11444):   listener: id=background, rt=0xb4007b5c7b8f98f0, hasCallback=1
04-18 11:40:22.649 I/SharedRPC(11444):   toNotify count: 1
04-18 11:40:22.649 I/SharedRPC(11444):   invoking executor for callId=onekey:bg:jotai:8
04-18 11:40:22.649 I/BackgroundThread(11444): executor: calling scheduleOnJSThread(isMain=1, workId=13)
04-18 11:40:22.649 I/SharedRPC(11444): notifyOtherRuntime: callId=onekey:bg:jotai:9, listeners=2, callerRt=0xb4007b5c7b8f98f0
04-18 11:40:22.649 I/SharedRPC(11444):   listener: id=main, rt=0xb4007b5c7b8f4cd0, hasCallback=1
04-18 11:40:22.649 I/SharedRPC(11444):   listener: id=background, rt=0xb4007b5c7b8f98f0, hasCallback=1
04-18 11:40:22.649 I/SharedRPC(11444):   toNotify count: 1
04-18 11:40:22.649 I/SharedRPC(11444):   invoking executor for callId=onekey:bg:jotai:9
04-18 11:40:22.649 I/BackgroundThread(11444): executor: calling scheduleOnJSThread(isMain=1, workId=14)
04-18 11:40:22.649 I/SharedRPC(11444): notifyOtherRuntime: callId=onekey:bg:jotai:10, listeners=2, callerRt=0xb4007b5c7b8f98f0
04-18 11:40:22.650 I/SharedRPC(11444):   listener: id=main, rt=0xb4007b5c7b8f4cd0, hasCallback=1
04-18 11:40:22.650 I/SharedRPC(11444):   listener: id=background, rt=0xb4007b5c7b8f98f0, hasCallback=1
04-18 11:40:22.650 I/SharedRPC(11444):   toNotify count: 1
04-18 11:40:22.650 I/SharedRPC(11444):   invoking executor for callId=onekey:bg:jotai:10
04-18 11:40:22.650 I/BackgroundThread(11444): executor: calling scheduleOnJSThread(isMain=1, workId=15)
04-18 11:40:22.650 I/SharedRPC(11444): notifyOtherRuntime: callId=onekey:bg:jotai:11, listeners=2, callerRt=0xb4007b5c7b8f98f0
04-18 11:40:22.650 I/SharedRPC(11444):   listener: id=main, rt=0xb4007b5c7b8f4cd0, hasCallback=1
04-18 11:40:22.650 I/SharedRPC(11444):   listener: id=background, rt=0xb4007b5c7b8f98f0, hasCallback=1
04-18 11:40:22.650 I/SharedRPC(11444):   toNotify count: 1
04-18 11:40:22.650 I/SharedRPC(11444):   invoking executor for callId=onekey:bg:jotai:11
04-18 11:40:22.650 I/BackgroundThread(11444): executor: calling scheduleOnJSThread(isMain=1, workId=16)
04-18 11:40:22.650 I/SharedRPC(11444): notifyOtherRuntime: callId=onekey:bg:jotai:12, listeners=2, callerRt=0xb4007b5c7b8f98f0
04-18 11:40:22.650 I/SharedRPC(11444):   listener: id=main, rt=0xb4007b5c7b8f4cd0, hasCallback=1
04-18 11:40:22.650 I/SharedRPC(11444):   listener: id=background, rt=0xb4007b5c7b8f98f0, hasCallback=1
04-18 11:40:22.650 I/SharedRPC(11444):   toNotify count: 1
04-18 11:40:22.650 I/SharedRPC(11444):   invoking executor for callId=onekey:bg:jotai:12
04-18 11:40:22.650 I/BackgroundThread(11444): executor: calling scheduleOnJSThread(isMain=1, workId=17)
04-18 11:40:22.650 I/SharedRPC(11444): notifyOtherRuntime: callId=onekey:bg:jotai:13, listeners=2, callerRt=0xb4007b5c7b8f98f0
04-18 11:40:22.650 I/SharedRPC(11444):   listener: id=main, rt=0xb4007b5c7b8f4cd0, hasCallback=1
04-18 11:40:22.650 I/SharedRPC(11444):   listener: id=background, rt=0xb4007b5c7b8f98f0, hasCallback=1
04-18 11:40:22.650 I/SharedRPC(11444):   toNotify count: 1
04-18 11:40:22.650 I/SharedRPC(11444):   invoking executor for callId=onekey:bg:jotai:13
04-18 11:40:22.650 I/BackgroundThread(11444): executor: calling scheduleOnJSThread(isMain=1, workId=18)
04-18 11:40:22.650 I/SharedRPC(11444): notifyOtherRuntime: callId=onekey:bg:jotai:14, listeners=2, callerRt=0xb4007b5c7b8f98f0
04-18 11:40:22.650 I/SharedRPC(11444):   listener: id=main, rt=0xb4007b5c7b8f4cd0, hasCallback=1
04-18 11:40:22.650 I/SharedRPC(11444):   listener: id=background, rt=0xb4007b5c7b8f98f0, hasCallback=1
04-18 11:40:22.650 I/SharedRPC(11444):   toNotify count: 1
04-18 11:40:22.650 I/SharedRPC(11444):   invoking executor for callId=onekey:bg:jotai:14
04-18 11:40:22.650 I/BackgroundThread(11444): executor: calling scheduleOnJSThread(isMain=1, workId=19)
04-18 11:40:22.650 I/SharedRPC(11444): notifyOtherRuntime: callId=onekey:bg:jotai:15, listeners=2, callerRt=0xb4007b5c7b8f98f0
04-18 11:40:22.650 I/SharedRPC(11444):   listener: id=main, rt=0xb4007b5c7b8f4cd0, hasCallback=1
04-18 11:40:22.650 I/SharedRPC(11444):   listener: id=background, rt=0xb4007b5c7b8f98f0, hasCallback=1
04-18 11:40:22.650 I/SharedRPC(11444):   toNotify count: 1
04-18 11:40:22.650 I/SharedRPC(11444):   invoking executor for callId=onekey:bg:jotai:15
04-18 11:40:22.650 I/BackgroundThread(11444): executor: calling scheduleOnJSThread(isMain=1, workId=20)
04-18 11:40:22.650 I/SharedRPC(11444): notifyOtherRuntime: callId=onekey:bg:jotai:16, listeners=2, callerRt=0xb4007b5c7b8f98f0
04-18 11:40:22.650 I/SharedRPC(11444):   listener: id=main, rt=0xb4007b5c7b8f4cd0, hasCallback=1
04-18 11:40:22.650 I/SharedRPC(11444):   listener: id=background, rt=0xb4007b5c7b8f98f0, hasCallback=1
04-18 11:40:22.650 I/SharedRPC(11444):   toNotify count: 1
04-18 11:40:22.650 I/SharedRPC(11444):   invoking executor for callId=onekey:bg:jotai:16
04-18 11:40:22.650 I/BackgroundThread(11444): executor: calling scheduleOnJSThread(isMain=1, workId=21)
04-18 11:40:22.650 I/SharedRPC(11444): notifyOtherRuntime: callId=onekey:bg:jotai:17, listeners=2, callerRt=0xb4007b5c7b8f98f0
04-18 11:40:22.650 I/SharedRPC(11444):   listener: id=main, rt=0xb4007b5c7b8f4cd0, hasCallback=1
04-18 11:40:22.650 I/SharedRPC(11444):   listener: id=background, rt=0xb4007b5c7b8f98f0, hasCallback=1
04-18 11:40:22.650 I/SharedRPC(11444):   toNotify count: 1
04-18 11:40:22.650 I/SharedRPC(11444):   invoking executor for callId=onekey:bg:jotai:17
04-18 11:40:22.650 I/BackgroundThread(11444): executor: calling scheduleOnJSThread(isMain=1, workId=22)
04-18 11:40:22.650 I/SharedRPC(11444): notifyOtherRuntime: callId=onekey:bg:jotai:18, listeners=2, callerRt=0xb4007b5c7b8f98f0
04-18 11:40:22.650 I/SharedRPC(11444):   listener: id=main, rt=0xb4007b5c7b8f4cd0, hasCallback=1
04-18 11:40:22.650 I/SharedRPC(11444):   listener: id=background, rt=0xb4007b5c7b8f98f0, hasCallback=1
04-18 11:40:22.650 I/SharedRPC(11444):   toNotify count: 1
04-18 11:40:22.650 I/SharedRPC(11444):   invoking executor for callId=onekey:bg:jotai:18
04-18 11:40:22.650 I/BackgroundThread(11444): executor: calling scheduleOnJSThread(isMain=1, workId=23)
04-18 11:40:22.650 I/SharedRPC(11444): notifyOtherRuntime: callId=onekey:bg:jotai:19, listeners=2, callerRt=0xb4007b5c7b8f98f0
04-18 11:40:22.650 I/SharedRPC(11444):   listener: id=main, rt=0xb4007b5c7b8f4cd0, hasCallback=1
04-18 11:40:22.650 I/SharedRPC(11444):   listener: id=background, rt=0xb4007b5c7b8f98f0, hasCallback=1
04-18 11:40:22.650 I/SharedRPC(11444):   toNotify count: 1
04-18 11:40:22.650 I/SharedRPC(11444):   invoking executor for callId=onekey:bg:jotai:19
04-18 11:40:22.650 I/BackgroundThread(11444): executor: calling scheduleOnJSThread(isMain=1, workId=24)
04-18 11:40:22.650 I/SharedRPC(11444): notifyOtherRuntime: callId=onekey:bg:jotai:20, listeners=2, callerRt=0xb4007b5c7b8f98f0
04-18 11:40:22.650 I/SharedRPC(11444):   listener: id=main, rt=0xb4007b5c7b8f4cd0, hasCallback=1
04-18 11:40:22.650 I/SharedRPC(11444):   listener: id=background, rt=0xb4007b5c7b8f98f0, hasCallback=1
04-18 11:40:22.650 I/SharedRPC(11444):   toNotify count: 1
04-18 11:40:22.650 I/SharedRPC(11444):   invoking executor for callId=onekey:bg:jotai:20
04-18 11:40:22.650 I/BackgroundThread(11444): executor: calling scheduleOnJSThread(isMain=1, workId=25)
04-18 11:40:22.650 I/SharedRPC(11444): notifyOtherRuntime: callId=onekey:bg:jotai:21, listeners=2, callerRt=0xb4007b5c7b8f98f0
04-18 11:40:22.650 I/SharedRPC(11444):   listener: id=main, rt=0xb4007b5c7b8f4cd0, hasCallback=1
04-18 11:40:22.650 I/SharedRPC(11444):   listener: id=background, rt=0xb4007b5c7b8f98f0, hasCallback=1
04-18 11:40:22.650 I/SharedRPC(11444):   toNotify count: 1
04-18 11:40:22.650 I/SharedRPC(11444):   invoking executor for callId=onekey:bg:jotai:21
04-18 11:40:22.650 I/BackgroundThread(11444): executor: calling scheduleOnJSThread(isMain=1, workId=26)
04-18 11:40:22.650 I/SharedRPC(11444): notifyOtherRuntime: callId=onekey:bg:jotai:22, listeners=2, callerRt=0xb4007b5c7b8f98f0
04-18 11:40:22.650 I/SharedRPC(11444):   listener: id=main, rt=0xb4007b5c7b8f4cd0, hasCallback=1
04-18 11:40:22.650 I/SharedRPC(11444):   listener: id=background, rt=0xb4007b5c7b8f98f0, hasCallback=1
04-18 11:40:22.650 I/SharedRPC(11444):   toNotify count: 1
04-18 11:40:22.650 I/SharedRPC(11444):   invoking executor for callId=onekey:bg:jotai:22
04-18 11:40:22.650 I/BackgroundThread(11444): executor: calling scheduleOnJSThread(isMain=1, workId=27)
04-18 11:40:22.650 I/SharedRPC(11444): notifyOtherRuntime: callId=onekey:bg:jotai:23, listeners=2, callerRt=0xb4007b5c7b8f98f0
04-18 11:40:22.650 I/SharedRPC(11444):   listener: id=main, rt=0xb4007b5c7b8f4cd0, hasCallback=1
04-18 11:40:22.650 I/SharedRPC(11444):   listener: id=background, rt=0xb4007b5c7b8f98f0, hasCallback=1
04-18 11:40:22.650 I/SharedRPC(11444):   toNotify count: 1
04-18 11:40:22.650 I/SharedRPC(11444):   invoking executor for callId=onekey:bg:jotai:23
04-18 11:40:22.650 I/BackgroundThread(11444): executor: calling scheduleOnJSThread(isMain=1, workId=28)
04-18 11:40:22.650 I/SharedRPC(11444): notifyOtherRuntime: callId=onekey:bg:jotai:24, listeners=2, callerRt=0xb4007b5c7b8f98f0
04-18 11:40:22.650 I/SharedRPC(11444):   listener: id=main, rt=0xb4007b5c7b8f4cd0, hasCallback=1
04-18 11:40:22.650 I/SharedRPC(11444):   listener: id=background, rt=0xb4007b5c7b8f98f0, hasCallback=1
04-18 11:40:22.650 I/SharedRPC(11444):   toNotify count: 1
04-18 11:40:22.650 I/SharedRPC(11444):   invoking executor for callId=onekey:bg:jotai:24
04-18 11:40:22.650 I/BackgroundThread(11444): executor: calling scheduleOnJSThread(isMain=1, workId=29)
04-18 11:40:22.650 I/SharedRPC(11444): notifyOtherRuntime: callId=onekey:bg:jotai:25, listeners=2, callerRt=0xb4007b5c7b8f98f0
04-18 11:40:22.650 I/SharedRPC(11444):   listener: id=main, rt=0xb4007b5c7b8f4cd0, hasCallback=1
04-18 11:40:22.650 I/SharedRPC(11444):   listener: id=background, rt=0xb4007b5c7b8f98f0, hasCallback=1
04-18 11:40:22.650 I/SharedRPC(11444):   toNotify count: 1
04-18 11:40:22.650 I/SharedRPC(11444):   invoking executor for callId=onekey:bg:jotai:25
04-18 11:40:22.650 I/BackgroundThread(11444): executor: calling scheduleOnJSThread(isMain=1, workId=30)
04-18 11:40:22.650 I/SharedRPC(11444): notifyOtherRuntime: callId=onekey:bg:jotai:26, listeners=2, callerRt=0xb4007b5c7b8f98f0
04-18 11:40:22.650 I/SharedRPC(11444):   listener: id=main, rt=0xb4007b5c7b8f4cd0, hasCallback=1
04-18 11:40:22.650 I/SharedRPC(11444):   listener: id=background, rt=0xb4007b5c7b8f98f0, hasCallback=1
04-18 11:40:22.650 I/SharedRPC(11444):   toNotify count: 1
04-18 11:40:22.650 I/SharedRPC(11444):   invoking executor for callId=onekey:bg:jotai:26
04-18 11:40:22.650 I/BackgroundThread(11444): executor: calling scheduleOnJSThread(isMain=1, workId=31)
04-18 11:40:22.651 I/SharedRPC(11444): notifyOtherRuntime: callId=onekey:bg:jotai:27, listeners=2, callerRt=0xb4007b5c7b8f98f0
04-18 11:40:22.651 I/SharedRPC(11444):   listener: id=main, rt=0xb4007b5c7b8f4cd0, hasCallback=1
04-18 11:40:22.651 I/SharedRPC(11444):   listener: id=background, rt=0xb4007b5c7b8f98f0, hasCallback=1
04-18 11:40:22.651 I/SharedRPC(11444):   toNotify count: 1
04-18 11:40:22.651 I/SharedRPC(11444):   invoking executor for callId=onekey:bg:jotai:27
04-18 11:40:22.651 I/BackgroundThread(11444): executor: calling scheduleOnJSThread(isMain=1, workId=32)
04-18 11:40:22.651 I/SharedRPC(11444): notifyOtherRuntime: callId=onekey:bg:jotai:28, listeners=2, callerRt=0xb4007b5c7b8f98f0
04-18 11:40:22.651 I/SharedRPC(11444):   listener: id=main, rt=0xb4007b5c7b8f4cd0, hasCallback=1
04-18 11:40:22.651 I/SharedRPC(11444):   listener: id=background, rt=0xb4007b5c7b8f98f0, hasCallback=1
04-18 11:40:22.651 I/SharedRPC(11444):   toNotify count: 1
04-18 11:40:22.651 I/SharedRPC(11444):   invoking executor for callId=onekey:bg:jotai:28
04-18 11:40:22.651 I/BackgroundThread(11444): executor: calling scheduleOnJSThread(isMain=1, workId=33)
04-18 11:40:22.651 I/SharedRPC(11444): notifyOtherRuntime: callId=onekey:bg:jotai:29, listeners=2, callerRt=0xb4007b5c7b8f98f0
04-18 11:40:22.651 I/SharedRPC(11444):   listener: id=main, rt=0xb4007b5c7b8f4cd0, hasCallback=1
04-18 11:40:22.651 I/SharedRPC(11444):   listener: id=background, rt=0xb4007b5c7b8f98f0, hasCallback=1
04-18 11:40:22.651 I/SharedRPC(11444):   toNotify count: 1
04-18 11:40:22.651 I/SharedRPC(11444):   invoking executor for callId=onekey:bg:jotai:29
04-18 11:40:22.651 I/BackgroundThread(11444): executor: calling scheduleOnJSThread(isMain=1, workId=34)
04-18 11:40:22.651 I/SharedRPC(11444): notifyOtherRuntime: callId=onekey:bg:jotai:30, listeners=2, callerRt=0xb4007b5c7b8f98f0
04-18 11:40:22.651 I/SharedRPC(11444):   listener: id=main, rt=0xb4007b5c7b8f4cd0, hasCallback=1
04-18 11:40:22.651 I/SharedRPC(11444):   listener: id=background, rt=0xb4007b5c7b8f98f0, hasCallback=1
04-18 11:40:22.651 I/SharedRPC(11444):   toNotify count: 1
04-18 11:40:22.651 I/SharedRPC(11444):   invoking executor for callId=onekey:bg:jotai:30
04-18 11:40:22.651 I/BackgroundThread(11444): executor: calling scheduleOnJSThread(isMain=1, workId=35)
04-18 11:40:22.651 I/SharedRPC(11444): notifyOtherRuntime: callId=onekey:bg:jotai:31, listeners=2, callerRt=0xb4007b5c7b8f98f0
04-18 11:40:22.651 I/SharedRPC(11444):   listener: id=main, rt=0xb4007b5c7b8f4cd0, hasCallback=1
04-18 11:40:22.651 I/SharedRPC(11444):   listener: id=background, rt=0xb4007b5c7b8f98f0, hasCallback=1
04-18 11:40:22.651 I/SharedRPC(11444):   toNotify count: 1
04-18 11:40:22.651 I/SharedRPC(11444):   invoking executor for callId=onekey:bg:jotai:31
04-18 11:40:22.651 I/BackgroundThread(11444): executor: calling scheduleOnJSThread(isMain=1, workId=36)
04-18 11:40:22.651 I/SharedRPC(11444): notifyOtherRuntime: callId=onekey:bg:jotai:32, listeners=2, callerRt=0xb4007b5c7b8f98f0
04-18 11:40:22.651 I/SharedRPC(11444):   listener: id=main, rt=0xb4007b5c7b8f4cd0, hasCallback=1
04-18 11:40:22.651 I/SharedRPC(11444):   listener: id=background, rt=0xb4007b5c7b8f98f0, hasCallback=1
04-18 11:40:22.651 I/SharedRPC(11444):   toNotify count: 1
04-18 11:40:22.651 I/SharedRPC(11444):   invoking executor for callId=onekey:bg:jotai:32
04-18 11:40:22.651 I/BackgroundThread(11444): executor: calling scheduleOnJSThread(isMain=1, workId=37)
04-18 11:40:22.651 I/SharedRPC(11444): notifyOtherRuntime: callId=onekey:bg:jotai:33, listeners=2, callerRt=0xb4007b5c7b8f98f0
04-18 11:40:22.651 I/SharedRPC(11444):   listener: id=main, rt=0xb4007b5c7b8f4cd0, hasCallback=1
04-18 11:40:22.651 I/SharedRPC(11444):   listener: id=background, rt=0xb4007b5c7b8f98f0, hasCallback=1
04-18 11:40:22.651 I/SharedRPC(11444):   toNotify count: 1
04-18 11:40:22.651 I/SharedRPC(11444):   invoking executor for callId=onekey:bg:jotai:33
04-18 11:40:22.651 I/BackgroundThread(11444): executor: calling scheduleOnJSThread(isMain=1, workId=38)
04-18 11:40:22.651 I/SharedRPC(11444): notifyOtherRuntime: callId=onekey:bg:jotai:34, listeners=2, callerRt=0xb4007b5c7b8f98f0
04-18 11:40:22.651 I/SharedRPC(11444):   listener: id=main, rt=0xb4007b5c7b8f4cd0, hasCallback=1
04-18 11:40:22.651 I/SharedRPC(11444):   listener: id=background, rt=0xb4007b5c7b8f98f0, hasCallback=1
04-18 11:40:22.651 I/SharedRPC(11444):   toNotify count: 1
04-18 11:40:22.651 I/SharedRPC(11444):   invoking executor for callId=onekey:bg:jotai:34
04-18 11:40:22.651 I/BackgroundThread(11444): executor: calling scheduleOnJSThread(isMain=1, workId=39)
04-18 11:40:22.651 I/SharedRPC(11444):   cb->call succeeded for callId=onekey:bg:jotai:1
04-18 11:40:22.651 I/SharedRPC(11444): notifyOtherRuntime: callId=onekey:bg:jotai:35, listeners=2, callerRt=0xb4007b5c7b8f98f0
04-18 11:40:22.651 I/SharedRPC(11444):   listener: id=main, rt=0xb4007b5c7b8f4cd0, hasCallback=1
04-18 11:40:22.651 I/SharedRPC(11444):   listener: id=background, rt=0xb4007b5c7b8f98f0, hasCallback=1
04-18 11:40:22.651 I/SharedRPC(11444):   toNotify count: 1
04-18 11:40:22.651 I/SharedRPC(11444):   invoking executor for callId=onekey:bg:jotai:35
04-18 11:40:22.651 I/BackgroundThread(11444): executor: calling scheduleOnJSThread(isMain=1, workId=40)
04-18 11:40:22.651 I/SharedRPC(11444): notifyOtherRuntime: callId=onekey:bg:jotai:36, listeners=2, callerRt=0xb4007b5c7b8f98f0
04-18 11:40:22.651 I/SharedRPC(11444):   listener: id=main, rt=0xb4007b5c7b8f4cd0, hasCallback=1
04-18 11:40:22.651 I/SharedRPC(11444):   listener: id=background, rt=0xb4007b5c7b8f98f0, hasCallback=1
04-18 11:40:22.651 I/SharedRPC(11444):   toNotify count: 1
04-18 11:40:22.651 I/SharedRPC(11444):   invoking executor for callId=onekey:bg:jotai:36
04-18 11:40:22.651 I/BackgroundThread(11444): executor: calling scheduleOnJSThread(isMain=1, workId=41)
04-18 11:40:22.651 I/SharedRPC(11444): notifyOtherRuntime: callId=onekey:bg:jotai:37, listeners=2, callerRt=0xb4007b5c7b8f98f0
04-18 11:40:22.651 I/SharedRPC(11444):   listener: id=main, rt=0xb4007b5c7b8f4cd0, hasCallback=1
04-18 11:40:22.651 I/SharedRPC(11444):   listener: id=background, rt=0xb4007b5c7b8f98f0, hasCallback=1
04-18 11:40:22.651 I/SharedRPC(11444):   toNotify count: 1
04-18 11:40:22.651 I/SharedRPC(11444):   invoking executor for callId=onekey:bg:jotai:37
04-18 11:40:22.651 I/BackgroundThread(11444): executor: calling scheduleOnJSThread(isMain=1, workId=42)
04-18 11:40:22.651 I/BackgroundThread(11444): nativeExecuteWork: runtimePtr=-5476241509742326576, workId=7
04-18 11:40:22.651 I/SharedRPC(11444):   executor work running for callId=onekey:bg:jotai:2
04-18 11:40:22.651 I/SharedRPC(11444): notifyOtherRuntime: callId=onekey:bg:jotai:38, listeners=2, callerRt=0xb4007b5c7b8f98f0
04-18 11:40:22.651 I/SharedRPC(11444):   listener: id=main, rt=0xb4007b5c7b8f4cd0, hasCallback=1
04-18 11:40:22.651 I/SharedRPC(11444):   listener: id=background, rt=0xb4007b5c7b8f98f0, hasCallback=1
04-18 11:40:22.651 I/SharedRPC(11444):   toNotify count: 1
04-18 11:40:22.651 I/SharedRPC(11444):   invoking executor for callId=onekey:bg:jotai:38
04-18 11:40:22.651 I/BackgroundThread(11444): executor: calling scheduleOnJSThread(isMain=1, workId=43)
04-18 11:40:22.651 I/SharedRPC(11444): notifyOtherRuntime: callId=onekey:bg:jotai:39, listeners=2, callerRt=0xb4007b5c7b8f98f0
04-18 11:40:22.651 I/SharedRPC(11444):   listener: id=main, rt=0xb4007b5c7b8f4cd0, hasCallback=1
04-18 11:40:22.651 I/SharedRPC(11444):   listener: id=background, rt=0xb4007b5c7b8f98f0, hasCallback=1
04-18 11:40:22.651 I/SharedRPC(11444):   toNotify count: 1
04-18 11:40:22.651 I/SharedRPC(11444):   invoking executor for callId=onekey:bg:jotai:39
04-18 11:40:22.651 I/BackgroundThread(11444): executor: calling scheduleOnJSThread(isMain=1, workId=44)
04-18 11:40:22.655 I/BackgroundThread(11444): executor: calling scheduleOnJSThread(isMain=0, workId=45)
04-18 11:40:22.655 I/BackgroundThread(11444): executor: calling scheduleOnJSThread(isMain=0, workId=46)
04-18 11:40:22.659 I/SharedRPC(11444):   cb->call succeeded for callId=onekey:bg:jotai:2
04-18 11:40:22.659 I/BackgroundThread(11444): nativeExecuteWork: runtimePtr=-5476241509742326576, workId=8
04-18 11:40:22.659 I/SharedRPC(11444):   executor work running for callId=onekey:bg:jotai:3
04-18 11:40:22.659 I/SharedRPC(11444):   cb->call succeeded for callId=onekey:bg:jotai:3
04-18 11:40:22.660 I/BackgroundThread(11444): nativeExecuteWork: runtimePtr=-5476241509742326576, workId=9
04-18 11:40:22.660 I/SharedRPC(11444):   executor work running for callId=onekey:bg:jotai:4
04-18 11:40:22.660 I/SharedRPC(11444):   cb->call succeeded for callId=onekey:bg:jotai:4
04-18 11:40:22.660 I/BackgroundThread(11444): nativeExecuteWork: runtimePtr=-5476241509742326576, workId=10
04-18 11:40:22.660 I/SharedRPC(11444):   executor work running for callId=onekey:bg:jotai:5
04-18 11:40:22.661 I/SharedRPC(11444):   cb->call succeeded for callId=onekey:bg:jotai:5
