04-18 11:40:21.560 W/ServiceManagerCppClient(  512): Permission failure: android.permission.ACCESS_SURFACE_FLINGER from uid=10233 pid=0
04-18 11:40:21.560 D/PermissionCache(  512): checking android.permission.ACCESS_SURFACE_FLINGER for uid=10233 => denied (133 us)
04-18 11:40:21.560 D/PermissionCache(  512): checking android.permission.ACCESS_SURFACE_FLINGER for uid=10233 => denied (119 us)
04-18 11:40:21.560 W/ServiceManagerCppClient(  512): Permission failure: android.permission.ROTATE_SURFACE_FLINGER from uid=10233 pid=11444
04-18 11:40:21.560 D/PermissionCache(  512): checking android.permission.ROTATE_SURFACE_FLINGER for uid=10233 => denied (14 us)
04-18 11:40:21.560 W/ServiceManagerCppClient(  512): Permission failure: android.permission.INTERNAL_SYSTEM_WINDOW from uid=10233 pid=11444
04-18 11:40:21.560 D/PermissionCache(  512): checking android.permission.INTERNAL_SYSTEM_WINDOW for uid=10233 => denied (9 us)
04-18 11:40:21.576 D/nativeloader(11444): Load /data/app/~~nmNrNuBFL2aLb4kb73vgZw==/so.onekey.app.wallet-LV-mgcdWVvW0A-tB5hF4XA==/base.apk!/lib/arm64-v8a/libhermes.so using class loader ns clns-9 (caller=/data/app/~~nmNrNuBFL2aLb4kb73vgZw==/so.onekey.app.wallet-LV-mgcdWVvW0A-tB5hF4XA==/base.apk!classes3.dex): ok
04-18 11:40:21.576 D/nativeloader(11444): Load /data/app/~~nmNrNuBFL2aLb4kb73vgZw==/so.onekey.app.wallet-LV-mgcdWVvW0A-tB5hF4XA==/base.apk!/lib/arm64-v8a/libhermestooling.so using class loader ns clns-9 (caller=/data/app/~~nmNrNuBFL2aLb4kb73vgZw==/so.onekey.app.wallet-LV-mgcdWVvW0A-tB5hF4XA==/base.apk!classes3.dex): ok
04-18 11:40:21.576 D/jni_lib_merge(11444): Entering merged library JNI_OnLoad.
04-18 11:40:21.576 D/jni_lib_merge(11444): Preparing 4 pre-merged libs (including stub)
04-18 11:40:21.576 D/jni_lib_merge(11444): Preparing to register libhermes_executor_so.  onload_func: 0x7b5a626974b0
04-18 11:40:21.576 D/jni_lib_merge(11444): Preparing to register libhermesinstancejni_so.  onload_func: 0x7b5a6269e900
04-18 11:40:21.576 D/jni_lib_merge(11444): Preparing to register libjsijniprofiler_so.  onload_func: 0x7b5a6269f0ec
04-18 11:40:21.576 D/jni_lib_merge(11444): About to register 3 actual methods.
04-18 11:40:21.578 D/nativeloader(11444): Load /data/app/~~nmNrNuBFL2aLb4kb73vgZw==/so.onekey.app.wallet-LV-mgcdWVvW0A-tB5hF4XA==/base.apk!/lib/arm64-v8a/libreactnativeappupdate.so using class loader ns clns-9 (caller=/data/app/~~nmNrNuBFL2aLb4kb73vgZw==/so.onekey.app.wallet-LV-mgcdWVvW0A-tB5hF4XA==/base.apk!classes4.dex): ok
04-18 11:40:21.579 D/nativeloader(11444): Load /data/app/~~nmNrNuBFL2aLb4kb73vgZw==/so.onekey.app.wallet-LV-mgcdWVvW0A-tB5hF4XA==/base.apk!/lib/arm64-v8a/libautosizeinput.so using class loader ns clns-9 (caller=/data/app/~~nmNrNuBFL2aLb4kb73vgZw==/so.onekey.app.wallet-LV-mgcdWVvW0A-tB5hF4XA==/base.apk!classes4.dex): ok
04-18 11:40:21.580 D/nativeloader(11444): Load /data/app/~~nmNrNuBFL2aLb4kb73vgZw==/so.onekey.app.wallet-LV-mgcdWVvW0A-tB5hF4XA==/base.apk!/lib/arm64-v8a/libreactnativebundleupdate.so using class loader ns clns-9 (caller=/data/app/~~nmNrNuBFL2aLb4kb73vgZw==/so.onekey.app.wallet-LV-mgcdWVvW0A-tB5hF4XA==/base.apk!classes4.dex): ok
04-18 11:40:21.580 D/nativeloader(11444): Load /data/app/~~nmNrNuBFL2aLb4kb73vgZw==/so.onekey.app.wallet-LV-mgcdWVvW0A-tB5hF4XA==/base.apk!/lib/arm64-v8a/libonekeyfe_reactnativecheckbiometricauthchanged.so using class loader ns clns-9 (caller=/data/app/~~nmNrNuBFL2aLb4kb73vgZw==/so.onekey.app.wallet-LV-mgcdWVvW0A-tB5hF4XA==/base.apk!classes4.dex): ok
04-18 11:40:21.581 D/nativeloader(11444): Load /data/app/~~nmNrNuBFL2aLb4kb73vgZw==/so.onekey.app.wallet-LV-mgcdWVvW0A-tB5hF4XA==/base.apk!/lib/arm64-v8a/libcloudkitmodule.so using class loader ns clns-9 (caller=/data/app/~~nmNrNuBFL2aLb4kb73vgZw==/so.onekey.app.wallet-LV-mgcdWVvW0A-tB5hF4XA==/base.apk!classes4.dex): ok
04-18 11:40:21.581 D/nativeloader(11444): Load /data/app/~~nmNrNuBFL2aLb4kb73vgZw==/so.onekey.app.wallet-LV-mgcdWVvW0A-tB5hF4XA==/base.apk!/lib/arm64-v8a/libreactnativedeviceutils.so using class loader ns clns-9 (caller=/data/app/~~nmNrNuBFL2aLb4kb73vgZw==/so.onekey.app.wallet-LV-mgcdWVvW0A-tB5hF4XA==/base.apk!classes4.dex): ok
04-18 11:40:21.582 D/nativeloader(11444): Load /data/app/~~nmNrNuBFL2aLb4kb73vgZw==/so.onekey.app.wallet-LV-mgcdWVvW0A-tB5hF4XA==/base.apk!/lib/arm64-v8a/libkeychainmodule.so using class loader ns clns-9 (caller=/data/app/~~nmNrNuBFL2aLb4kb73vgZw==/so.onekey.app.wallet-LV-mgcdWVvW0A-tB5hF4XA==/base.apk!classes4.dex): ok
04-18 11:40:21.582 D/nativeloader(11444): Load /data/app/~~nmNrNuBFL2aLb4kb73vgZw==/so.onekey.app.wallet-LV-mgcdWVvW0A-tB5hF4XA==/base.apk!/lib/arm64-v8a/libnativelogger.so using class loader ns clns-9 (caller=/data/app/~~nmNrNuBFL2aLb4kb73vgZw==/so.onekey.app.wallet-LV-mgcdWVvW0A-tB5hF4XA==/base.apk!classes4.dex): ok
04-18 11:40:21.582 D/nativeloader(11444): Load /data/app/~~nmNrNuBFL2aLb4kb73vgZw==/so.onekey.app.wallet-LV-mgcdWVvW0A-tB5hF4XA==/base.apk!/lib/arm64-v8a/libreactnativeperfmemory.so using class loader ns clns-9 (caller=/data/app/~~nmNrNuBFL2aLb4kb73vgZw==/so.onekey.app.wallet-LV-mgcdWVvW0A-tB5hF4XA==/base.apk!classes4.dex): ok
04-18 11:40:21.583 D/nativeloader(11444): Load /data/app/~~nmNrNuBFL2aLb4kb73vgZw==/so.onekey.app.wallet-LV-mgcdWVvW0A-tB5hF4XA==/base.apk!/lib/arm64-v8a/libscrollguard.so using class loader ns clns-9 (caller=/data/app/~~nmNrNuBFL2aLb4kb73vgZw==/so.onekey.app.wallet-LV-mgcdWVvW0A-tB5hF4XA==/base.apk!classes4.dex): ok
04-18 11:40:21.583 D/nativeloader(11444): Load /data/app/~~nmNrNuBFL2aLb4kb73vgZw==/so.onekey.app.wallet-LV-mgcdWVvW0A-tB5hF4XA==/base.apk!/lib/arm64-v8a/libskeleton.so using class loader ns clns-9 (caller=/data/app/~~nmNrNuBFL2aLb4kb73vgZw==/so.onekey.app.wallet-LV-mgcdWVvW0A-tB5hF4XA==/base.apk!classes4.dex): ok
04-18 11:40:21.584 D/nativeloader(11444): Load /data/app/~~nmNrNuBFL2aLb4kb73vgZw==/so.onekey.app.wallet-LV-mgcdWVvW0A-tB5hF4XA==/base.apk!/lib/arm64-v8a/libreactnativesplashscreen.so using class loader ns clns-9 (caller=/data/app/~~nmNrNuBFL2aLb4kb73vgZw==/so.onekey.app.wallet-LV-mgcdWVvW0A-tB5hF4XA==/base.apk!classes4.dex): ok
04-18 11:40:21.584 D/nativeloader(11444): Load /data/app/~~nmNrNuBFL2aLb4kb73vgZw==/so.onekey.app.wallet-LV-mgcdWVvW0A-tB5hF4XA==/base.apk!/lib/arm64-v8a/libreactnativegetrandomvalues.so using class loader ns clns-9 (caller=/data/app/~~nmNrNuBFL2aLb4kb73vgZw==/so.onekey.app.wallet-LV-mgcdWVvW0A-tB5hF4XA==/base.apk!classes4.dex): ok
04-18 11:40:21.585 I/NitroMmkvOnLoad(11444): Loading NitroMmkv C++ library...
04-18 11:40:21.585 D/nativeloader(11444): Load /data/app/~~nmNrNuBFL2aLb4kb73vgZw==/so.onekey.app.wallet-LV-mgcdWVvW0A-tB5hF4XA==/base.apk!/lib/arm64-v8a/libNitroMmkv.so using class loader ns clns-9 (caller=/data/app/~~nmNrNuBFL2aLb4kb73vgZw==/so.onekey.app.wallet-LV-mgcdWVvW0A-tB5hF4XA==/base.apk!classes4.dex): ok
04-18 11:40:21.585 I/NitroMmkvOnLoad(11444): Successfully loaded NitroMmkv C++ library!
04-18 11:40:21.590 D/nativeloader(11444): Load /data/app/~~nmNrNuBFL2aLb4kb73vgZw==/so.onekey.app.wallet-LV-mgcdWVvW0A-tB5hF4XA==/base.apk!/lib/arm64-v8a/librealm.so using class loader ns clns-9 (caller=/data/app/~~nmNrNuBFL2aLb4kb73vgZw==/so.onekey.app.wallet-LV-mgcdWVvW0A-tB5hF4XA==/base.apk!classes3.dex): ok
04-18 11:40:21.590 I/fiis    ( 1606): (REDACTED) O received %s
04-18 11:40:21.592 D/BackgroundInstallControlService(  656): Package event received: 0
04-18 11:40:21.596 D/RNBleUtils(11444): BleManager initialized
04-18 11:40:21.597 I/WifiService(  656): getVerboseLoggingLevel uid=10233
04-18 11:40:21.608 I/ExpoModulesCore(11444): ✅ AppContext was initialized
04-18 11:40:21.610 V/Realm   (11444): setDefaultRealmFileDirectory
04-18 11:40:21.610 D/Realm   (11444): Absolute path: /data/data/so.onekey.app.wallet/files
04-18 11:40:21.621 W/unknown:BridgelessReact(11444): ReactHost{0}.getOrCreateReactInstanceTask(): Loading JS Bundle
04-18 11:40:21.622 I/SplitBundle(11444): main common bundle loaded from assets in 0.1ms: common.bundle
04-18 11:40:21.622 I/SplitBundle(11444): main entry bundle loaded from assets in 0.0ms: index.android.bundle
04-18 11:40:21.622 I/SplitBundle(11444): main sequential asset load total: 0.5ms (common=0.1ms + entry=0.0ms)
04-18 11:40:21.622 W/unknown:BridgelessReact(11444): ReactHost{0}.getOrCreateReactInstanceTask(): Calling DevSupportManagerBase.onNewReactContextCreated(reactContext)
04-18 11:40:21.622 W/unknown:BridgelessReact(11444): ReactHost{0}.startSurface(surfaceId = 0): Execute
04-18 11:40:21.638 W/unknown:BridgelessReact(11444): ReactContext.onHostResume()
04-18 11:40:21.639 W/unknown:BridgelessReact(11444): ReactHost{0}.getOrCreateReactInstanceTask(): Executing ReactInstanceEventListeners
04-18 11:40:21.640 D/nativeloader(11444): Load /data/app/~~nmNrNuBFL2aLb4kb73vgZw==/so.onekey.app.wallet-LV-mgcdWVvW0A-tB5hF4XA==/base.apk!/lib/arm64-v8a/libexpo-modules-core.so using class loader ns clns-9 (caller=/data/app/~~nmNrNuBFL2aLb4kb73vgZw==/so.onekey.app.wallet-LV-mgcdWVvW0A-tB5hF4XA==/base.apk!classes3.dex): ok
04-18 11:40:21.641 D/nativeloader(11444): Load /data/app/~~nmNrNuBFL2aLb4kb73vgZw==/so.onekey.app.wallet-LV-mgcdWVvW0A-tB5hF4XA==/base.apk!/lib/arm64-v8a/libbackground_thread.so using class loader ns clns-9 (caller=/data/app/~~nmNrNuBFL2aLb4kb73vgZw==/so.onekey.app.wallet-LV-mgcdWVvW0A-tB5hF4XA==/base.apk!classes2.dex): ok
04-18 11:40:21.643 W/unknown:BridgelessReact(11444): ReactHost{1}.getOrCreateStartTask(): Schedule
04-18 11:40:21.643 W/unknown:BridgelessReact(11444): ReactHost{1}.getOrCreateReactInstanceTask()
04-18 11:40:21.643 W/unknown:BridgelessReact(11444): ReactHost{1}.getOrCreateReactInstanceTask(): Start
04-18 11:40:21.643 W/unknown:BridgelessReact(11444): ReactHost{1}.getJSBundleLoader()
04-18 11:40:21.643 W/unknown:BridgelessReact(11444): ReactHost{1}.getOrCreateReactContext(): Creating BridgelessReactContext
04-18 11:40:21.643 W/unknown:BridgelessReact(11444): ReactHost{1}.getOrCreateReactInstanceTask(): Creating ReactInstance
04-18 11:40:21.645 D/CompatChangeReporter(11444): Compat change id reported: 349519475; UID 10233; state: ENABLED
04-18 11:40:21.645 W/Paint   (11444): The elegant text height cannot be turned off.
04-18 11:40:21.645 D/RNBleUtils(11444): BleManager initialized
04-18 11:40:21.649 W/unknown:ViewManagerPropertyUpdater(11444): Could not find generated setter for class com.reactnativekeyboardcontroller.OverKeyboardViewManager
04-18 11:40:21.650 W/unknown:ViewManagerPropertyUpdater(11444): Could not find generated setter for class com.reactnativekeyboardcontroller.views.overlay.OverKeyboardHostShadowNode
04-18 11:40:21.650 W/unknown:ViewManagerPropertyUpdater(11444): Could not find generated setter for class com.swmansion.rnscreens.ScreenFooterManager
04-18 11:40:21.650 I/ExpoModulesCore(11444): ✅ AppContext was initialized
04-18 11:40:21.650 V/Realm   (11444): setDefaultRealmFileDirectory
04-18 11:40:21.650 D/Realm   (11444): Absolute path: /data/data/so.onekey.app.wallet/files
04-18 11:40:21.651 W/unknown:ViewManagerPropertyUpdater(11444): Could not find generated setter for class com.facebook.react.uimanager.LayoutShadowNode
04-18 11:40:21.651 W/unknown:ViewManagerPropertyUpdater(11444): Could not find generated setter for class com.swmansion.rnscreens.gamma.tabs.TabScreenViewManager
04-18 11:40:21.651 W/unknown:ViewManagerPropertyUpdater(11444): Could not find generated setter for class com.swmansion.rnscreens.ScreenContainerViewManager
04-18 11:40:21.651 W/unknown:ViewManagerPropertyUpdater(11444): Could not find generated setter for class com.reactnativecommunity.slider.ReactSliderManager
04-18 11:40:21.652 W/unknown:ViewManagerPropertyUpdater(11444): Could not find generated setter for class expo.modules.kotlin.views.GroupViewManagerWrapper
04-18 11:40:21.652 W/unknown:ViewManagerPropertyUpdater(11444): Could not find generated setter for class com.swmansion.rnscreens.gamma.tabs.TabsHostViewManager
04-18 11:40:21.652 W/HWUI    (  656): Image decoding logging dropped!
04-18 11:40:21.652 W/PermissionService(  656): getPermissionFlags: Unknown user -1
04-18 11:40:21.652 W/unknown:ViewManagerPropertyUpdater(11444): Could not find generated setter for class io.sentry.react.replay.RNSentryReplayUnmaskManager
04-18 11:40:21.652 W/unknown:ViewManagerPropertyUpdater(11444): Could not find generated setter for class com.swmansion.rnscreens.ModalScreenViewManager
04-18 11:40:21.653 W/unknown:ViewManagerPropertyUpdater(11444): Could not find generated setter for class com.margelo.nitro.scrollguard.ScrollGuardViewGroupManager
04-18 11:40:21.653 W/unknown:ViewManagerPropertyUpdater(11444): Could not find generated setter for class com.reactnativekeyboardcontroller.KeyboardGestureAreaViewManager
04-18 11:40:21.653 W/NotificationHistory(  656): Attempted to add notif for locked/gone/disabled user 0
04-18 11:40:21.653 W/unknown:ViewManagerPropertyUpdater(11444): Could not find generated setter for class com.th3rdwave.safeareacontext.SafeAreaViewManager
04-18 11:40:21.653 W/unknown:ViewManagerPropertyUpdater(11444): Could not find generated setter for class com.th3rdwave.safeareacontext.SafeAreaViewShadowNode
04-18 11:40:21.653 W/unknown:ViewManagerPropertyUpdater(11444): Could not find generated setter for class com.swmansion.rnscreens.safearea.SafeAreaViewManager
04-18 11:40:21.653 W/unknown:ViewManagerPropertyUpdater(11444): Could not find generated setter for class com.swmansion.rnscreens.safearea.paper.SafeAreaViewShadowNode
04-18 11:40:21.654 D/BackgroundInstallControlService(  656): Package event received: 0
04-18 11:40:21.655 W/unknown:ViewManagerPropertyUpdater(11444): Could not find generated setter for class com.swmansion.rnscreens.ScreenViewManager
04-18 11:40:21.657 W/unknown:ViewManagerPropertyUpdater(11444): Could not find generated setter for class expo.modules.kotlin.views.SimpleViewManagerWrapper
04-18 11:40:21.657 W/AiAiEcho( 1571): LyftNotificationParser Ridesharing ETA not enabled
04-18 11:40:21.657 I/AiAiEcho( 1571): SmartspaceNotificationPredictor no parser can handle this notification or notification is invalid
04-18 11:40:21.657 W/unknown:ViewManagerPropertyUpdater(11444): Could not find generated setter for class com.margelo.nitro.skeleton.views.HybridSkeletonManager
04-18 11:40:21.658 W/unknown:ViewManagerPropertyUpdater(11444): Could not find generated setter for class com.swmansion.rnscreens.ScreenStackViewManager
04-18 11:40:21.658 W/unknown:ViewManagerPropertyUpdater(11444): Could not find generated setter for class io.sentry.react.RNSentryOnDrawReporterManager
04-18 11:40:21.658 W/unknown:ViewManagerPropertyUpdater(11444): Could not find generated setter for class com.airbnb.android.react.lottie.LottieAnimationViewManager
04-18 11:40:21.659 W/unknown:ViewManagerPropertyUpdater(11444): Could not find generated setter for class com.brentvatne.exoplayer.ReactExoplayerViewManager
04-18 11:40:21.659 W/unknown:ViewManagerPropertyUpdater(11444): Could not find generated setter for class com.th3rdwave.safeareacontext.SafeAreaProviderManager
04-18 11:40:21.660 W/unknown:ViewManagerPropertyUpdater(11444): Could not find generated setter for class com.swmansion.rnscreens.SearchBarManager
04-18 11:40:21.660 W/unknown:ViewManagerPropertyUpdater(11444): Could not find generated setter for class com.reactnativecommunity.webview.RNCWebViewManager
04-18 11:40:21.661 I/NotificationListener( 1040): received notification removed event - android#UserHandle{-1},category=-1
04-18 11:40:21.661 W/unknown:ViewManagerPropertyUpdater(11444): Could not find generated setter for class com.reactnativekeyboardcontroller.KeyboardControllerViewManager
04-18 11:40:21.661 W/unknown:ViewManagerPropertyUpdater(11444): Could not find generated setter for class com.rncamerakit.CKCameraManager
04-18 11:40:21.661 W/unknown:ViewManagerPropertyUpdater(11444): Could not find generated setter for class com.swmansion.rnscreens.ScreenStackHeaderConfigViewManager
04-18 11:40:21.661 W/unknown:ViewManagerPropertyUpdater(11444): Could not find generated setter for class com.swmansion.rnscreens.ScreenContentWrapperManager
04-18 11:40:21.661 W/unknown:ViewManagerPropertyUpdater(11444): Could not find generated setter for class com.textinput.TextInputViewManager
04-18 11:40:21.662 W/unknown:ViewManagerPropertyUpdater(11444): Could not find generated setter for class com.facebook.react.views.textinput.ReactTextInputShadowNode
04-18 11:40:21.662 W/unknown:ViewManagerPropertyUpdater(11444): Could not find generated setter for class com.reactnativepagerview.PagerViewViewManager
04-18 11:40:21.662 W/unknown:ViewManagerPropertyUpdater(11444): Could not find generated setter for class com.swmansion.rnscreens.gamma.stack.host.StackHostViewManager
04-18 11:40:21.662 W/unknown:ViewManagerPropertyUpdater(11444): Could not find generated setter for class com.reactnativegooglesignin.RNGoogleSigninButtonViewManager
04-18 11:40:21.662 W/unknown:ViewManagerPropertyUpdater(11444): Could not find generated setter for class com.margelo.nitro.autosizeinput.views.HybridAutoSizeInputManager
04-18 11:40:21.662 W/unknown:ViewManagerPropertyUpdater(11444): Could not find generated setter for class com.swmansion.rnscreens.ScreenStackHeaderSubviewManager
04-18 11:40:21.663 W/unknown:ViewManagerPropertyUpdater(11444): Could not find generated setter for class com.swmansion.rnscreens.gamma.stack.screen.StackScreenViewManager
04-18 11:40:21.663 W/unknown:ViewManagerPropertyUpdater(11444): Could not find generated setter for class io.sentry.react.replay.RNSentryReplayMaskManager
04-18 11:40:21.663 W/unknown:ViewManagerPropertyUpdater(11444): Could not find generated setter for class com.rcttabview.RCTTabViewManager
04-18 11:40:21.663 W/unknown:ViewManagerPropertyUpdater(11444): Could not find generated setter for class com.reactnativekeyboardcontroller.KeyboardBackgroundViewManager
04-18 11:40:21.670 W/unknown:BridgelessReact(11444): ReactHost{1}.getOrCreateReactInstanceTask(): Loading JS Bundle
04-18 11:40:21.672 W/unknown:BridgelessReact(11444): ReactHost{1}.getOrCreateReactInstanceTask(): Calling DevSupportManagerBase.onNewReactContextCreated(reactContext)
04-18 11:40:21.673 W/unknown:ViewManagerPropertyUpdater(11444): Could not find generated setter for class com.horcrux.svg.RenderableViewManager$DefsViewManager
04-18 11:40:21.674 W/unknown:ViewManagerPropertyUpdater(11444): Could not find generated setter for class com.horcrux.svg.VirtualViewManager$RenderableShadowNode
04-18 11:40:21.675 W/unknown:ViewManagerPropertyUpdater(11444): Could not find generated setter for class com.horcrux.svg.RenderableViewManager$FeMergeManager
04-18 11:40:21.676 W/unknown:ViewManagerPropertyUpdater(11444): Could not find generated setter for class com.facebook.react.views.safeareaview.ReactSafeAreaViewManager
04-18 11:40:21.676 W/unknown:ViewManagerPropertyUpdater(11444): Could not find generated setter for class com.facebook.react.views.safeareaview.ReactSafeAreaViewShadowNode
04-18 11:40:21.676 W/unknown:ViewManagerPropertyUpdater(11444): Could not find generated setter for class com.horcrux.svg.RenderableViewManager$LinearGradientManager
04-18 11:40:21.677 W/unknown:ViewManagerPropertyUpdater(11444): Could not find generated setter for class com.horcrux.svg.RenderableViewManager$FeGaussianBlurManager
04-18 11:40:21.677 W/unknown:ViewManagerPropertyUpdater(11444): Could not find generated setter for class com.facebook.react.views.progressbar.ReactProgressBarViewManager
04-18 11:40:21.678 W/unknown:ViewManagerPropertyUpdater(11444): Could not find generated setter for class com.facebook.react.views.progressbar.ProgressBarShadowNode
04-18 11:40:21.678 W/unknown:ViewManagerPropertyUpdater(11444): Could not find generated setter for class com.facebook.react.views.scroll.ReactHorizontalScrollViewManager
04-18 11:40:21.679 W/unknown:ViewManagerPropertyUpdater(11444): Could not find generated setter for class com.facebook.react.views.text.ReactTextViewManager
04-18 11:40:21.679 W/unknown:ViewManagerPropertyUpdater(11444): Could not find generated setter for class com.facebook.react.views.text.ReactTextShadowNode
04-18 11:40:21.680 W/unknown:ViewManagerPropertyUpdater(11444): Could not find generated setter for class com.horcrux.svg.RenderableViewManager$FeColorMatrixManager
04-18 11:40:21.680 W/unknown:ViewManagerPropertyUpdater(11444): Could not find generated setter for class com.facebook.react.views.scroll.ReactHorizontalScrollContainerViewManager
04-18 11:40:21.681 W/unknown:ViewManagerPropertyUpdater(11444): Could not find generated setter for class com.horcrux.svg.RenderableViewManager$ClipPathViewManager
04-18 11:40:21.681 W/unknown:ViewManagerPropertyUpdater(11444): Could not find generated setter for class com.horcrux.svg.RenderableViewManager$SymbolManager
04-18 11:40:21.681 W/unknown:ViewManagerPropertyUpdater(11444): Could not find generated setter for class com.horcrux.svg.RenderableViewManager$PatternManager
04-18 11:40:21.682 W/unknown:ViewManagerPropertyUpdater(11444): Could not find generated setter for class com.horcrux.svg.RenderableViewManager$FeBlendManager
04-18 11:40:21.682 W/unknown:ViewManagerPropertyUpdater(11444): Could not find generated setter for class com.facebook.react.views.view.ReactViewManager
04-18 11:40:21.682 W/unknown:ViewManagerPropertyUpdater(11444): Could not find generated setter for class com.horcrux.svg.SvgViewManager
04-18 11:40:21.683 W/unknown:ViewManagerPropertyUpdater(11444): Could not find generated setter for class com.facebook.react.views.switchview.ReactSwitchManager
04-18 11:40:21.683 W/unknown:ViewManagerPropertyUpdater(11444): Could not find generated setter for class com.facebook.react.views.switchview.ReactSwitchShadowNode
04-18 11:40:21.683 W/unknown:ViewManagerPropertyUpdater(11444): Could not find generated setter for class com.horcrux.svg.RenderableViewManager$UseViewManager
04-18 11:40:21.684 W/unknown:ViewManagerPropertyUpdater(11444): Could not find generated setter for class com.horcrux.svg.RenderableViewManager$CircleViewManager
04-18 11:40:21.685 W/unknown:ViewManagerPropertyUpdater(11444): Could not find generated setter for class com.horcrux.svg.RenderableViewManager$TSpanViewManager
04-18 11:40:21.686 W/unknown:ViewManagerPropertyUpdater(11444): Could not find generated setter for class com.horcrux.svg.RenderableViewManager$FilterManager
04-18 11:40:21.686 W/unknown:ViewManagerPropertyUpdater(11444): Could not find generated setter for class com.horcrux.svg.RenderableViewManager$MarkerManager
04-18 11:40:21.687 W/unknown:ViewManagerPropertyUpdater(11444): Could not find generated setter for class com.swmansion.gesturehandler.react.RNGestureHandlerButtonViewManager
04-18 11:40:21.687 W/unknown:ViewManagerPropertyUpdater(11444): Could not find generated setter for class com.facebook.react.views.modal.ReactModalHostManager
04-18 11:40:21.688 W/unknown:BridgelessReact(11444): ReactHost{1}.getOrCreateReactInstanceTask(): Executing ReactInstanceEventListeners
04-18 11:40:21.688 W/unknown:ViewManagerPropertyUpdater(11444): Could not find generated setter for class com.horcrux.svg.RenderableViewManager$ForeignObjectManager
04-18 11:40:21.688 W/unknown:ViewManagerPropertyUpdater(11444): Could not find generated setter for class com.horcrux.svg.RenderableViewManager$EllipseViewManager
04-18 11:40:21.689 W/unknown:ViewManagerPropertyUpdater(11444): Could not find generated setter for class com.horcrux.svg.RenderableViewManager$LineViewManager
04-18 11:40:21.689 W/unknown:ViewManagerPropertyUpdater(11444): Could not find generated setter for class com.facebook.react.views.text.frescosupport.FrescoBasedReactTextInlineImageViewManager
04-18 11:40:21.690 W/unknown:ViewManagerPropertyUpdater(11444): Could not find generated setter for class com.facebook.react.views.text.frescosupport.FrescoBasedReactTextInlineImageShadowNode
04-18 11:40:21.690 W/unknown:ViewManagerPropertyUpdater(11444): Could not find generated setter for class com.horcrux.svg.RenderableViewManager$FeFloodManager
04-18 11:40:21.690 W/unknown:ViewManagerPropertyUpdater(11444): Could not find generated setter for class com.horcrux.svg.RenderableViewManager$GroupViewManager
04-18 11:40:21.691 W/unknown:ViewManagerPropertyUpdater(11444): Could not find generated setter for class com.horcrux.svg.RenderableViewManager$TextViewManager
04-18 11:40:21.691 W/unknown:ViewManagerPropertyUpdater(11444): Could not find generated setter for class com.horcrux.svg.RenderableViewManager$ImageViewManager
04-18 11:40:21.692 W/unknown:ViewManagerPropertyUpdater(11444): Could not find generated setter for class com.horcrux.svg.RenderableViewManager$FeCompositeManager
04-18 11:40:21.693 W/unknown:ViewManagerPropertyUpdater(11444): Could not find generated setter for class com.facebook.react.views.image.ReactImageManager
04-18 11:40:21.693 W/unknown:ViewManagerPropertyUpdater(11444): Could not find generated setter for class com.horcrux.svg.RenderableViewManager$RadialGradientManager
04-18 11:40:21.694 W/unknown:ViewManagerPropertyUpdater(11444): Could not find generated setter for class com.horcrux.svg.RenderableViewManager$MaskManager
04-18 11:40:21.694 W/unknown:ViewManagerPropertyUpdater(11444): Could not find generated setter for class com.facebook.react.views.unimplementedview.ReactUnimplementedViewManager
04-18 11:40:21.694 W/unknown:ViewManagerPropertyUpdater(11444): Could not find generated setter for class com.horcrux.svg.RenderableViewManager$RectViewManager
04-18 11:40:21.695 W/unknown:ViewManagerPropertyUpdater(11444): Could not find generated setter for class com.horcrux.svg.RenderableViewManager$TextPathViewManager
04-18 11:40:21.696 W/unknown:ViewManagerPropertyUpdater(11444): Could not find generated setter for class com.facebook.react.views.scroll.ReactScrollViewManager
04-18 11:40:21.696 W/unknown:ViewManagerPropertyUpdater(11444): Could not find generated setter for class com.horcrux.svg.RenderableViewManager$FeOffsetManager
04-18 11:40:21.697 W/unknown:ViewManagerPropertyUpdater(11444): Could not find generated setter for class com.horcrux.svg.RenderableViewManager$PathViewManager
04-18 11:40:21.698 W/unknown:ViewManagerPropertyUpdater(11444): Could not find generated setter for class com.facebook.react.views.drawer.ReactDrawerLayoutManager
04-18 11:40:21.698 W/unknown:ViewManagerPropertyUpdater(11444): Could not find generated setter for class com.facebook.react.views.text.ReactVirtualTextViewManager
04-18 11:40:21.698 W/unknown:ViewManagerPropertyUpdater(11444): Could not find generated setter for class com.facebook.react.views.text.ReactVirtualTextShadowNode
04-18 11:40:21.699 W/unknown:ViewManagerPropertyUpdater(11444): Could not find generated setter for class com.facebook.react.views.swiperefresh.SwipeRefreshLayoutManager
04-18 11:40:21.700 W/unknown:ViewManagerPropertyUpdater(11444): Could not find generated setter for class com.facebook.react.views.text.ReactRawTextManager
04-18 11:40:21.700 W/unknown:ViewManagerPropertyUpdater(11444): Could not find generated setter for class com.facebook.react.views.text.ReactRawTextShadowNode
04-18 11:40:21.700 W/unknown:ViewManagerPropertyUpdater(11444): Could not find generated setter for class com.facebook.react.views.textinput.ReactTextInputManager
04-18 11:40:21.700 W/unknown:ViewManagerPropertyUpdater(11444): Could not find generated setter for class com.swmansion.gesturehandler.react.RNGestureHandlerRootViewManager
04-18 11:40:21.702 W/[RNScreens](11444): InsetObserverProxy registers on new context while it has not been invalidated on the old one. Please report this as issue at https://github.com/software-mansion/react-native-screens/issues
04-18 11:40:21.708 V/WindowManagerShell(  905): Transition animation finished (aborted=false), notifying core (#86) android.os.BinderProxy@c257dd8@0
04-18 11:40:21.709 V/WindowManager(  656): Finish Transition (#86): created at 04-18 11:40:21.384 collect-started=0.024ms request-sent=2.282ms started=3.397ms ready=31.67ms sent=32.099ms commit=5.405ms finished=324.462ms
04-18 11:40:21.709 V/WindowManagerShell(  905): Track 0 became idle
04-18 11:40:21.709 V/WindowManagerShell(  905): All active transition animations finished
04-18 11:40:21.709 D/VRI[NexusLauncherActivity]( 1040): visibilityChanged oldVisibility=true newVisibility=false
04-18 11:40:21.714 I/NitroModules(11444): Loading NitroModules C++ library...
04-18 11:40:21.715 D/nativeloader(11444): Load /data/app/~~nmNrNuBFL2aLb4kb73vgZw==/so.onekey.app.wallet-LV-mgcdWVvW0A-tB5hF4XA==/base.apk!/lib/arm64-v8a/libNitroModules.so using class loader ns clns-9 (caller=/data/app/~~nmNrNuBFL2aLb4kb73vgZw==/so.onekey.app.wallet-LV-mgcdWVvW0A-tB5hF4XA==/base.apk!classes4.dex): ok
04-18 11:40:21.715 I/NitroModules(11444): Successfully loaded NitroModules C++ library!
04-18 11:40:21.719 D/nativeloader(11444): Load /data/app/~~nmNrNuBFL2aLb4kb73vgZw==/so.onekey.app.wallet-LV-mgcdWVvW0A-tB5hF4XA==/base.apk!/lib/arm64-v8a/libworklets.so using class loader ns clns-9 (caller=/data/app/~~nmNrNuBFL2aLb4kb73vgZw==/so.onekey.app.wallet-LV-mgcdWVvW0A-tB5hF4XA==/base.apk!classes3.dex): ok
04-18 11:40:21.722 D/NexusLauncherModelDelegate( 1040): notifySmartspaceEvent: SmartspaceTargetEvent{mSmartspaceTarget=null, mSmartspaceActionId='null', mEventType=7}
04-18 11:40:21.729 W/BridgelessReactContext(11444): [WARNING] Bridgeless doesn't support CatalystInstance. Accessing an API that's not part of the new architecture is not encouraged usage.
04-18 11:40:21.731 I/ExpoModulesCore(11444): ✅ JSI interop was installed
04-18 11:40:21.732 I/ExpoModulesCore(11444): ✅ Constants were exported
04-18 11:40:21.749 W/BridgelessReactContext(11444): [WARNING] Bridgeless doesn't support CatalystInstance. Accessing an API that's not part of the new architecture is not encouraged usage.
04-18 11:40:21.750 I/ExpoModulesCore(11444): ✅ JSI interop was installed
04-18 11:40:21.751 I/ExpoModulesCore(11444): ✅ Constants were exported
04-18 11:40:21.755 D/FileUtils(  656): Rounded bytes from 4165484544 to 8000000000
04-18 11:40:21.766 D/FileUtils(  656): Rounded bytes from 4165484544 to 8000000000
04-18 11:40:21.785 D/nativeloader(11444): Load /data/app/~~nmNrNuBFL2aLb4kb73vgZw==/so.onekey.app.wallet-LV-mgcdWVvW0A-tB5hF4XA==/base.apk!/lib/arm64-v8a/libreanimated.so using class loader ns clns-9 (caller=/data/app/~~nmNrNuBFL2aLb4kb73vgZw==/so.onekey.app.wallet-LV-mgcdWVvW0A-tB5hF4XA==/base.apk!classes3.dex): ok
04-18 11:40:21.800 I/CxxRealmModule(11444): CTOR #1: this=0xb4007b5cbb891d68, invoker=0xb4007b5bfb8c1d00, thread=135627699340544
04-18 11:40:21.800 I/RealmScheduler(11444): create_scheduler #1: invoker=0xb4007b5bfb8c1d00, thread=135627699340544, prev_scheduler=0x0
04-18 11:40:21.800 I/RealmScheduler(11444): ReactScheduler CTOR: this=0xb4007b5d1ba441a8, invoker=0xb4007b5bfb8c1d00, m_id=135627699340544
04-18 11:40:21.800 I/RealmScheduler(11444): create_scheduler #1: new_scheduler=0xb4007b5d1ba441a8 set
04-18 11:40:21.800 I/CxxRealmModule(11444): CTOR #1: scheduler created for invoker=0xb4007b5bfb8c1d00
04-18 11:40:21.800 I/CxxRealmModule(11444): initialize #1: runtime=0xb4007b5c7b8f98f0, thread=135627699340544
04-18 11:40:21.800 I/CxxRealmModule(11444): initialize #1: done
04-18 11:40:21.848 D/nativeloader(11444): Load /data/app/~~nmNrNuBFL2aLb4kb73vgZw==/so.onekey.app.wallet-LV-mgcdWVvW0A-tB5hF4XA==/base.apk!/lib/arm64-v8a/librnscreens.so using class loader ns clns-9 (caller=/data/app/~~nmNrNuBFL2aLb4kb73vgZw==/so.onekey.app.wallet-LV-mgcdWVvW0A-tB5hF4XA==/base.apk!classes5.dex): ok
04-18 11:40:21.858 I/NotificationListener( 1040): received notification removed event - android#UserHandle{-1},category=-1
04-18 11:40:21.858 W/AiAiEcho( 1571): LyftNotificationParser Ridesharing ETA not enabled
04-18 11:40:21.858 I/AiAiEcho( 1571): SmartspaceNotificationPredictor no parser can handle this notification or notification is invalid
04-18 11:40:21.938 W/unknown:BridgelessReact(11444): ReactHost{0}.registerSegment(segmentId = "3293", path = "/data/user/0/so.onekey.app.wallet/files/onekey-builtin-segments/1.0.0/segments/nm._formatjs.seg.hbc"): Schedule
04-18 11:40:21.938 W/unknown:BridgelessReact(11444): ReactHost{0}.registerSegment(segmentId = "3293", path = "/data/user/0/so.onekey.app.wallet/files/onekey-builtin-segments/1.0.0/segments/nm._formatjs.seg.hbc"): Execute
04-18 11:40:21.977 I/BackgroundThread(11444): SharedStore and SharedRPC installed (isMain=1)
04-18 11:40:22.039 I/ReactNative(11444): [GESTURE HANDLER] Initialize gesture handler for root view com.facebook.react.runtime.ReactSurfaceView{cc5fe8a V.E...... ......ID 0,0-1080,2400 #1}
04-18 11:40:22.040 W/unknown:ViewManagerPropertyUpdater(11444): Could not find generated setter for class com.facebook.react.uimanager.RootViewManager
04-18 11:40:22.046 I/ekey.app.wallet(11444): AssetManager2(0xb4007b5c0b8b77b8) locale list changing from [] to [en-US]
04-18 11:40:22.046 I/WebViewFactory(11444): Loading com.google.android.webview version 133.0.6943.137 (code 694313732)
04-18 11:40:22.046 I/ekey.app.wallet(11444): AssetManager2(0xb4007b5c0b8bacd8) locale list changing from [] to [en-US]
04-18 11:40:22.047 I/ekey.app.wallet(11444): AssetManager2(0xb4007b5c0b8bcc18) locale list changing from [] to [en-US]
04-18 11:40:22.047 I/ekey.app.wallet(11444): AssetManager2(0xb4007b5c0b8b7498) locale list changing from [] to [en-US]
04-18 11:40:22.048 I/ekey.app.wallet(11444): AssetManager2(0xb4007b5c0b8ba698) locale list changing from [] to [en-US]
04-18 11:40:22.048 V/ResourcesManager(11444): The following library key has been added: ResourcesKey{ mHash=1ef0f78 mResDir=null mSplitDirs=[] mOverlayDirs=[] mLibDirs=[/data/app/~~OXtTLyqgkZ6ejYOetqfV4g==/com.google.android.webview-kYwXRSPD28fEttiQrdvijg==/WebViewGoogle.apk,/data/app/~~bj1U4uRmmB0YqYclfp7xnQ==/com.google.android.trichromelibrary_694313732-7EKuYVdOMBlvmwGBGn6HxA==/TrichromeLibrary.apk] mDisplayId=0 mOverrideConfig=v36 mCompatInfo={420dpi always-compat} mLoaders=[]}
04-18 11:40:22.049 W/ekey.app.wallet(11444): Failed to find entry 'classes.dex': Entry not found
04-18 11:40:22.049 D/nativeloader(11444): Configuring clns-10 for other apk /data/app/~~bj1U4uRmmB0YqYclfp7xnQ==/com.google.android.trichromelibrary_694313732-7EKuYVdOMBlvmwGBGn6HxA==/TrichromeLibrary.apk. target_sdk_version=34, uses_libraries=ALL, library_path=/data/app/~~OXtTLyqgkZ6ejYOetqfV4g==/com.google.android.webview-kYwXRSPD28fEttiQrdvijg==/lib/arm64:/data/app/~~OXtTLyqgkZ6ejYOetqfV4g==/com.google.android.webview-kYwXRSPD28fEttiQrdvijg==/WebViewGoogle.apk!/lib/arm64-v8a:/data/app/~~bj1U4uRmmB0YqYclfp7xnQ==/com.google.android.trichromelibrary_694313732-7EKuYVdOMBlvmwGBGn6HxA==/TrichromeLibrary.apk!/lib/arm64-v8a, permitted_path=/data:/mnt/expand
04-18 11:40:22.049 D/ApplicationLoaders(11444): Returning zygote-cached class loader: /system_ext/framework/androidx.window.extensions.jar
04-18 11:40:22.049 D/nativeloader(11444): Configuring clns-11 for other apk /data/app/~~OXtTLyqgkZ6ejYOetqfV4g==/com.google.android.webview-kYwXRSPD28fEttiQrdvijg==/WebViewGoogle.apk. target_sdk_version=34, uses_libraries=, library_path=/data/app/~~OXtTLyqgkZ6ejYOetqfV4g==/com.google.android.webview-kYwXRSPD28fEttiQrdvijg==/lib/arm64:/data/app/~~OXtTLyqgkZ6ejYOetqfV4g==/com.google.android.webview-kYwXRSPD28fEttiQrdvijg==/WebViewGoogle.apk!/lib/arm64-v8a:/data/app/~~bj1U4uRmmB0YqYclfp7xnQ==/com.google.android.trichromelibrary_694313732-7EKuYVdOMBlvmwGBGn6HxA==/TrichromeLibrary.apk!/lib/arm64-v8a, permitted_path=/data:/mnt/expand
04-18 11:40:22.056 I/cr_WVCFactoryProvider(11444): version=133.0.6943.137 (694313732) minSdkVersion=29 isBundle=false multiprocess=true packageId=2
04-18 11:40:22.060 D/nativeloader(11444): Load /data/app/~~bj1U4uRmmB0YqYclfp7xnQ==/com.google.android.trichromelibrary_694313732-7EKuYVdOMBlvmwGBGn6HxA==/TrichromeLibrary.apk!/lib/arm64-v8a/libmonochrome_64.so using class loader ns clns-11 (caller=/data/app/~~OXtTLyqgkZ6ejYOetqfV4g==/com.google.android.webview-kYwXRSPD28fEttiQrdvijg==/WebViewGoogle.apk): ok
04-18 11:40:22.061 D/nativeloader(11444): Load /system/lib64/libwebviewchromium_plat_support.so using class loader ns clns-11 (caller=/data/app/~~OXtTLyqgkZ6ejYOetqfV4g==/com.google.android.webview-kYwXRSPD28fEttiQrdvijg==/WebViewGoogle.apk): ok
04-18 11:40:22.063 I/chromium(11444): [0418/114022.063674:INFO:variations_seed_loader.cc(67)] Failed to open file for reading.: No such file or directory (2)
04-18 11:40:22.064 I/cr_VariationsUtils(11444): Failed reading seed file "/data/user/0/so.onekey.app.wallet/app_webview/variations_seed_new"
04-18 11:40:22.064 I/chromium(11444): [0418/114022.064021:INFO:variations_seed_loader.cc(67)] Failed to open file for reading.: No such file or directory (2)
04-18 11:40:22.064 I/cr_VariationsUtils(11444): Failed reading seed file "/data/user/0/so.onekey.app.wallet/app_webview/variations_seed"
04-18 11:40:22.065 I/cr_LibraryLoader(11444): Successfully loaded native library
04-18 11:40:22.066 I/cr_CachingUmaRecorder(11444): Flushed 6 samples from 6 histograms, 0 samples were dropped.
04-18 11:40:22.066 W/unknown:BridgelessReact(11444): ReactHost{0}.registerSegment(segmentId = "3025", path = "/data/user/0/so.onekey.app.wallet/files/onekey-builtin-segments/1.0.0/segments/kit.provider.Container.PrimeLoginContainer.PrimeLoginContainer.seg.hbc"): Schedule
04-18 11:40:22.067 W/unknown:BridgelessReact(11444): ReactHost{0}.registerSegment(segmentId = "3025", path = "/data/user/0/so.onekey.app.wallet/files/onekey-builtin-segments/1.0.0/segments/kit.provider.Container.PrimeLoginContainer.PrimeLoginContainer.seg.hbc"): Execute
04-18 11:40:22.067 I/cr_VariationsUtils(11444): Requesting new seed from IVariationsSeedServer
04-18 11:40:22.068 W/unknown:BridgelessReact(11444): ReactHost{0}.registerSegment(segmentId = "3023", path = "/data/user/0/so.onekey.app.wallet/files/onekey-builtin-segments/1.0.0/segments/kit.provider.Container.KeylessWalletContainer.KeylessWalletContainer.seg.hbc"): Schedule
04-18 11:40:22.068 W/unknown:BridgelessReact(11444): ReactHost{0}.registerSegment(segmentId = "3023", path = "/data/user/0/so.onekey.app.wallet/files/onekey-builtin-segments/1.0.0/segments/kit.provider.Container.KeylessWalletContainer.KeylessWalletContainer.seg.hbc"): Execute
04-18 11:40:22.069 D/BackgroundInstallControlService(  656): Package event received: 0
04-18 11:40:22.069 W/ServiceManagerCppClient(  656): Permission failure: android.permission.ACCESS_SURFACE_FLINGER from uid=10233 pid=0
04-18 11:40:22.069 D/PermissionCache(  656): checking android.permission.ACCESS_SURFACE_FLINGER for uid=10233 => denied (61 us)
04-18 11:40:22.069 W/ServiceManagerCppClient(  656): Permission failure: android.permission.ROTATE_SURFACE_FLINGER from uid=10233 pid=0
04-18 11:40:22.070 D/PermissionCache(  656): checking android.permission.ROTATE_SURFACE_FLINGER for uid=10233 => denied (50 us)
04-18 11:40:22.070 W/ServiceManagerCppClient(  656): Permission failure: android.permission.INTERNAL_SYSTEM_WINDOW from uid=10233 pid=0
04-18 11:40:22.070 D/PermissionCache(  656): checking android.permission.INTERNAL_SYSTEM_WINDOW for uid=10233 => denied (22 us)
04-18 11:40:22.072 I/ActivityTaskManager(  656): Displayed so.onekey.app.wallet/.MainActivity for user 0: +688ms
04-18 11:40:22.072 W/[RNScreens](11444): backTitleFontFamily prop is not available on Android
04-18 11:40:22.072 W/[RNScreens](11444): disableBackButtonMenu prop is not available on Android
04-18 11:40:22.072 W/[RNScreens](11444): backTitleVisible prop is not available on Android
04-18 11:40:22.072 W/[RNScreens](11444): topInsetEnabled prop is not available on Android
04-18 11:40:22.072 W/[RNScreens](11444): largeTitleHideShadow prop is not available on Android
04-18 11:40:22.072 W/[RNScreens](11444): largeTitleFontWeight prop is not available on Android
04-18 11:40:22.072 W/[RNScreens](11444): userInterfaceStyle prop is not available on Android
04-18 11:40:22.072 W/[RNScreens](11444): largeTitleFontFamily prop is not available on Android
04-18 11:40:22.075 W/HWUI    (  905): Image decoding logging dropped!
04-18 11:40:22.076 D/BaseDepthController( 1040): setSurface:
04-18 11:40:22.076 D/BaseDepthController( 1040): 	mWaitingOnSurfaceValidity: false
04-18 11:40:22.076 D/BaseDepthController( 1040): 	mBaseSurface: null
04-18 11:40:22.076 D/BaseDepthController( 1040): mSurface is null and mCurrentBlur is: 0
04-18 11:40:22.076 D/StateManager( 1040): goToState - fromState: Normal, toState: Normal, partial trace:
04-18 11:40:22.076 D/StateManager( 1040): 	at com.android.launcher3.statemanager.StateManager.moveToRestState(go/retraceme 5a544d9e8fb14194a69e2b7a778e7e5394990cdcfcf28c73553bb75ca978b9e9:4)
04-18 11:40:22.076 D/StateManager( 1040): 	at com.android.launcher3.statemanager.StateManager.moveToRestState(go/retraceme 5a544d9e8fb14194a69e2b7a778e7e5394990cdcfcf28c73553bb75ca978b9e9:1)
04-18 11:40:22.076 D/StateManager( 1040): 	at com.android.launcher3.statemanager.StatefulActivity.onStop(go/retraceme 5a544d9e8fb14194a69e2b7a778e7e5394990cdcfcf28c73553bb75ca978b9e9:34)
04-18 11:40:22.076 D/StatsLog( 1040): LAUNCHER_ONSTOP
04-18 11:40:22.077 I/AppWidgetServiceImpl(  656): setAppWidgetHidden() 0
04-18 11:40:22.077 D/StatsLog( 1040): LAUNCHER_GOOGLE_SEARCH_RESTORE_LIST_SIZE_AFTER_ACTIVITY_RESTART
04-18 11:40:22.083 D/ActivityManager(  656): sync unfroze 5019 com.google.android.webview:webview_service for 6
04-18 11:40:22.084 D/BackgroundInstallControlService(  656): Package event received: 0
04-18 11:40:22.086 I/FontLog ( 1206): Received query Noto Color Emoji Compat, URI content://com.google.android.gms.fonts [CONTEXT service_id=132 ]
04-18 11:40:22.086 D/BackgroundInstallControlService(  656): Package event received: 0
04-18 11:40:22.086 I/FontLog ( 1206): Query [emojicompat-emoji-font] resolved to {Noto Color Emoji Compat, wdth 100.0, wght 400, ital 0.0, bestEffort false}, isVf false} [CONTEXT service_id=132 ]
04-18 11:40:22.091 I/FontLog ( 1206): Fetch {Noto Color Emoji Compat, wdth 100.0, wght 400, ital 0.0, bestEffort false}, isVf false} end status Status{statusCode=SUCCESS, resolution=null} [CONTEXT service_id=132 ]
04-18 11:40:22.092 D/BackgroundInstallControlService(  656): Package event received: 0
04-18 11:40:22.092 I/RoleService(  656): Granting default roles...
04-18 11:40:22.094 W/webview_service( 5019): Reducing the number of considered missed Gc histogram windows from 2130 to 100
04-18 11:40:22.094 I/resolv  (  441): GetAddrInfoHandler::run: {101 101 101 983141 10233 0}
04-18 11:40:22.094 I/FontLog ( 1206): Pulling font file for id = 27, cache size = 4 [CONTEXT service_id=132 ]
04-18 11:40:22.094 I/resolv  (  441): res_nmkquery: (QUERY, IN, AAAA)
04-18 11:40:22.094 W/SignedPackage(  656): Package doesn't have required signing certificate: com.google.android.retaildemo
04-18 11:40:22.094 E/RoleControllerServiceImpl(  656): Default/fallback role holder package doesn't qualify for the role, package: com.google.android.gms.supervision, role: android.app.role.SYSTEM_SUPERVISION
04-18 11:40:22.096 I/resolv  (  441): res_nmkquery: (QUERY, IN, A)
04-18 11:40:22.097 W/SignedPackage(  656): Package doesn't have required signing certificate: com.google.android.apps.work.clouddpc
04-18 11:40:22.097 I/resolv  (  441): res_nsend: used send_dg 37 terrno: 0
04-18 11:40:22.097 I/resolv  (  441): doQuery: rcode=0, ancount=0, return value=37
04-18 11:40:22.098 W/[RNScreens](11444): backTitleFontFamily prop is not available on Android
04-18 11:40:22.098 I/FontLog ( 1206): Pulling font file for id = 27, cache size = 4 [CONTEXT service_id=132 ]
04-18 11:40:22.099 W/[RNScreens](11444): disableBackButtonMenu prop is not available on Android
04-18 11:40:22.099 W/[RNScreens](11444): backTitleVisible prop is not available on Android
04-18 11:40:22.099 W/[RNScreens](11444): topInsetEnabled prop is not available on Android
04-18 11:40:22.099 W/[RNScreens](11444): largeTitleHideShadow prop is not available on Android
04-18 11:40:22.099 W/[RNScreens](11444): largeTitleFontWeight prop is not available on Android
04-18 11:40:22.099 W/[RNScreens](11444): userInterfaceStyle prop is not available on Android
04-18 11:40:22.099 W/[RNScreens](11444): largeTitleFontFamily prop is not available on Android
04-18 11:40:22.099 I/resolv  (  441): res_nsend: used send_dg 53 terrno: 0
04-18 11:40:22.099 I/resolv  (  441): doQuery: rcode=0, ancount=1, return value=53
04-18 11:40:22.103 I/Role    (  656): com.google.android.gms not qualified for android.app.role.SYSTEM_DEPENDENCY_INSTALLER due to missing RequiredComponent{mIntentFilterData=IntentFilterData{mAction='android.content.pm.action.INSTALL_DEPENDENCY', mCategories='[]', mDataScheme='null', mDataType='null'}, mMinTargetSdkVersion=1, mFlags='0', mPermission='android.permission.BIND_DEPENDENCY_INSTALLER', mQueryFlags=0, mMetaData=[]}
04-18 11:40:22.103 E/RoleControllerServiceImpl(  656): Default/fallback role holder package doesn't qualify for the role, package: com.google.android.gms, role: android.app.role.SYSTEM_DEPENDENCY_INSTALLER
04-18 11:40:22.108 I/netd    (  441): tetherGetStats() -> {[]} <0.30ms>
04-18 11:40:22.113 E/RoleControllerServiceImpl(  656): Default/fallback role holder package doesn't qualify for the role, package: com.google.android.gms, role: android.app.role.WALLET
04-18 11:40:22.116 W/SignedPackage(  656): Cannot get ApplicationInfo for package: com.google.android.devicelockcontroller
04-18 11:40:22.118 W/System  ( 1040): A resource failed to call release. 
04-18 11:40:22.118 W/System  ( 1040): A resource failed to call release. 
04-18 11:40:22.118 W/System  ( 1040): A resource failed to call release. 
04-18 11:40:22.129 D/LocalImageResolver(  905): Couldn't use ImageDecoder for drawable, falling back to non-resized load.
04-18 11:40:22.132 D/LocalImageResolver(  905): Couldn't use ImageDecoder for drawable, falling back to non-resized load.
04-18 11:40:22.134 D/LocalImageResolver(  905): Couldn't use ImageDecoder for drawable, falling back to non-resized load.
04-18 11:40:22.142 D/SplashScreenView(11444): Building from parcel drawable: android.graphics.drawable.BitmapDrawable@98d3d6e
04-18 11:40:22.143 D/SplashScreenView(11444): Build android.window.SplashScreenView{15a749c V.E...... ......ID 0,0-0,0}
04-18 11:40:22.143 D/SplashScreenView(11444): Icon: view: androidx.appcompat.widget.AppCompatImageView{fb35ea5 V.ED..... ......I. 0,0-0,0 #1020542 android:id/splashscreen_icon_view} drawable: android.graphics.drawable.BitmapDrawable@98d3d6e size: 504
04-18 11:40:22.143 D/SplashScreenView(11444): Branding: view: android.view.View{ed3c27a G.ED..... ......I. 0,0-0,0 #1020541 android:id/splashscreen_branding_view} drawable: null size w: 0 h: 0
04-18 11:40:22.153 I/cr_VariationsUtils( 5019): Seed download job already scheduled
04-18 11:40:22.163 D/LocalImageResolver(  905): Couldn't use ImageDecoder for drawable, falling back to non-resized load.
04-18 11:40:22.166 I/GoogleInputMethodService( 1475): GoogleInputMethodService.onFinishInput():2043 
04-18 11:40:22.166 I/ImeTracker(  656): system_server:a4b4a4e: onRequestHide at ORIGIN_SERVER reason IME_REQUESTED_CHANGED_LISTENER fromUser false
04-18 11:40:22.167 I/ImeTracker(  656): system_server:a4b4a4e: onCancelled at PHASE_SERVER_SHOULD_HIDE
04-18 11:40:22.167 I/Module  ( 1475): DeviceLockedStatusModuleProvider$Module.updateDeviceLockedStatus():100 repeatCheckTimes = 0, locked = false
04-18 11:40:22.167 I/GoogleInputMethodService( 1475): GoogleInputMethodService.onStartInput():1293 onStartInput(EditorInfo{EditorInfo{packageName=so.onekey.app.wallet, inputType=0, inputTypeString=NULL, enableLearning=false, autoCorrection=false, autoComplete=false, imeOptions=0, privateImeOptions=null, actionName=UNSPECIFIED, actionLabel=null, initialSelStart=-1, initialSelEnd=-1, initialCapsMode=0, label=null, fieldId=0, fieldName=null, extras=null, hintText=null, hintLocales=[]}}, false)
04-18 11:40:22.167 I/EmojiCompatManager( 1475): EmojiCompatManager.getEmojiCompatIfLoaded():343 EmojiCompat.init() was never called.
04-18 11:40:22.167 I/EmojiCompatManager( 1475): java.lang.IllegalStateException: EmojiCompat is not initialized. Please call EmojiCompat.init() first
04-18 11:40:22.167 I/EmojiCompatManager( 1475): 	at asx.p(PG:6)
04-18 11:40:22.167 I/EmojiCompatManager( 1475): 	at axb.b(PG:13)
04-18 11:40:22.167 I/EmojiCompatManager( 1475): 	at jnr.b(PG:2)
04-18 11:40:22.167 I/EmojiCompatManager( 1475): 	at jnr.c(PG:4)
04-18 11:40:22.167 I/EmojiCompatManager( 1475): 	at jnr.f(PG:3)
04-18 11:40:22.167 I/EmojiCompatManager( 1475): 	at jnx.c(PG:3)
04-18 11:40:22.167 I/EmojiCompatManager( 1475): 	at kif.cz(PG:47)
04-18 11:40:22.167 I/EmojiCompatManager( 1475): 	at lhl.run(PG:1025)
04-18 11:40:22.167 I/EmojiCompatManager( 1475): 	at jaf.execute(PG:12)
04-18 11:40:22.167 I/EmojiCompatManager( 1475): 	at nco.v(PG:13)
04-18 11:40:22.167 I/EmojiCompatManager( 1475): 	at lhn.m(PG:96)
04-18 11:40:22.167 I/EmojiCompatManager( 1475): 	at lhn.k(PG:25)
04-18 11:40:22.167 I/EmojiCompatManager( 1475): 	at kgn.onStartInput(PG:250)
04-18 11:40:22.167 I/EmojiCompatManager( 1475): 	at android.inputmethodservice.InputMethodService.doStartInput(InputMethodService.java:3521)
04-18 11:40:22.167 I/EmojiCompatManager( 1475): 	at android.inputmethodservice.InputMethodService$InputMethodImpl.startInput(InputMethodService.java:879)
04-18 11:40:22.167 I/EmojiCompatManager( 1475): 	at android.inputmethodservice.InputMethodService$InputMethodImpl.dispatchStartInput(InputMethodService.java:908)
04-18 11:40:22.167 I/EmojiCompatManager( 1475): 	at android.inputmethodservice.IInputMethodWrapper.executeMessage(IInputMethodWrapper.java:201)
04-18 11:40:22.167 I/EmojiCompatManager( 1475): 	at com.android.internal.os.HandlerCaller$MyHandler.handleMessage(HandlerCaller.java:44)
04-18 11:40:22.167 I/EmojiCompatManager( 1475): 	at android.os.Handler.dispatchMessage(Handler.java:110)
04-18 11:40:22.167 I/EmojiCompatManager( 1475): 	at android.os.Looper.loopOnce(Looper.java:248)
04-18 11:40:22.167 I/EmojiCompatManager( 1475): 	at android.os.Looper.loop(Looper.java:338)
