04-18 11:40:22.868 I/SharedRPC(11444): notifyOtherRuntime: callId=onekey:bg:req:17, listeners=2, callerRt=0xb4007b5c7b8f4cd0
04-18 11:40:22.868 I/BackgroundThread(11444): nativeExecuteWork: runtimePtr=-5476241509742307088, workId=110
04-18 11:40:22.868 I/BackgroundThread(11444): nativeExecuteWork: runtimePtr=-5476241509742307088, workId=111
04-18 11:40:22.868 I/BackgroundThread(11444): nativeExecuteWork: runtimePtr=-5476241509742307088, workId=112
04-18 11:40:22.868 I/BackgroundThread(11444): nativeExecuteWork: runtimePtr=-5476241509742307088, workId=113
04-18 11:40:22.868 I/SharedRPC(11444):   listener: id=main, rt=0xb4007b5c7b8f4cd0, hasCallback=1
04-18 11:40:22.868 I/SharedRPC(11444):   listener: id=background, rt=0xb4007b5c7b8f98f0, hasCallback=1
04-18 11:40:22.868 I/SharedRPC(11444):   toNotify count: 1
04-18 11:40:22.868 I/SharedRPC(11444):   invoking executor for callId=onekey:bg:req:17
04-18 11:40:22.868 I/BackgroundThread(11444): executor: calling scheduleOnJSThread(isMain=0, workId=131)
04-18 11:40:22.868 I/BackgroundThread(11444): nativeExecuteWork: runtimePtr=-5476241509742307088, workId=116
04-18 11:40:22.869 I/BackgroundThread(11444): nativeExecuteWork: runtimePtr=-5476241509742307088, workId=117
04-18 11:40:22.869 I/BackgroundThread(11444): nativeExecuteWork: runtimePtr=-5476241509742307088, workId=118
04-18 11:40:22.869 I/BackgroundThread(11444): nativeExecuteWork: runtimePtr=-5476241509742307088, workId=119
04-18 11:40:22.869 I/wallet:pushcore(11569): AssetManager2(0xb4007b5c0b886a78) locale list changing from [] to [en-US]
04-18 11:40:22.869 I/BackgroundThread(11444): nativeExecuteWork: runtimePtr=-5476241509742307088, workId=122
04-18 11:40:22.870 I/BackgroundThread(11444): nativeExecuteWork: runtimePtr=-5476241509742307088, workId=123
04-18 11:40:22.870 I/BackgroundThread(11444): nativeExecuteWork: runtimePtr=-5476241509742307088, workId=124
04-18 11:40:22.870 I/BackgroundThread(11444): nativeExecuteWork: runtimePtr=-5476241509742307088, workId=125
04-18 11:40:22.870 I/BackgroundThread(11444): executor: calling scheduleOnJSThread(isMain=0, workId=132)
04-18 11:40:22.871 I/SharedRPC(11444): notifyOtherRuntime: callId=onekey:bg:res:14, listeners=2, callerRt=0xb4007b5c7b8f98f0
04-18 11:40:22.871 I/SharedRPC(11444):   listener: id=main, rt=0xb4007b5c7b8f4cd0, hasCallback=1
04-18 11:40:22.871 I/SharedRPC(11444):   listener: id=background, rt=0xb4007b5c7b8f98f0, hasCallback=1
04-18 11:40:22.871 I/SharedRPC(11444):   toNotify count: 1
04-18 11:40:22.871 I/SharedRPC(11444):   invoking executor for callId=onekey:bg:res:14
04-18 11:40:22.871 I/BackgroundThread(11444): executor: calling scheduleOnJSThread(isMain=1, workId=133)
04-18 11:40:22.871 I/BackgroundThread(11444): nativeExecuteWork: runtimePtr=-5476241509742326576, workId=133
04-18 11:40:22.871 I/SharedRPC(11444):   executor work running for callId=onekey:bg:res:14
04-18 11:40:22.871 I/SharedRPC(11444):   cb->call succeeded for callId=onekey:bg:res:14
04-18 11:40:22.872 V/GraphicsEnvironment(11569): Currently set values for:
04-18 11:40:22.872 V/GraphicsEnvironment(11569):   angle_gl_driver_selection_pkgs=[]
04-18 11:40:22.872 V/GraphicsEnvironment(11569):   angle_gl_driver_selection_values=[]
04-18 11:40:22.872 V/GraphicsEnvironment(11569): so.onekey.app.wallet is not listed in per-application setting
04-18 11:40:22.872 V/GraphicsEnvironment(11569): ANGLE allowlist from config: 
04-18 11:40:22.872 V/GraphicsEnvironment(11569): so.onekey.app.wallet is not listed in ANGLE allowlist or settings, returning default
04-18 11:40:22.872 V/GraphicsEnvironment(11569): Neither updatable production driver nor prerelease driver is supported.
04-18 11:40:22.872 I/BackgroundThread(11444): nativeExecuteWork: runtimePtr=-5476241509742307088, workId=131
04-18 11:40:22.872 I/SharedRPC(11444):   executor work running for callId=onekey:bg:req:17
04-18 11:40:22.872 I/SharedRPC(11444):   cb->call succeeded for callId=onekey:bg:req:17
04-18 11:40:22.872 I/SharedRPC(11444): notifyOtherRuntime: callId=onekey:bg:jotai:57, listeners=2, callerRt=0xb4007b5c7b8f98f0
04-18 11:40:22.872 I/SharedRPC(11444):   listener: id=main, rt=0xb4007b5c7b8f4cd0, hasCallback=1
04-18 11:40:22.872 I/SharedRPC(11444):   listener: id=background, rt=0xb4007b5c7b8f98f0, hasCallback=1
04-18 11:40:22.872 I/SharedRPC(11444):   toNotify count: 1
04-18 11:40:22.872 I/SharedRPC(11444):   invoking executor for callId=onekey:bg:jotai:57
04-18 11:40:22.872 I/BackgroundThread(11444): executor: calling scheduleOnJSThread(isMain=1, workId=134)
04-18 11:40:22.873 I/SharedRPC(11444): notifyOtherRuntime: callId=onekey:bg:res:17, listeners=2, callerRt=0xb4007b5c7b8f98f0
04-18 11:40:22.873 I/SharedRPC(11444):   listener: id=main, rt=0xb4007b5c7b8f4cd0, hasCallback=1
04-18 11:40:22.873 I/SharedRPC(11444):   listener: id=background, rt=0xb4007b5c7b8f98f0, hasCallback=1
04-18 11:40:22.873 I/SharedRPC(11444):   toNotify count: 1
04-18 11:40:22.873 I/SharedRPC(11444):   invoking executor for callId=onekey:bg:res:17
04-18 11:40:22.873 I/BackgroundThread(11444): executor: calling scheduleOnJSThread(isMain=1, workId=135)
04-18 11:40:22.873 I/BackgroundThread(11444): nativeExecuteWork: runtimePtr=-5476241509742307088, workId=132
04-18 11:40:22.878 I/NitroModules(11569): Loading NitroModules C++ library...
04-18 11:40:22.882 D/nativeloader(11569): Load /data/app/~~nmNrNuBFL2aLb4kb73vgZw==/so.onekey.app.wallet-LV-mgcdWVvW0A-tB5hF4XA==/base.apk!/lib/arm64-v8a/libNitroModules.so using class loader ns clns-9 (caller=/data/app/~~nmNrNuBFL2aLb4kb73vgZw==/so.onekey.app.wallet-LV-mgcdWVvW0A-tB5hF4XA==/base.apk!classes4.dex): ok
04-18 11:40:22.882 I/NitroModules(11569): Successfully loaded NitroModules C++ library!
04-18 11:40:22.883 W/OneKeyLog(11569): applicationContext not yet available
04-18 11:40:22.883 I/OneKey/StartupTiming(11569): 11:40:22 | INFO : [StartupTiming] android.app.on_create.start: +0ms from launch (anchor)
04-18 11:40:22.883 W/OneKeyLog(11569): applicationContext not yet available
04-18 11:40:22.883 I/OneKey/StartupTiming(11569): 11:40:22 | INFO : [StartupTiming] android.zygote_to_app_on_create: 19ms
04-18 11:40:22.884 I/BackgroundThread(11444): executor: calling scheduleOnJSThread(isMain=0, workId=136)
04-18 11:40:22.884 I/SharedRPC(11444): notifyOtherRuntime: callId=onekey:bg:res:15, listeners=2, callerRt=0xb4007b5c7b8f98f0
04-18 11:40:22.884 I/SharedRPC(11444):   listener: id=main, rt=0xb4007b5c7b8f4cd0, hasCallback=1
04-18 11:40:22.884 I/SharedRPC(11444):   listener: id=background, rt=0xb4007b5c7b8f98f0, hasCallback=1
04-18 11:40:22.884 I/SharedRPC(11444):   toNotify count: 1
04-18 11:40:22.884 I/SharedRPC(11444):   invoking executor for callId=onekey:bg:res:15
04-18 11:40:22.884 I/BackgroundThread(11444): executor: calling scheduleOnJSThread(isMain=1, workId=137)
04-18 11:40:22.885 I/BackgroundThread(11444): executor: calling scheduleOnJSThread(isMain=0, workId=138)
04-18 11:40:22.885 I/BackgroundThread(11444): nativeExecuteWork: runtimePtr=-5476241509742307088, workId=136
04-18 11:40:22.885 I/BackgroundThread(11444): nativeExecuteWork: runtimePtr=-5476241509742307088, workId=138
04-18 11:40:22.886 W/OneKeyLog(11569): applicationContext not yet available
04-18 11:40:22.886 I/OneKey/StartupTiming(11569): 11:40:22 | INFO : [StartupTiming] android.app.super_on_create: 0ms
04-18 11:40:22.886 W/SoLoader(11569): Initializing SoLoader: 0
04-18 11:40:22.886 W/SoLoader(11569): Recording new base apk path: /data/app/~~nmNrNuBFL2aLb4kb73vgZw==/so.onekey.app.wallet-LV-mgcdWVvW0A-tB5hF4XA==/base.apk
04-18 11:40:22.886 W/SoLoader(11569): Previously recorded 0 base apk paths.
04-18 11:40:22.886 I/SoLoader(11569): Preparing SO source: DirectorySoSource[root = /vendor/lib64 flags = 2]
04-18 11:40:22.886 I/SoLoader(11569): Preparing SO source: DirectorySoSource[root = /system/lib64 flags = 2]
04-18 11:40:22.886 I/SoLoader(11569): Preparing SO source: DirectApkSoSource[root = [/data/app/~~nmNrNuBFL2aLb4kb73vgZw==/so.onekey.app.wallet-LV-mgcdWVvW0A-tB5hF4XA==/base.apk!/lib/arm64-v8a]]
04-18 11:40:22.888 I/BackgroundThread(11444): executor: calling scheduleOnJSThread(isMain=0, workId=139)
04-18 11:40:22.889 W/HWUI    (11444): Image decoding logging dropped!
04-18 11:40:22.889 W/HWUI    (11444): Image decoding logging dropped!
04-18 11:40:22.889 I/BackgroundThread(11444): nativeExecuteWork: runtimePtr=-5476241509742307088, workId=139
04-18 11:40:22.889 W/Paint   (11444): The elegant text height cannot be turned off.
04-18 11:40:22.894 I/SoLoader(11569): Preparing SO source: ApplicationSoSource[DirectorySoSource[root = /data/app/~~nmNrNuBFL2aLb4kb73vgZw==/so.onekey.app.wallet-LV-mgcdWVvW0A-tB5hF4XA==/lib/arm64 flags = 0]]
04-18 11:40:22.894 I/SoLoader(11569): init finish: 4 SO sources prepared
04-18 11:40:22.894 W/SoLoader(11569): SoLoader initialized: 8
04-18 11:40:22.894 W/OneKeyLog(11569): applicationContext not yet available
04-18 11:40:22.894 I/OneKey/StartupTiming(11569): 11:40:22 | INFO : [StartupTiming] android.app.so_loader_init: 8ms
04-18 11:40:22.895 I/BackgroundThread(11444): executor: calling scheduleOnJSThread(isMain=0, workId=140)
04-18 11:40:22.895 I/BackgroundThread(11444): executor: calling scheduleOnJSThread(isMain=0, workId=141)
04-18 11:40:22.895 I/BackgroundThread(11444): nativeExecuteWork: runtimePtr=-5476241509742307088, workId=140
04-18 11:40:22.896 I/BackgroundThread(11444): nativeExecuteWork: runtimePtr=-5476241509742307088, workId=141
04-18 11:40:22.896 W/HWUI    (11444): Image decoding logging dropped!
04-18 11:40:22.896 W/HWUI    (11444): Image decoding logging dropped!
04-18 11:40:22.896 W/HWUI    (11444): Image decoding logging dropped!
04-18 11:40:22.896 I/BackgroundThread(11444): executor: calling scheduleOnJSThread(isMain=0, workId=142)
04-18 11:40:22.896 I/BackgroundThread(11444): nativeExecuteWork: runtimePtr=-5476241509742307088, workId=142
04-18 11:40:22.901 I/SharedRPC(11444): notifyOtherRuntime: callId=onekey:bg:req:18, listeners=2, callerRt=0xb4007b5c7b8f4cd0
04-18 11:40:22.901 I/SharedRPC(11444):   listener: id=main, rt=0xb4007b5c7b8f4cd0, hasCallback=1
04-18 11:40:22.901 I/SharedRPC(11444):   listener: id=background, rt=0xb4007b5c7b8f98f0, hasCallback=1
04-18 11:40:22.901 I/SharedRPC(11444):   toNotify count: 1
04-18 11:40:22.901 I/SharedRPC(11444):   invoking executor for callId=onekey:bg:req:18
04-18 11:40:22.901 I/BackgroundThread(11444): executor: calling scheduleOnJSThread(isMain=0, workId=143)
04-18 11:40:22.901 W/unknown:BridgelessReact(11444): ReactHost{0}.registerSegment(segmentId = "1891", path = "/data/user/0/so.onekey.app.wallet/files/onekey-builtin-segments/1.0.0/segments/components.primitives.Icon.react.outline.Search.seg.hbc"): Schedule
04-18 11:40:22.901 I/SharedRPC(11444): notifyOtherRuntime: callId=onekey:bg:req:19, listeners=2, callerRt=0xb4007b5c7b8f4cd0
04-18 11:40:22.901 W/unknown:BridgelessReact(11444): ReactHost{0}.registerSegment(segmentId = "1891", path = "/data/user/0/so.onekey.app.wallet/files/onekey-builtin-segments/1.0.0/segments/components.primitives.Icon.react.outline.Search.seg.hbc"): Execute
04-18 11:40:22.901 I/BackgroundThread(11444): nativeExecuteWork: runtimePtr=-5476241509742307088, workId=143
04-18 11:40:22.901 I/SharedRPC(11444):   executor work running for callId=onekey:bg:req:18
04-18 11:40:22.901 I/SharedRPC(11444):   listener: id=main, rt=0xb4007b5c7b8f4cd0, hasCallback=1
04-18 11:40:22.901 I/SharedRPC(11444):   listener: id=background, rt=0xb4007b5c7b8f98f0, hasCallback=1
04-18 11:40:22.901 I/SharedRPC(11444):   toNotify count: 1
04-18 11:40:22.901 I/SharedRPC(11444):   cb->call succeeded for callId=onekey:bg:req:18
04-18 11:40:22.901 I/SharedRPC(11444):   invoking executor for callId=onekey:bg:req:19
04-18 11:40:22.901 I/BackgroundThread(11444): executor: calling scheduleOnJSThread(isMain=0, workId=144)
04-18 11:40:22.901 W/unknown:BridgelessReact(11444): ReactHost{0}.registerSegment(segmentId = "1286", path = "/data/user/0/so.onekey.app.wallet/files/onekey-builtin-segments/1.0.0/segments/components.primitives.Icon.react.outline.Bell.seg.hbc"): Schedule
04-18 11:40:22.901 W/unknown:BridgelessReact(11444): ReactHost{0}.registerSegment(segmentId = "1286", path = "/data/user/0/so.onekey.app.wallet/files/onekey-builtin-segments/1.0.0/segments/components.primitives.Icon.react.outline.Bell.seg.hbc"): Execute
04-18 11:40:22.901 I/SharedRPC(11444): notifyOtherRuntime: callId=onekey:bg:req:20, listeners=2, callerRt=0xb4007b5c7b8f4cd0
04-18 11:40:22.901 I/SharedRPC(11444):   listener: id=main, rt=0xb4007b5c7b8f4cd0, hasCallback=1
04-18 11:40:22.901 I/SharedRPC(11444):   listener: id=background, rt=0xb4007b5c7b8f98f0, hasCallback=1
04-18 11:40:22.901 I/SharedRPC(11444):   toNotify count: 1
04-18 11:40:22.901 I/SharedRPC(11444): notifyOtherRuntime: callId=onekey:bg:jotai:58, listeners=2, callerRt=0xb4007b5c7b8f98f0
04-18 11:40:22.901 I/SharedRPC(11444):   listener: id=main, rt=0xb4007b5c7b8f4cd0, hasCallback=1
04-18 11:40:22.901 I/SharedRPC(11444):   listener: id=background, rt=0xb4007b5c7b8f98f0, hasCallback=1
04-18 11:40:22.901 I/SharedRPC(11444):   toNotify count: 1
04-18 11:40:22.901 I/SharedRPC(11444):   invoking executor for callId=onekey:bg:jotai:58
04-18 11:40:22.901 I/BackgroundThread(11444): executor: calling scheduleOnJSThread(isMain=1, workId=145)
04-18 11:40:22.901 I/SharedRPC(11444): notifyOtherRuntime: callId=onekey:bg:res:18, listeners=2, callerRt=0xb4007b5c7b8f98f0
04-18 11:40:22.901 I/SharedRPC(11444):   invoking executor for callId=onekey:bg:req:20
04-18 11:40:22.901 I/BackgroundThread(11444): executor: calling scheduleOnJSThread(isMain=0, workId=146)
04-18 11:40:22.902 I/SharedRPC(11444):   listener: id=main, rt=0xb4007b5c7b8f4cd0, hasCallback=1
04-18 11:40:22.902 I/SharedRPC(11444):   listener: id=background, rt=0xb4007b5c7b8f98f0, hasCallback=1
04-18 11:40:22.902 I/SharedRPC(11444):   toNotify count: 1
04-18 11:40:22.902 I/SharedRPC(11444):   invoking executor for callId=onekey:bg:res:18
04-18 11:40:22.902 I/BackgroundThread(11444): executor: calling scheduleOnJSThread(isMain=1, workId=147)
04-18 11:40:22.902 I/BackgroundThread(11444): nativeExecuteWork: runtimePtr=-5476241509742307088, workId=144
04-18 11:40:22.902 I/SharedRPC(11444):   executor work running for callId=onekey:bg:req:19
04-18 11:40:22.902 I/SharedRPC(11444):   cb->call succeeded for callId=onekey:bg:req:19
04-18 11:40:22.902 I/SharedRPC(11444): notifyOtherRuntime: callId=onekey:bg:req:21, listeners=2, callerRt=0xb4007b5c7b8f4cd0
04-18 11:40:22.902 I/SharedRPC(11444):   listener: id=main, rt=0xb4007b5c7b8f4cd0, hasCallback=1
04-18 11:40:22.902 I/SharedRPC(11444):   listener: id=background, rt=0xb4007b5c7b8f98f0, hasCallback=1
04-18 11:40:22.902 I/SharedRPC(11444):   toNotify count: 1
04-18 11:40:22.902 I/SharedRPC(11444):   invoking executor for callId=onekey:bg:req:21
04-18 11:40:22.902 I/BackgroundThread(11444): executor: calling scheduleOnJSThread(isMain=0, workId=148)
04-18 11:40:22.902 I/SharedRPC(11444): notifyOtherRuntime: callId=onekey:bg:req:22, listeners=2, callerRt=0xb4007b5c7b8f4cd0
04-18 11:40:22.902 I/SharedRPC(11444):   listener: id=main, rt=0xb4007b5c7b8f4cd0, hasCallback=1
04-18 11:40:22.902 I/SharedRPC(11444):   listener: id=background, rt=0xb4007b5c7b8f98f0, hasCallback=1
04-18 11:40:22.902 I/SharedRPC(11444):   toNotify count: 1
04-18 11:40:22.902 I/SharedRPC(11444): notifyOtherRuntime: callId=onekey:bg:jotai:59, listeners=2, callerRt=0xb4007b5c7b8f98f0
04-18 11:40:22.902 I/SharedRPC(11444):   listener: id=main, rt=0xb4007b5c7b8f4cd0, hasCallback=1
04-18 11:40:22.902 I/SharedRPC(11444):   listener: id=background, rt=0xb4007b5c7b8f98f0, hasCallback=1
04-18 11:40:22.902 I/SharedRPC(11444):   toNotify count: 1
04-18 11:40:22.902 I/SharedRPC(11444):   invoking executor for callId=onekey:bg:jotai:59
04-18 11:40:22.902 I/BackgroundThread(11444): executor: calling scheduleOnJSThread(isMain=1, workId=149)
04-18 11:40:22.902 I/SharedRPC(11444): notifyOtherRuntime: callId=onekey:bg:res:19, listeners=2, callerRt=0xb4007b5c7b8f98f0
04-18 11:40:22.902 I/SharedRPC(11444):   invoking executor for callId=onekey:bg:req:22
04-18 11:40:22.902 I/BackgroundThread(11444): executor: calling scheduleOnJSThread(isMain=0, workId=150)
04-18 11:40:22.902 I/SharedRPC(11444):   listener: id=main, rt=0xb4007b5c7b8f4cd0, hasCallback=1
04-18 11:40:22.902 I/SharedRPC(11444):   listener: id=background, rt=0xb4007b5c7b8f98f0, hasCallback=1
04-18 11:40:22.902 I/SharedRPC(11444):   toNotify count: 1
04-18 11:40:22.902 I/SharedRPC(11444):   invoking executor for callId=onekey:bg:res:19
04-18 11:40:22.902 I/BackgroundThread(11444): executor: calling scheduleOnJSThread(isMain=1, workId=151)
04-18 11:40:22.902 I/BackgroundThread(11444): nativeExecuteWork: runtimePtr=-5476241509742307088, workId=146
04-18 11:40:22.902 I/SharedRPC(11444): notifyOtherRuntime: callId=onekey:bg:req:23, listeners=2, callerRt=0xb4007b5c7b8f4cd0
04-18 11:40:22.902 I/SharedRPC(11444):   listener: id=main, rt=0xb4007b5c7b8f4cd0, hasCallback=1
04-18 11:40:22.902 I/SharedRPC(11444):   listener: id=background, rt=0xb4007b5c7b8f98f0, hasCallback=1
04-18 11:40:22.902 I/SharedRPC(11444):   toNotify count: 1
04-18 11:40:22.902 I/SharedRPC(11444):   invoking executor for callId=onekey:bg:req:23
04-18 11:40:22.902 I/BackgroundThread(11444): executor: calling scheduleOnJSThread(isMain=0, workId=152)
04-18 11:40:22.903 I/SharedRPC(11444): notifyOtherRuntime: callId=onekey:bg:req:24, listeners=2, callerRt=0xb4007b5c7b8f4cd0
04-18 11:40:22.903 I/SharedRPC(11444):   executor work running for callId=onekey:bg:req:20
04-18 11:40:22.903 I/SharedRPC(11444):   listener: id=main, rt=0xb4007b5c7b8f4cd0, hasCallback=1
04-18 11:40:22.903 I/SharedRPC(11444):   listener: id=background, rt=0xb4007b5c7b8f98f0, hasCallback=1
04-18 11:40:22.903 I/SharedRPC(11444):   toNotify count: 1
04-18 11:40:22.903 W/unknown:BridgelessReact(11444): ReactHost{0}.registerSegment(segmentId = "1545", path = "/data/user/0/so.onekey.app.wallet/files/onekey-builtin-segments/1.0.0/segments/components.primitives.Icon.react.outline.DotGrid.seg.hbc"): Schedule
04-18 11:40:22.903 W/unknown:BridgelessReact(11444): ReactHost{0}.registerSegment(segmentId = "1545", path = "/data/user/0/so.onekey.app.wallet/files/onekey-builtin-segments/1.0.0/segments/components.primitives.Icon.react.outline.DotGrid.seg.hbc"): Execute
04-18 11:40:22.903 I/SharedRPC(11444):   invoking executor for callId=onekey:bg:req:24
04-18 11:40:22.903 I/BackgroundThread(11444): executor: calling scheduleOnJSThread(isMain=0, workId=153)
04-18 11:40:22.903 W/unknown:BridgelessReact(11444): ReactHost{0}.registerSegment(segmentId = "1440", path = "/data/user/0/so.onekey.app.wallet/files/onekey-builtin-segments/1.0.0/segments/components.primitives.Icon.react.outline.CloudOff.seg.hbc"): Schedule
04-18 11:40:22.903 W/unknown:BridgelessReact(11444): ReactHost{0}.registerSegment(segmentId = "1440", path = "/data/user/0/so.onekey.app.wallet/files/onekey-builtin-segments/1.0.0/segments/components.primitives.Icon.react.outline.CloudOff.seg.hbc"): Execute
04-18 11:40:22.904 W/unknown:BridgelessReact(11444): ReactHost{0}.registerSegment(segmentId = "1252", path = "/data/user/0/so.onekey.app.wallet/files/onekey-builtin-segments/1.0.0/segments/components.primitives.Icon.react.outline.ArrowTop.seg.hbc"): Schedule
04-18 11:40:22.904 W/unknown:BridgelessReact(11444): ReactHost{0}.registerSegment(segmentId = "1252", path = "/data/user/0/so.onekey.app.wallet/files/onekey-builtin-segments/1.0.0/segments/components.primitives.Icon.react.outline.ArrowTop.seg.hbc"): Execute
04-18 11:40:22.904 I/SharedRPC(11444): notifyOtherRuntime: callId=onekey:bg:req:25, listeners=2, callerRt=0xb4007b5c7b8f4cd0
04-18 11:40:22.906 I/SharedRPC(11444):   listener: id=main, rt=0xb4007b5c7b8f4cd0, hasCallback=1
04-18 11:40:22.906 I/SharedRPC(11444):   listener: id=background, rt=0xb4007b5c7b8f98f0, hasCallback=1
04-18 11:40:22.906 I/SharedRPC(11444):   toNotify count: 1
04-18 11:40:22.906 I/SharedRPC(11444):   invoking executor for callId=onekey:bg:req:25
04-18 11:40:22.906 I/BackgroundThread(11444): executor: calling scheduleOnJSThread(isMain=0, workId=154)
04-18 11:40:22.906 W/Paint   (11444): The elegant text height cannot be turned off.
04-18 11:40:22.907 W/unknown:BridgelessReact(11444): ReactHost{0}.registerSegment(segmentId = "1238", path = "/data/user/0/so.onekey.app.wallet/files/onekey-builtin-segments/1.0.0/segments/components.primitives.Icon.react.outline.ArrowBottom.seg.hbc"): Schedule
04-18 11:40:22.907 W/unknown:BridgelessReact(11444): ReactHost{0}.registerSegment(segmentId = "1238", path = "/data/user/0/so.onekey.app.wallet/files/onekey-builtin-segments/1.0.0/segments/components.primitives.Icon.react.outline.ArrowBottom.seg.hbc"): Execute
04-18 11:40:22.907 I/SharedRPC(11444):   cb->call succeeded for callId=onekey:bg:req:20
04-18 11:40:22.907 W/unknown:BridgelessReact(11444): ReactHost{0}.registerSegment(segmentId = "1546", path = "/data/user/0/so.onekey.app.wallet/files/onekey-builtin-segments/1.0.0/segments/components.primitives.Icon.react.outline.DotHor.seg.hbc"): Schedule
04-18 11:40:22.907 W/unknown:BridgelessReact(11444): ReactHost{0}.registerSegment(segmentId = "1546", path = "/data/user/0/so.onekey.app.wallet/files/onekey-builtin-segments/1.0.0/segments/components.primitives.Icon.react.outline.DotHor.seg.hbc"): Execute
04-18 11:40:22.908 I/BackgroundThread(11444): nativeExecuteWork: runtimePtr=-5476241509742307088, workId=148
04-18 11:40:22.908 I/SharedRPC(11444):   executor work running for callId=onekey:bg:req:21
04-18 11:40:22.908 I/SharedRPC(11444):   cb->call succeeded for callId=onekey:bg:req:21
04-18 11:40:22.908 I/SharedRPC(11444): notifyOtherRuntime: callId=onekey:bg:res:21, listeners=2, callerRt=0xb4007b5c7b8f98f0
04-18 11:40:22.908 I/SharedRPC(11444):   listener: id=main, rt=0xb4007b5c7b8f4cd0, hasCallback=1
04-18 11:40:22.908 I/SharedRPC(11444):   listener: id=background, rt=0xb4007b5c7b8f98f0, hasCallback=1
04-18 11:40:22.908 I/SharedRPC(11444):   toNotify count: 1
04-18 11:40:22.908 I/SharedRPC(11444):   invoking executor for callId=onekey:bg:res:21
04-18 11:40:22.908 I/BackgroundThread(11444): executor: calling scheduleOnJSThread(isMain=1, workId=155)
04-18 11:40:22.908 I/BackgroundThread(11444): nativeExecuteWork: runtimePtr=-5476241509742307088, workId=150
04-18 11:40:22.908 I/SharedRPC(11444):   executor work running for callId=onekey:bg:req:22
04-18 11:40:22.908 I/SharedRPC(11444):   cb->call succeeded for callId=onekey:bg:req:22
04-18 11:40:22.908 I/SharedRPC(11444): notifyOtherRuntime: callId=onekey:bg:res:22, listeners=2, callerRt=0xb4007b5c7b8f98f0
04-18 11:40:22.908 I/SharedRPC(11444):   listener: id=main, rt=0xb4007b5c7b8f4cd0, hasCallback=1
04-18 11:40:22.908 I/SharedRPC(11444):   listener: id=background, rt=0xb4007b5c7b8f98f0, hasCallback=1
04-18 11:40:22.908 I/SharedRPC(11444):   toNotify count: 1
04-18 11:40:22.908 I/SharedRPC(11444):   invoking executor for callId=onekey:bg:res:22
04-18 11:40:22.908 I/BackgroundThread(11444): executor: calling scheduleOnJSThread(isMain=1, workId=156)
04-18 11:40:22.908 I/BackgroundThread(11444): nativeExecuteWork: runtimePtr=-5476241509742307088, workId=152
04-18 11:40:22.908 I/SharedRPC(11444):   executor work running for callId=onekey:bg:req:23
04-18 11:40:22.908 D/AutofillManager(11444): view not autofillable - not passing ime action check
04-18 11:40:22.908 I/SharedRPC(11444):   cb->call succeeded for callId=onekey:bg:req:23
04-18 11:40:22.908 D/AutofillManager(11444): view not autofillable - not passing ime action check
04-18 11:40:22.908 I/SharedRPC(11444): notifyOtherRuntime: callId=onekey:bg:res:23, listeners=2, callerRt=0xb4007b5c7b8f98f0
04-18 11:40:22.908 I/SharedRPC(11444):   listener: id=main, rt=0xb4007b5c7b8f4cd0, hasCallback=1
04-18 11:40:22.908 I/SharedRPC(11444):   listener: id=background, rt=0xb4007b5c7b8f98f0, hasCallback=1
04-18 11:40:22.908 I/SharedRPC(11444):   toNotify count: 1
04-18 11:40:22.908 I/SharedRPC(11444):   invoking executor for callId=onekey:bg:res:23
04-18 11:40:22.908 I/BackgroundThread(11444): executor: calling scheduleOnJSThread(isMain=1, workId=157)
04-18 11:40:22.909 I/BackgroundThread(11444): nativeExecuteWork: runtimePtr=-5476241509742307088, workId=153
04-18 11:40:22.909 I/SharedRPC(11444):   executor work running for callId=onekey:bg:req:24
04-18 11:40:22.909 I/SharedRPC(11444):   cb->call succeeded for callId=onekey:bg:req:24
04-18 11:40:22.909 I/SharedRPC(11444): notifyOtherRuntime: callId=onekey:bg:jotai:60, listeners=2, callerRt=0xb4007b5c7b8f98f0
04-18 11:40:22.909 I/SharedRPC(11444):   listener: id=main, rt=0xb4007b5c7b8f4cd0, hasCallback=1
04-18 11:40:22.909 I/SharedRPC(11444):   listener: id=background, rt=0xb4007b5c7b8f98f0, hasCallback=1
04-18 11:40:22.909 I/SharedRPC(11444):   toNotify count: 1
04-18 11:40:22.909 I/SharedRPC(11444):   invoking executor for callId=onekey:bg:jotai:60
04-18 11:40:22.909 I/BackgroundThread(11444): executor: calling scheduleOnJSThread(isMain=1, workId=158)
04-18 11:40:22.909 I/SharedRPC(11444): notifyOtherRuntime: callId=onekey:bg:res:24, listeners=2, callerRt=0xb4007b5c7b8f98f0
04-18 11:40:22.909 I/SharedRPC(11444):   listener: id=main, rt=0xb4007b5c7b8f4cd0, hasCallback=1
04-18 11:40:22.909 I/SharedRPC(11444):   listener: id=background, rt=0xb4007b5c7b8f98f0, hasCallback=1
04-18 11:40:22.909 I/SharedRPC(11444):   toNotify count: 1
04-18 11:40:22.909 I/SharedRPC(11444):   invoking executor for callId=onekey:bg:res:24
04-18 11:40:22.909 I/BackgroundThread(11444): executor: calling scheduleOnJSThread(isMain=1, workId=159)
04-18 11:40:22.909 I/BackgroundThread(11444): nativeExecuteWork: runtimePtr=-5476241509742307088, workId=154
04-18 11:40:22.909 I/SharedRPC(11444):   executor work running for callId=onekey:bg:req:25
04-18 11:40:22.909 I/SharedRPC(11444):   cb->call succeeded for callId=onekey:bg:req:25
04-18 11:40:22.909 I/SharedRPC(11444): notifyOtherRuntime: callId=onekey:bg:res:20, listeners=2, callerRt=0xb4007b5c7b8f98f0
04-18 11:40:22.909 I/SharedRPC(11444):   listener: id=main, rt=0xb4007b5c7b8f4cd0, hasCallback=1
04-18 11:40:22.909 I/SharedRPC(11444):   listener: id=background, rt=0xb4007b5c7b8f98f0, hasCallback=1
04-18 11:40:22.909 I/SharedRPC(11444):   toNotify count: 1
04-18 11:40:22.909 I/SharedRPC(11444):   invoking executor for callId=onekey:bg:res:20
04-18 11:40:22.909 I/BackgroundThread(11444): executor: calling scheduleOnJSThread(isMain=1, workId=160)
04-18 11:40:22.909 I/SharedRPC(11444): notifyOtherRuntime: callId=onekey:bg:res:25, listeners=2, callerRt=0xb4007b5c7b8f98f0
04-18 11:40:22.909 I/SharedRPC(11444):   listener: id=main, rt=0xb4007b5c7b8f4cd0, hasCallback=1
04-18 11:40:22.909 I/SharedRPC(11444):   listener: id=background, rt=0xb4007b5c7b8f98f0, hasCallback=1
04-18 11:40:22.909 I/SharedRPC(11444):   toNotify count: 1
04-18 11:40:22.909 I/SharedRPC(11444):   invoking executor for callId=onekey:bg:res:25
04-18 11:40:22.909 I/BackgroundThread(11444): executor: calling scheduleOnJSThread(isMain=1, workId=161)
04-18 11:40:22.914 D/nativeloader(11569): Load /data/app/~~nmNrNuBFL2aLb4kb73vgZw==/so.onekey.app.wallet-LV-mgcdWVvW0A-tB5hF4XA==/base.apk!/lib/arm64-v8a/libc++_shared.so using class loader ns clns-9 (caller=/data/app/~~nmNrNuBFL2aLb4kb73vgZw==/so.onekey.app.wallet-LV-mgcdWVvW0A-tB5hF4XA==/base.apk!classes3.dex): ok
04-18 11:40:22.919 D/nativeloader(11569): Load /data/app/~~nmNrNuBFL2aLb4kb73vgZw==/so.onekey.app.wallet-LV-mgcdWVvW0A-tB5hF4XA==/base.apk!/lib/arm64-v8a/libjsi.so using class loader ns clns-9 (caller=/data/app/~~nmNrNuBFL2aLb4kb73vgZw==/so.onekey.app.wallet-LV-mgcdWVvW0A-tB5hF4XA==/base.apk!classes3.dex): ok
04-18 11:40:22.924 D/nativeloader(11569): Load /data/app/~~nmNrNuBFL2aLb4kb73vgZw==/so.onekey.app.wallet-LV-mgcdWVvW0A-tB5hF4XA==/base.apk!/lib/arm64-v8a/libfbjni.so using class loader ns clns-9 (caller=/data/app/~~nmNrNuBFL2aLb4kb73vgZw==/so.onekey.app.wallet-LV-mgcdWVvW0A-tB5hF4XA==/base.apk!classes3.dex): ok
04-18 11:40:22.924 I/SharedRPC(11444): notifyOtherRuntime: callId=onekey:bg:req:26, listeners=2, callerRt=0xb4007b5c7b8f4cd0
04-18 11:40:22.924 I/SharedRPC(11444):   listener: id=main, rt=0xb4007b5c7b8f4cd0, hasCallback=1
04-18 11:40:22.924 I/SharedRPC(11444):   listener: id=background, rt=0xb4007b5c7b8f98f0, hasCallback=1
04-18 11:40:22.924 I/SharedRPC(11444):   toNotify count: 1
04-18 11:40:22.924 I/SharedRPC(11444):   invoking executor for callId=onekey:bg:req:26
04-18 11:40:22.924 I/BackgroundThread(11444): executor: calling scheduleOnJSThread(isMain=0, workId=162)
04-18 11:40:22.924 I/SharedRPC(11444): notifyOtherRuntime: callId=onekey:bg:req:27, listeners=2, callerRt=0xb4007b5c7b8f4cd0
04-18 11:40:22.924 I/SharedRPC(11444):   listener: id=main, rt=0xb4007b5c7b8f4cd0, hasCallback=1
04-18 11:40:22.924 I/SharedRPC(11444):   listener: id=background, rt=0xb4007b5c7b8f98f0, hasCallback=1
04-18 11:40:22.924 I/SharedRPC(11444):   toNotify count: 1
04-18 11:40:22.924 I/SharedRPC(11444):   invoking executor for callId=onekey:bg:req:27
04-18 11:40:22.924 I/BackgroundThread(11444): executor: calling scheduleOnJSThread(isMain=0, workId=163)
04-18 11:40:22.924 D/nativeloader(11569): Load /data/app/~~nmNrNuBFL2aLb4kb73vgZw==/so.onekey.app.wallet-LV-mgcdWVvW0A-tB5hF4XA==/base.apk!/lib/arm64-v8a/libreactnative.so using class loader ns clns-9 (caller=/data/app/~~nmNrNuBFL2aLb4kb73vgZw==/so.onekey.app.wallet-LV-mgcdWVvW0A-tB5hF4XA==/base.apk!classes3.dex): ok
04-18 11:40:22.925 D/jni_lib_merge(11569): Entering merged library JNI_OnLoad.
04-18 11:40:22.925 D/jni_lib_merge(11569): Preparing 12 pre-merged libs (including stub)
04-18 11:40:22.925 D/jni_lib_merge(11569): Preparing to register libfabricjni_so.  onload_func: 0x7b5a88ed6edc
04-18 11:40:22.925 D/jni_lib_merge(11569): Preparing to register libreact_devsupportjni_so.  onload_func: 0x7b5a88fa7f40
04-18 11:40:22.925 D/jni_lib_merge(11569): Preparing to register libreact_featureflagsjni_so.  onload_func: 0x7b5a88fba9f8
04-18 11:40:22.925 D/jni_lib_merge(11569): Preparing to register libreact_newarchdefaults_so.  onload_func: 0x7b5a88fdfe30
04-18 11:40:22.925 D/jni_lib_merge(11569): Preparing to register libreactnativeblob_so.  onload_func: 0x7b5a890725b0
04-18 11:40:22.925 D/jni_lib_merge(11569): Preparing to register libreactnativejni_so.  onload_func: 0x7b5a8908cb24
04-18 11:40:22.925 D/jni_lib_merge(11569): Preparing to register libreactnativejni_common_so.  onload_func: 0x7b5a89093458
04-18 11:40:22.925 D/jni_lib_merge(11569): Preparing to register librninstance_so.  onload_func: 0x7b5a890af070
04-18 11:40:22.925 D/jni_lib_merge(11569): Preparing to register libturbomodulejsijni_so.  onload_func: 0x7b5a891471a4
04-18 11:40:22.925 D/jni_lib_merge(11569): Preparing to register libuimanagerjni_so.  onload_func: 0x7b5a8914e7e0
04-18 11:40:22.925 D/jni_lib_merge(11569): Preparing to register libyoga_so.  onload_func: 0x7b5a89155da4
04-18 11:40:22.925 D/jni_lib_merge(11569): About to register 11 actual methods.
04-18 11:40:22.928 I/BackgroundThread(11444): nativeExecuteWork: runtimePtr=-5476241509742307088, workId=162
04-18 11:40:22.928 I/SharedRPC(11444):   executor work running for callId=onekey:bg:req:26
04-18 11:40:22.928 I/SharedRPC(11444):   cb->call succeeded for callId=onekey:bg:req:26
04-18 11:40:22.928 I/SharedRPC(11444): notifyOtherRuntime: callId=onekey:bg:jotai:61, listeners=2, callerRt=0xb4007b5c7b8f98f0
04-18 11:40:22.928 I/SharedRPC(11444):   listener: id=main, rt=0xb4007b5c7b8f4cd0, hasCallback=1
04-18 11:40:22.928 I/SharedRPC(11444):   listener: id=background, rt=0xb4007b5c7b8f98f0, hasCallback=1
04-18 11:40:22.928 I/SharedRPC(11444):   toNotify count: 1
04-18 11:40:22.928 I/SharedRPC(11444):   invoking executor for callId=onekey:bg:jotai:61
04-18 11:40:22.928 I/BackgroundThread(11444): executor: calling scheduleOnJSThread(isMain=1, workId=164)
04-18 11:40:22.928 I/SharedRPC(11444): notifyOtherRuntime: callId=onekey:bg:res:26, listeners=2, callerRt=0xb4007b5c7b8f98f0
04-18 11:40:22.928 I/SharedRPC(11444):   listener: id=main, rt=0xb4007b5c7b8f4cd0, hasCallback=1
04-18 11:40:22.928 I/SharedRPC(11444):   listener: id=background, rt=0xb4007b5c7b8f98f0, hasCallback=1
04-18 11:40:22.928 I/SharedRPC(11444):   toNotify count: 1
04-18 11:40:22.928 I/SharedRPC(11444):   invoking executor for callId=onekey:bg:res:26
04-18 11:40:22.928 I/BackgroundThread(11444): executor: calling scheduleOnJSThread(isMain=1, workId=165)
04-18 11:40:22.928 I/BackgroundThread(11444): nativeExecuteWork: runtimePtr=-5476241509742307088, workId=163
04-18 11:40:22.928 I/SharedRPC(11444):   executor work running for callId=onekey:bg:req:27
04-18 11:40:22.928 I/SharedRPC(11444):   cb->call succeeded for callId=onekey:bg:req:27
04-18 11:40:22.928 I/SharedRPC(11444): notifyOtherRuntime: callId=onekey:bg:jotai:62, listeners=2, callerRt=0xb4007b5c7b8f98f0
04-18 11:40:22.928 I/SharedRPC(11444):   listener: id=main, rt=0xb4007b5c7b8f4cd0, hasCallback=1
04-18 11:40:22.928 I/SharedRPC(11444):   listener: id=background, rt=0xb4007b5c7b8f98f0, hasCallback=1
04-18 11:40:22.928 I/SharedRPC(11444):   toNotify count: 1
04-18 11:40:22.928 I/SharedRPC(11444):   invoking executor for callId=onekey:bg:jotai:62
04-18 11:40:22.928 I/BackgroundThread(11444): executor: calling scheduleOnJSThread(isMain=1, workId=166)
04-18 11:40:22.928 I/SharedRPC(11444): notifyOtherRuntime: callId=onekey:bg:res:27, listeners=2, callerRt=0xb4007b5c7b8f98f0
04-18 11:40:22.928 I/SharedRPC(11444):   listener: id=main, rt=0xb4007b5c7b8f4cd0, hasCallback=1
04-18 11:40:22.928 I/SharedRPC(11444):   listener: id=background, rt=0xb4007b5c7b8f98f0, hasCallback=1
04-18 11:40:22.928 I/SharedRPC(11444):   toNotify count: 1
04-18 11:40:22.928 I/SharedRPC(11444):   invoking executor for callId=onekey:bg:res:27
04-18 11:40:22.928 I/BackgroundThread(11444): executor: calling scheduleOnJSThread(isMain=1, workId=167)
04-18 11:40:22.929 I/BackgroundThread(11444): nativeExecuteWork: runtimePtr=-5476241509742326576, workId=134
04-18 11:40:22.929 I/SharedRPC(11444):   executor work running for callId=onekey:bg:jotai:57
04-18 11:40:22.929 I/SharedRPC(11444):   cb->call succeeded for callId=onekey:bg:jotai:57
04-18 11:40:22.929 I/BackgroundThread(11444): nativeExecuteWork: runtimePtr=-5476241509742326576, workId=135
04-18 11:40:22.929 I/SharedRPC(11444):   executor work running for callId=onekey:bg:res:17
04-18 11:40:22.929 I/SharedRPC(11444):   cb->call succeeded for callId=onekey:bg:res:17
04-18 11:40:22.929 I/BackgroundThread(11444): nativeExecuteWork: runtimePtr=-5476241509742326576, workId=137
04-18 11:40:22.929 I/SharedRPC(11444):   executor work running for callId=onekey:bg:res:15
04-18 11:40:22.930 I/SharedRPC(11444):   cb->call succeeded for callId=onekey:bg:res:15
04-18 11:40:22.930 I/BackgroundThread(11444): nativeExecuteWork: runtimePtr=-5476241509742326576, workId=145
04-18 11:40:22.930 I/SharedRPC(11444):   executor work running for callId=onekey:bg:jotai:58
04-18 11:40:22.930 I/SharedRPC(11444):   cb->call succeeded for callId=onekey:bg:jotai:58
04-18 11:40:22.930 I/BackgroundThread(11444): nativeExecuteWork: runtimePtr=-5476241509742326576, workId=147
04-18 11:40:22.930 I/SharedRPC(11444):   executor work running for callId=onekey:bg:res:18
04-18 11:40:22.930 I/SharedRPC(11444):   cb->call succeeded for callId=onekey:bg:res:18
04-18 11:40:22.930 I/BackgroundThread(11444): nativeExecuteWork: runtimePtr=-5476241509742326576, workId=149
04-18 11:40:22.930 I/SharedRPC(11444):   executor work running for callId=onekey:bg:jotai:59
04-18 11:40:22.930 I/SharedRPC(11444):   cb->call succeeded for callId=onekey:bg:jotai:59
04-18 11:40:22.930 I/BackgroundThread(11444): nativeExecuteWork: runtimePtr=-5476241509742326576, workId=151
04-18 11:40:22.930 I/SharedRPC(11444):   executor work running for callId=onekey:bg:res:19
04-18 11:40:22.930 I/SharedRPC(11444):   cb->call succeeded for callId=onekey:bg:res:19
04-18 11:40:22.930 I/BackgroundThread(11444): nativeExecuteWork: runtimePtr=-5476241509742326576, workId=155
04-18 11:40:22.930 I/SharedRPC(11444):   executor work running for callId=onekey:bg:res:21
04-18 11:40:22.930 I/SharedRPC(11444):   cb->call succeeded for callId=onekey:bg:res:21
04-18 11:40:22.930 I/BackgroundThread(11444): nativeExecuteWork: runtimePtr=-5476241509742326576, workId=156
04-18 11:40:22.930 I/SharedRPC(11444):   executor work running for callId=onekey:bg:res:22
04-18 11:40:22.930 I/SharedRPC(11444):   cb->call succeeded for callId=onekey:bg:res:22
04-18 11:40:22.930 I/BackgroundThread(11444): nativeExecuteWork: runtimePtr=-5476241509742326576, workId=157
04-18 11:40:22.930 I/SharedRPC(11444):   executor work running for callId=onekey:bg:res:23
04-18 11:40:22.930 I/SharedRPC(11444):   cb->call succeeded for callId=onekey:bg:res:23
04-18 11:40:22.930 I/BackgroundThread(11444): nativeExecuteWork: runtimePtr=-5476241509742326576, workId=158
04-18 11:40:22.930 I/SharedRPC(11444):   executor work running for callId=onekey:bg:jotai:60
04-18 11:40:22.930 I/SharedRPC(11444):   cb->call succeeded for callId=onekey:bg:jotai:60
04-18 11:40:22.930 I/BackgroundThread(11444): nativeExecuteWork: runtimePtr=-5476241509742326576, workId=159
04-18 11:40:22.930 I/SharedRPC(11444):   executor work running for callId=onekey:bg:res:24
04-18 11:40:22.930 I/SharedRPC(11444):   cb->call succeeded for callId=onekey:bg:res:24
04-18 11:40:22.930 I/BackgroundThread(11444): nativeExecuteWork: runtimePtr=-5476241509742326576, workId=160
04-18 11:40:22.930 I/SharedRPC(11444):   executor work running for callId=onekey:bg:res:20
04-18 11:40:22.931 I/SharedRPC(11444):   cb->call succeeded for callId=onekey:bg:res:20
04-18 11:40:22.931 I/SharedRPC(11444): notifyOtherRuntime: callId=onekey:bg:req:28, listeners=2, callerRt=0xb4007b5c7b8f4cd0
04-18 11:40:22.932 D/nativeloader(11569): Load /data/app/~~nmNrNuBFL2aLb4kb73vgZw==/so.onekey.app.wallet-LV-mgcdWVvW0A-tB5hF4XA==/base.apk!/lib/arm64-v8a/libreact_codegen_rnscreens.so using class loader ns clns-9 (caller=/data/app/~~nmNrNuBFL2aLb4kb73vgZw==/so.onekey.app.wallet-LV-mgcdWVvW0A-tB5hF4XA==/base.apk!classes3.dex): ok
04-18 11:40:22.932 D/jni_lib_merge(11569): Entering merged library JNI_OnLoad.
04-18 11:40:22.932 D/jni_lib_merge(11569): Preparing 12 pre-merged libs (including stub)
04-18 11:40:22.932 D/jni_lib_merge(11569): Preparing to register libfabricjni_so.  onload_func: 0x7b5a88ed6edc
04-18 11:40:22.932 D/jni_lib_merge(11569): Preparing to register libreact_devsupportjni_so.  onload_func: 0x7b5a88fa7f40
04-18 11:40:22.932 D/jni_lib_merge(11569): Preparing to register libreact_featureflagsjni_so.  onload_func: 0x7b5a88fba9f8
04-18 11:40:22.932 D/jni_lib_merge(11569): Preparing to register libreact_newarchdefaults_so.  onload_func: 0x7b5a88fdfe30
04-18 11:40:22.932 D/jni_lib_merge(11569): Preparing to register libreactnativeblob_so.  onload_func: 0x7b5a890725b0
04-18 11:40:22.932 D/jni_lib_merge(11569): Preparing to register libreactnativejni_so.  onload_func: 0x7b5a8908cb24
04-18 11:40:22.932 D/jni_lib_merge(11569): Preparing to register libreactnativejni_common_so.  onload_func: 0x7b5a89093458
04-18 11:40:22.932 D/jni_lib_merge(11569): Preparing to register librninstance_so.  onload_func: 0x7b5a890af070
04-18 11:40:22.932 D/jni_lib_merge(11569): Preparing to register libturbomodulejsijni_so.  onload_func: 0x7b5a891471a4
04-18 11:40:22.932 D/jni_lib_merge(11569): Preparing to register libuimanagerjni_so.  onload_func: 0x7b5a8914e7e0
04-18 11:40:22.932 D/jni_lib_merge(11569): Preparing to register libyoga_so.  onload_func: 0x7b5a89155da4
04-18 11:40:22.932 D/jni_lib_merge(11569): About to register 11 actual methods.
04-18 11:40:22.932 I/SharedRPC(11444):   listener: id=main, rt=0xb4007b5c7b8f4cd0, hasCallback=1
04-18 11:40:22.932 I/SharedRPC(11444):   listener: id=background, rt=0xb4007b5c7b8f98f0, hasCallback=1
04-18 11:40:22.932 I/SharedRPC(11444):   toNotify count: 1
04-18 11:40:22.932 I/SharedRPC(11444):   invoking executor for callId=onekey:bg:req:28
04-18 11:40:22.932 I/BackgroundThread(11444): executor: calling scheduleOnJSThread(isMain=0, workId=168)
04-18 11:40:22.933 I/BackgroundThread(11444): nativeExecuteWork: runtimePtr=-5476241509742326576, workId=161
04-18 11:40:22.933 I/SharedRPC(11444):   executor work running for callId=onekey:bg:res:25
04-18 11:40:22.933 I/BackgroundThread(11444): nativeExecuteWork: runtimePtr=-5476241509742307088, workId=168
04-18 11:40:22.933 I/SharedRPC(11444):   executor work running for callId=onekey:bg:req:28
04-18 11:40:22.933 I/SharedRPC(11444):   cb->call succeeded for callId=onekey:bg:res:25
04-18 11:40:22.933 I/SharedRPC(11444): notifyOtherRuntime: callId=onekey:bg:req:29, listeners=2, callerRt=0xb4007b5c7b8f4cd0
04-18 11:40:22.933 I/SharedRPC(11444):   listener: id=main, rt=0xb4007b5c7b8f4cd0, hasCallback=1
04-18 11:40:22.933 I/SharedRPC(11444):   listener: id=background, rt=0xb4007b5c7b8f98f0, hasCallback=1
04-18 11:40:22.933 I/SharedRPC(11444):   toNotify count: 1
04-18 11:40:22.933 I/SharedRPC(11444):   invoking executor for callId=onekey:bg:req:29
04-18 11:40:22.933 I/BackgroundThread(11444): executor: calling scheduleOnJSThread(isMain=0, workId=169)
04-18 11:40:22.933 I/SharedRPC(11444):   cb->call succeeded for callId=onekey:bg:req:28
04-18 11:40:22.933 I/BackgroundThread(11444): nativeExecuteWork: runtimePtr=-5476241509742326576, workId=164
04-18 11:40:22.933 I/SharedRPC(11444):   executor work running for callId=onekey:bg:jotai:61
04-18 11:40:22.933 I/SharedRPC(11444):   cb->call succeeded for callId=onekey:bg:jotai:61
04-18 11:40:22.933 I/BackgroundThread(11444): nativeExecuteWork: runtimePtr=-5476241509742326576, workId=165
04-18 11:40:22.933 I/SharedRPC(11444):   executor work running for callId=onekey:bg:res:26
04-18 11:40:22.933 I/SharedRPC(11444):   cb->call succeeded for callId=onekey:bg:res:26
04-18 11:40:22.933 I/BackgroundThread(11444): nativeExecuteWork: runtimePtr=-5476241509742326576, workId=166
04-18 11:40:22.933 I/SharedRPC(11444):   executor work running for callId=onekey:bg:jotai:62
04-18 11:40:22.933 I/SharedRPC(11444):   cb->call succeeded for callId=onekey:bg:jotai:62
04-18 11:40:22.933 I/BackgroundThread(11444): nativeExecuteWork: runtimePtr=-5476241509742326576, workId=167
04-18 11:40:22.933 I/SharedRPC(11444):   executor work running for callId=onekey:bg:res:27
04-18 11:40:22.933 I/SharedRPC(11444):   cb->call succeeded for callId=onekey:bg:res:27
04-18 11:40:22.934 I/RealmScheduler(11444): is_on_thread: this=0xb4007b5d1ba441a8, m_id=135627699340544, cur=135627699340544, result=1
04-18 11:40:22.934 I/RealmScheduler(11444): is_on_thread: this=0xb4007b5d1ba441a8, m_id=135627699340544, cur=135627699340544, result=1
04-18 11:40:22.934 I/RealmScheduler(11444): is_on_thread: this=0xb4007b5d1ba441a8, m_id=135627699340544, cur=135627699340544, result=1
04-18 11:40:22.934 I/SharedRPC(11444): notifyOtherRuntime: callId=onekey:bg:res:28, listeners=2, callerRt=0xb4007b5c7b8f98f0
04-18 11:40:22.934 I/SharedRPC(11444):   listener: id=main, rt=0xb4007b5c7b8f4cd0, hasCallback=1
04-18 11:40:22.934 I/SharedRPC(11444):   listener: id=background, rt=0xb4007b5c7b8f98f0, hasCallback=1
04-18 11:40:22.934 I/SharedRPC(11444):   toNotify count: 1
04-18 11:40:22.934 I/SharedRPC(11444):   invoking executor for callId=onekey:bg:res:28
04-18 11:40:22.934 I/BackgroundThread(11444): executor: calling scheduleOnJSThread(isMain=1, workId=170)
04-18 11:40:22.934 I/BackgroundThread(11444): nativeExecuteWork: runtimePtr=-5476241509742307088, workId=169
04-18 11:40:22.934 I/SharedRPC(11444):   executor work running for callId=onekey:bg:req:29
04-18 11:40:22.934 I/SharedRPC(11444):   cb->call succeeded for callId=onekey:bg:req:29
04-18 11:40:22.936 I/SharedRPC(11444): notifyOtherRuntime: callId=onekey:bg:req:30, listeners=2, callerRt=0xb4007b5c7b8f4cd0
04-18 11:40:22.936 I/SharedRPC(11444):   listener: id=main, rt=0xb4007b5c7b8f4cd0, hasCallback=1
04-18 11:40:22.936 I/SharedRPC(11444):   listener: id=background, rt=0xb4007b5c7b8f98f0, hasCallback=1
04-18 11:40:22.936 I/SharedRPC(11444):   toNotify count: 1
04-18 11:40:22.936 I/SharedRPC(11444):   invoking executor for callId=onekey:bg:req:30
04-18 11:40:22.936 I/BackgroundThread(11444): executor: calling scheduleOnJSThread(isMain=0, workId=171)
04-18 11:40:22.936 I/BackgroundThread(11444): nativeExecuteWork: runtimePtr=-5476241509742326576, workId=170
04-18 11:40:22.936 I/SharedRPC(11444):   executor work running for callId=onekey:bg:res:28
04-18 11:40:22.936 I/SharedRPC(11444):   cb->call succeeded for callId=onekey:bg:res:28
04-18 11:40:22.936 I/SharedRPC(11444): notifyOtherRuntime: callId=onekey:bg:req:31, listeners=2, callerRt=0xb4007b5c7b8f4cd0
04-18 11:40:22.936 I/SharedRPC(11444):   listener: id=main, rt=0xb4007b5c7b8f4cd0, hasCallback=1
04-18 11:40:22.936 I/SharedRPC(11444):   listener: id=background, rt=0xb4007b5c7b8f98f0, hasCallback=1
04-18 11:40:22.936 I/SharedRPC(11444):   toNotify count: 1
04-18 11:40:22.936 I/SharedRPC(11444):   invoking executor for callId=onekey:bg:req:31
04-18 11:40:22.936 I/BackgroundThread(11444): executor: calling scheduleOnJSThread(isMain=0, workId=172)
04-18 11:40:22.936 I/BackgroundThread(11444): nativeExecuteWork: runtimePtr=-5476241509742307088, workId=171
04-18 11:40:22.936 I/SharedRPC(11444):   executor work running for callId=onekey:bg:req:30
04-18 11:40:22.936 D/nativeloader(11569): Load /data/app/~~nmNrNuBFL2aLb4kb73vgZw==/so.onekey.app.wallet-LV-mgcdWVvW0A-tB5hF4XA==/base.apk!/lib/arm64-v8a/libreact_codegen_RNCSlider.so using class loader ns clns-9 (caller=/data/app/~~nmNrNuBFL2aLb4kb73vgZw==/so.onekey.app.wallet-LV-mgcdWVvW0A-tB5hF4XA==/base.apk!classes3.dex): ok
04-18 11:40:22.936 I/SharedRPC(11444):   cb->call succeeded for callId=onekey:bg:req:30
04-18 11:40:22.936 I/BackgroundThread(11444): nativeExecuteWork: runtimePtr=-5476241509742307088, workId=172
04-18 11:40:22.936 I/SharedRPC(11444):   executor work running for callId=onekey:bg:req:31
04-18 11:40:22.937 I/SharedRPC(11444):   cb->call succeeded for callId=onekey:bg:req:31
04-18 11:40:22.937 I/RealmScheduler(11444): is_on_thread: this=0xb4007b5d1ba441a8, m_id=135627699340544, cur=135627699340544, result=1
04-18 11:40:22.937 I/RealmScheduler(11444): is_on_thread: this=0xb4007b5d1ba441a8, m_id=135627699340544, cur=135627699340544, result=1
04-18 11:40:22.937 I/RealmScheduler(11444): is_on_thread: this=0xb4007b5d1ba441a8, m_id=135627699340544, cur=135627699340544, result=1
04-18 11:40:22.937 I/SharedRPC(11444): notifyOtherRuntime: callId=onekey:bg:res:31, listeners=2, callerRt=0xb4007b5c7b8f98f0
04-18 11:40:22.937 I/SharedRPC(11444):   listener: id=main, rt=0xb4007b5c7b8f4cd0, hasCallback=1
04-18 11:40:22.937 I/SharedRPC(11444):   listener: id=background, rt=0xb4007b5c7b8f98f0, hasCallback=1
04-18 11:40:22.937 I/SharedRPC(11444):   toNotify count: 1
04-18 11:40:22.937 I/SharedRPC(11444):   invoking executor for callId=onekey:bg:res:31
04-18 11:40:22.937 I/BackgroundThread(11444): executor: calling scheduleOnJSThread(isMain=1, workId=173)
04-18 11:40:22.938 I/SharedRPC(11444): notifyOtherRuntime: callId=onekey:bg:res:30, listeners=2, callerRt=0xb4007b5c7b8f98f0
04-18 11:40:22.938 I/SharedRPC(11444):   listener: id=main, rt=0xb4007b5c7b8f4cd0, hasCallback=1
04-18 11:40:22.938 I/SharedRPC(11444):   listener: id=background, rt=0xb4007b5c7b8f98f0, hasCallback=1
04-18 11:40:22.938 I/BackgroundThread(11444): nativeExecuteWork: runtimePtr=-5476241509742326576, workId=173
04-18 11:40:22.938 I/SharedRPC(11444):   executor work running for callId=onekey:bg:res:31
04-18 11:40:22.938 I/SharedRPC(11444):   toNotify count: 1
04-18 11:40:22.938 I/SharedRPC(11444):   invoking executor for callId=onekey:bg:res:30
04-18 11:40:22.938 I/BackgroundThread(11444): executor: calling scheduleOnJSThread(isMain=1, workId=174)
04-18 11:40:22.938 I/SharedRPC(11444):   cb->call succeeded for callId=onekey:bg:res:31
04-18 11:40:22.943 D/nativeloader(11569): Load /data/app/~~nmNrNuBFL2aLb4kb73vgZw==/so.onekey.app.wallet-LV-mgcdWVvW0A-tB5hF4XA==/base.apk!/lib/arm64-v8a/libreact_codegen_rnsvg.so using class loader ns clns-9 (caller=/data/app/~~nmNrNuBFL2aLb4kb73vgZw==/so.onekey.app.wallet-LV-mgcdWVvW0A-tB5hF4XA==/base.apk!classes3.dex): ok
04-18 11:40:22.943 D/jni_lib_merge(11569): Entering merged library JNI_OnLoad.
04-18 11:40:22.943 D/jni_lib_merge(11569): Preparing 12 pre-merged libs (including stub)
04-18 11:40:22.943 D/jni_lib_merge(11569): Preparing to register libfabricjni_so.  onload_func: 0x7b5a88ed6edc
04-18 11:40:22.943 D/jni_lib_merge(11569): Preparing to register libreact_devsupportjni_so.  onload_func: 0x7b5a88fa7f40
04-18 11:40:22.943 D/jni_lib_merge(11569): Preparing to register libreact_featureflagsjni_so.  onload_func: 0x7b5a88fba9f8
04-18 11:40:22.943 D/jni_lib_merge(11569): Preparing to register libreact_newarchdefaults_so.  onload_func: 0x7b5a88fdfe30
04-18 11:40:22.943 D/jni_lib_merge(11569): Preparing to register libreactnativeblob_so.  onload_func: 0x7b5a890725b0
04-18 11:40:22.943 D/jni_lib_merge(11569): Preparing to register libreactnativejni_so.  onload_func: 0x7b5a8908cb24
04-18 11:40:22.943 D/jni_lib_merge(11569): Preparing to register libreactnativejni_common_so.  onload_func: 0x7b5a89093458
04-18 11:40:22.943 D/jni_lib_merge(11569): Preparing to register librninstance_so.  onload_func: 0x7b5a890af070
04-18 11:40:22.943 D/jni_lib_merge(11569): Preparing to register libturbomodulejsijni_so.  onload_func: 0x7b5a891471a4
04-18 11:40:22.943 D/jni_lib_merge(11569): Preparing to register libuimanagerjni_so.  onload_func: 0x7b5a8914e7e0
04-18 11:40:22.943 D/jni_lib_merge(11569): Preparing to register libyoga_so.  onload_func: 0x7b5a89155da4
04-18 11:40:22.943 D/jni_lib_merge(11569): About to register 11 actual methods.
04-18 11:40:22.943 I/SharedRPC(11444): notifyOtherRuntime: callId=onekey:bg:res:29, listeners=2, callerRt=0xb4007b5c7b8f98f0
04-18 11:40:22.943 I/SharedRPC(11444):   listener: id=main, rt=0xb4007b5c7b8f4cd0, hasCallback=1
04-18 11:40:22.943 I/SharedRPC(11444):   listener: id=background, rt=0xb4007b5c7b8f98f0, hasCallback=1
